Archive member included to satisfy reference by file (symbol)

C:/ST/STM32CubeIDE_1.15.0/STM32CubeIDE/plugins/com.st.stm32cube.ide.mcu.externaltools.gnu-tools-for-stm32.12.3.rel1.win32_1.1.0.202410251130/tools/bin/../lib/gcc/arm-none-eabi/12.3.1/../../../../arm-none-eabi/lib/thumb/v7e-m/nofp\libc_nano.a(libc_a-exit.o)
                              C:/ST/STM32CubeIDE_1.15.0/STM32CubeIDE/plugins/com.st.stm32cube.ide.mcu.externaltools.gnu-tools-for-stm32.12.3.rel1.win32_1.1.0.202410251130/tools/bin/../lib/gcc/arm-none-eabi/12.3.1/../../../../arm-none-eabi/lib/thumb/v7e-m/nofp/crt0.o (exit)
C:/ST/STM32CubeIDE_1.15.0/STM32CubeIDE/plugins/com.st.stm32cube.ide.mcu.externaltools.gnu-tools-for-stm32.12.3.rel1.win32_1.1.0.202410251130/tools/bin/../lib/gcc/arm-none-eabi/12.3.1/../../../../arm-none-eabi/lib/thumb/v7e-m/nofp\libc_nano.a(libc_a-findfp.o)
                              C:/ST/STM32CubeIDE_1.15.0/STM32CubeIDE/plugins/com.st.stm32cube.ide.mcu.externaltools.gnu-tools-for-stm32.12.3.rel1.win32_1.1.0.202410251130/tools/bin/../lib/gcc/arm-none-eabi/12.3.1/../../../../arm-none-eabi/lib/thumb/v7e-m/nofp\libc_nano.a(libc_a-exit.o) (__stdio_exit_handler)
C:/ST/STM32CubeIDE_1.15.0/STM32CubeIDE/plugins/com.st.stm32cube.ide.mcu.externaltools.gnu-tools-for-stm32.12.3.rel1.win32_1.1.0.202410251130/tools/bin/../lib/gcc/arm-none-eabi/12.3.1/../../../../arm-none-eabi/lib/thumb/v7e-m/nofp\libc_nano.a(libc_a-fwalk.o)
                              C:/ST/STM32CubeIDE_1.15.0/STM32CubeIDE/plugins/com.st.stm32cube.ide.mcu.externaltools.gnu-tools-for-stm32.12.3.rel1.win32_1.1.0.202410251130/tools/bin/../lib/gcc/arm-none-eabi/12.3.1/../../../../arm-none-eabi/lib/thumb/v7e-m/nofp\libc_nano.a(libc_a-findfp.o) (_fwalk_sglue)
C:/ST/STM32CubeIDE_1.15.0/STM32CubeIDE/plugins/com.st.stm32cube.ide.mcu.externaltools.gnu-tools-for-stm32.12.3.rel1.win32_1.1.0.202410251130/tools/bin/../lib/gcc/arm-none-eabi/12.3.1/../../../../arm-none-eabi/lib/thumb/v7e-m/nofp\libc_nano.a(libc_a-stdio.o)
                              C:/ST/STM32CubeIDE_1.15.0/STM32CubeIDE/plugins/com.st.stm32cube.ide.mcu.externaltools.gnu-tools-for-stm32.12.3.rel1.win32_1.1.0.202410251130/tools/bin/../lib/gcc/arm-none-eabi/12.3.1/../../../../arm-none-eabi/lib/thumb/v7e-m/nofp\libc_nano.a(libc_a-findfp.o) (__sread)
C:/ST/STM32CubeIDE_1.15.0/STM32CubeIDE/plugins/com.st.stm32cube.ide.mcu.externaltools.gnu-tools-for-stm32.12.3.rel1.win32_1.1.0.202410251130/tools/bin/../lib/gcc/arm-none-eabi/12.3.1/../../../../arm-none-eabi/lib/thumb/v7e-m/nofp\libc_nano.a(libc_a-memset.o)
                              C:/ST/STM32CubeIDE_1.15.0/STM32CubeIDE/plugins/com.st.stm32cube.ide.mcu.externaltools.gnu-tools-for-stm32.12.3.rel1.win32_1.1.0.202410251130/tools/bin/../lib/gcc/arm-none-eabi/12.3.1/../../../../arm-none-eabi/lib/thumb/v7e-m/nofp/crt0.o (memset)
C:/ST/STM32CubeIDE_1.15.0/STM32CubeIDE/plugins/com.st.stm32cube.ide.mcu.externaltools.gnu-tools-for-stm32.12.3.rel1.win32_1.1.0.202410251130/tools/bin/../lib/gcc/arm-none-eabi/12.3.1/../../../../arm-none-eabi/lib/thumb/v7e-m/nofp\libc_nano.a(libc_a-closer.o)
                              C:/ST/STM32CubeIDE_1.15.0/STM32CubeIDE/plugins/com.st.stm32cube.ide.mcu.externaltools.gnu-tools-for-stm32.12.3.rel1.win32_1.1.0.202410251130/tools/bin/../lib/gcc/arm-none-eabi/12.3.1/../../../../arm-none-eabi/lib/thumb/v7e-m/nofp\libc_nano.a(libc_a-stdio.o) (_close_r)
C:/ST/STM32CubeIDE_1.15.0/STM32CubeIDE/plugins/com.st.stm32cube.ide.mcu.externaltools.gnu-tools-for-stm32.12.3.rel1.win32_1.1.0.202410251130/tools/bin/../lib/gcc/arm-none-eabi/12.3.1/../../../../arm-none-eabi/lib/thumb/v7e-m/nofp\libc_nano.a(libc_a-reent.o)
                              C:/ST/STM32CubeIDE_1.15.0/STM32CubeIDE/plugins/com.st.stm32cube.ide.mcu.externaltools.gnu-tools-for-stm32.12.3.rel1.win32_1.1.0.202410251130/tools/bin/../lib/gcc/arm-none-eabi/12.3.1/../../../../arm-none-eabi/lib/thumb/v7e-m/nofp\libc_nano.a(libc_a-closer.o) (errno)
C:/ST/STM32CubeIDE_1.15.0/STM32CubeIDE/plugins/com.st.stm32cube.ide.mcu.externaltools.gnu-tools-for-stm32.12.3.rel1.win32_1.1.0.202410251130/tools/bin/../lib/gcc/arm-none-eabi/12.3.1/../../../../arm-none-eabi/lib/thumb/v7e-m/nofp\libc_nano.a(libc_a-impure.o)
                              C:/ST/STM32CubeIDE_1.15.0/STM32CubeIDE/plugins/com.st.stm32cube.ide.mcu.externaltools.gnu-tools-for-stm32.12.3.rel1.win32_1.1.0.202410251130/tools/bin/../lib/gcc/arm-none-eabi/12.3.1/../../../../arm-none-eabi/lib/thumb/v7e-m/nofp\libc_nano.a(libc_a-reent.o) (_impure_ptr)
C:/ST/STM32CubeIDE_1.15.0/STM32CubeIDE/plugins/com.st.stm32cube.ide.mcu.externaltools.gnu-tools-for-stm32.12.3.rel1.win32_1.1.0.202410251130/tools/bin/../lib/gcc/arm-none-eabi/12.3.1/../../../../arm-none-eabi/lib/thumb/v7e-m/nofp\libc_nano.a(libc_a-lseekr.o)
[...]
Memory Configuration

Name             Origin             Length             Attributes
RAM              0x20000000         0x00018000         xrw
RAM2             0x10000000         0x00008000         xrw
FLASH            0x08000000         0x00100000         xr
*default*        0x00000000         0xffffffff

Linker script and memory map

LOAD C:/ST/STM32CubeIDE_1.15.0/STM32CubeIDE/plugins/com.st.stm32cube.ide.mcu.externaltools.gnu-tools-for-stm32.12.3.rel1.win32_1.1.0.202410251130/tools/bin/../lib/gcc/arm-none-eabi/12.3.1/thumb/v7e-m/nofp/crti.o
LOAD C:/ST/STM32CubeIDE_1.15.0/STM32CubeIDE/plugins/com.st.stm32cube.ide.mcu.externaltools.gnu-tools-for-stm32.12.3.rel1.win32_1.1.0.202410251130/tools/bin/../lib/gcc/arm-none-eabi/12.3.1/thumb/v7e-m/nofp/crtbegin.o
LOAD C:/ST/STM32CubeIDE_1.15.0/STM32CubeIDE/plugins/com.st.stm32cube.ide.mcu.externaltools.gnu-tools-for-stm32.12.3.rel1.win32_1.1.0.202410251130/tools/bin/../lib/gcc/arm-none-eabi/12.3.1/../../../../arm-none-eabi/lib/thumb/v7e-m/nofp/crt0.o
LOAD ./Core/Src/kernel.o
LOAD ./Core/Src/main.o
LOAD ./Core/Src/stm32l4xx_hal_msp.o
LOAD ./Core/Src/stm32l4xx_it.o
LOAD ./Core/Src/syscalls.o
LOAD ./Core/Src/sysmem.o
LOAD ./Core/Src/system_stm32l4xx.o
LOAD ./Core/Startup/startup_stm32l475vgtx.o
LOAD ./Drivers/STM32L4xx_HAL_Driver/Src/stm32l4xx_hal.o
LOAD ./Drivers/STM32L4xx_HAL_Driver/Src/stm32l4xx_hal_cortex.o
LOAD ./Drivers/STM32L4xx_HAL_Driver/Src/stm32l4xx_hal_dfsdm.o
LOAD ./Drivers/STM32L4xx_HAL_Driver/Src/stm32l4xx_hal_dma.o
LOAD ./Drivers/STM32L4xx_HAL_Driver/Src/stm32l4xx_hal_dma_ex.o
LOAD ./Drivers/STM32L4xx_HAL_Driver/Src/stm32l4xx_hal_exti.o
LOAD ./Drivers/STM32L4xx_HAL_Driver/Src/stm32l4xx_hal_flash.o
LOAD ./Drivers/STM32L4xx_HAL_Driver/Src/stm32l4xx_hal_flash_ex.o
LOAD ./Drivers/STM32L4xx_HAL_Driver/Src/stm32l4xx_hal_flash_ramfunc.o
LOAD ./Drivers/STM32L4xx_HAL_Driver/Src/stm32l4xx_hal_gpio.o
LOAD ./Drivers/STM32L4xx_HAL_Driver/Src/stm32l4xx_hal_i2c.o
LOAD ./Drivers/STM32L4xx_HAL_Driver/Src/stm32l4xx_hal_i2c_ex.o
LOAD ./Drivers/STM32L4xx_HAL_Driver/Src/stm32l4xx_hal_pcd.o
LOAD ./Drivers/STM32L4xx_HAL_Driver/Src/stm32l4xx_hal_pcd_ex.o
LOAD ./Drivers/STM32L4xx_HAL_Driver/Src/stm32l4xx_hal_pwr.o
LOAD ./Drivers/STM32L4xx_HAL_Driver/Src/stm32l4xx_hal_pwr_ex.o
LOAD ./Drivers/STM32L4xx_HAL_Driver/Src/stm32l4xx_hal_qspi.o
LOAD ./Drivers/STM32L4xx_HAL_Driver/Src/stm32l4xx_hal_rcc.o
LOAD ./Drivers/STM32L4xx_HAL_Driver/Src/stm32l4xx_hal_rcc_ex.o
LOAD ./Drivers/STM32L4xx_HAL_Driver/Src/stm32l4xx_hal_spi.o
LOAD ./Drivers/STM32L4xx_HAL_Driver/Src/stm32l4xx_hal_spi_ex.o
LOAD ./Drivers/STM32L4xx_HAL_Driver/Src/stm32l4xx_hal_uart.o
LOAD ./Drivers/STM32L4xx_HAL_Driver/Src/stm32l4xx_hal_uart_ex.o
LOAD ./Drivers/STM32L4xx_HAL_Driver/Src/stm32l4xx_ll_usb.o
START GROUP
LOAD C:/ST/STM32CubeIDE_1.15.0/STM32CubeIDE/plugins/com.st.stm32cube.ide.mcu.externaltools.gnu-tools-for-stm32.12.3.rel1.win32_1.1.0.202410251130/tools/bin/../lib/gcc/arm-none-eabi/12.3.1/../../../../arm-none-eabi/lib/thumb/v7e-m/nofp\libc_nano.a
LOAD C:/ST/STM32CubeIDE_1.15.0/STM32CubeIDE/plugins/com.st.stm32cube.ide.mcu.externaltools.gnu-tools-for-stm32.12.3.rel1.win32_1.1.0.202410251130/tools/bin/../lib/gcc/arm-none-eabi/12.3.1/../../../../arm-none-eabi/lib/thumb/v7e-m/nofp\libm.a
END GROUP
START GROUP
LOAD C:/ST/STM32CubeIDE_1.15.0/STM32CubeIDE/plugins/com.st.stm32cube.ide.mcu.externaltools.gnu-tools-for-stm32.12.3.rel1.win32_1.1.0.202410251130/tools/bin/../lib/gcc/arm-none-eabi/12.3.1/thumb/v7e-m/nofp\libgcc.a
LOAD C:/ST/STM32CubeIDE_1.15.0/STM32CubeIDE/plugins/com.st.stm32cube.ide.mcu.externaltools.gnu-tools-for-stm32.12.3.rel1.win32_1.1.0.202410251130/tools/bin/../lib/gcc/arm-none-eabi/12.3.1/../../../../arm-none-eabi/lib/thumb/v7e-m/nofp\libc_nano.a
END GROUP
START GROUP
LOAD C:/ST/STM32CubeIDE_1.15.0/STM32CubeIDE/plugins/com.st.stm32cube.ide.mcu.externaltools.gnu-tools-for-stm32.12.3.rel1.win32_1.1.0.202410251130/tools/bin/../lib/gcc/arm-none-eabi/12.3.1/thumb/v7e-m/nofp\libgcc.a
LOAD C:/ST/STM32CubeIDE_1.15.0/STM32CubeIDE/plugins/com.st.stm32cube.ide.mcu.externaltools.gnu-tools-for-stm32.12.3.rel1.win32_1.1.0.202410251130/tools/bin/../lib/gcc/arm-none-eabi/12.3.1/../../../../arm-none-eabi/lib/thumb/v7e-m/nofp\libc_nano.a
LOAD C:/ST/STM32CubeIDE_1.15.0/STM32CubeIDE/plugins/com.st.stm32cube.ide.mcu.externaltools.gnu-tools-for-stm32.12.3.rel1.win32_1.1.0.202410251130/tools/bin/../lib/gcc/arm-none-eabi/12.3.1/../../../../arm-none-eabi/lib/thumb/v7e-m/nofp\libnosys.a
END GROUP
START GROUP
LOAD C:/ST/STM32CubeIDE_1.15.0/STM32CubeIDE/plugins/com.st.stm32cube.ide.mcu.externaltools.gnu-tools-for-stm32.12.3.rel1.win32_1.1.0.202410251130/tools/bin/../lib/gcc/arm-none-eabi/12.3.1/thumb/v7e-m/nofp\libgcc.a
LOAD C:/ST/STM32CubeIDE_1.15.0/STM32CubeIDE/plugins/com.st.stm32cube.ide.mcu.externaltools.gnu-tools-for-stm32.12.3.rel1.win32_1.1.0.202410251130/tools/bin/../lib/gcc/arm-none-eabi/12.3.1/../../../../arm-none-eabi/lib/thumb/v7e-m/nofp\libc_nano.a
LOAD C:/ST/STM32CubeIDE_1.15.0/STM32CubeIDE/plugins/com.st.stm32cube.ide.mcu.externaltools.gnu-tools-for-stm32.12.3.rel1.win32_1.1.0.202410251130/tools/bin/../lib/gcc/arm-none-eabi/12.3.1/../../../../arm-none-eabi/lib/thumb/v7e-m/nofp\libnosys.a
END GROUP
LOAD C:/ST/STM32CubeIDE_1.15.0/STM32CubeIDE/plugins/com.st.stm32cube.ide.mcu.externaltools.gnu-tools-for-stm32.12.3.rel1.win32_1.1.0.202410251130/tools/bin/../lib/gcc/arm-none-eabi/12.3.1/thumb/v7e-m/nofp/crtend.o
LOAD C:/ST/STM32CubeIDE_1.15.0/STM32CubeIDE/plugins/com.st.stm32cube.ide.mcu.externaltools.gnu-tools-for-stm32.12.3.rel1.win32_1.1.0.202410251130/tools/bin/../lib/gcc/arm-none-eabi/12.3.1/thumb/v7e-m/nofp/crtn.o
                0x20018000                        _estack = (ORIGIN (RAM) + LENGTH (RAM))
                0x00000200                        _Min_Heap_Size = 0x200
                0x00000400                        _Min_Stack_Size = 0x400

.isr_vector     0x08000000      0x188
                0x08000000                        . = ALIGN (0x4)
 *(.isr_vector)
 .isr_vector    0x08000000      0x188 ./Core/Startup/startup_stm32l475vgtx.o
                0x08000000                g_pfnVectors
                0x08000188                        . = ALIGN (0x4)

.text           0x08000190     0x4b7c
                0x08000190                        . = ALIGN (0x4)
 *(.text)
 .text          0x08000190       0x40 C:/ST/STM32CubeIDE_1.15.0/STM32CubeIDE/plugins/com.st.stm32cube.ide.mcu.externaltools.gnu-tools-for-stm32.12.3.rel1.win32_1.1.0.202410251130/tools/bin/../lib/gcc/arm-none-eabi/12.3.1/thumb/v7e-m/nofp/crtbegin.o
 .text          0x080001d0       0x30 C:/ST/STM32CubeIDE_1.15.0/STM32CubeIDE/plugins/com.st.stm32cube.ide.mcu.externaltools.gnu-tools-for-stm32.12.3.rel1.win32_1.1.0.202410251130/tools/bin/../lib/gcc/arm-none-eabi/12.3.1/thumb/v7e-m/nofp\libgcc.a(_aeabi_uldivmod.o)
                0x080001d0                __aeabi_uldivmod
 .text          0x08000200      0x2bc C:/ST/STM32CubeIDE_1.15.0/STM32CubeIDE/plugins/com.st.stm32cube.ide.mcu.externaltools.gnu-tools-for-stm32.12.3.rel1.win32_1.1.0.202410251130/tools/bin/../lib/gcc/arm-none-eabi/12.3.1/thumb/v7e-m/nofp\libgcc.a(_udivmoddi4.o)
                0x08000200                __udivmoddi4
 .text          0x080004bc        0x4 C:/ST/STM32CubeIDE_1.15.0/STM32CubeIDE/plugins/com.st.stm32cube.ide.mcu.externaltools.gnu-tools-for-stm32.12.3.rel1.win32_1.1.0.202410251130/tools/bin/../lib/gcc/arm-none-eabi/12.3.1/thumb/v7e-m/nofp\libgcc.a(_dvmd_tls.o)
                0x080004bc                __aeabi_idiv0
                0x080004bc                __aeabi_ldiv0
 *(.text*)
 .text.Kernel_TaskReturnHook
                0x080004c0        0x8 ./Core/Src/kernel.o
 .text.Kernel_IdleTask
                0x080004c8        0x8 ./Core/Src/kernel.o
 .text.Kernel_ContextSwitch
                0x080004d0       0x80 ./Core/Src/kernel.o
                0x080004d0                Kernel_ContextSwitch
 .text.Kernel_InitializeHardwareAndTCBStructures
                0x08000550       0x60 ./Core/Src/kernel.o
                0x08000550                Kernel_InitializeHardwareAndTCBStructures
 .text.Kernel_CreateNewTask
                0x080005b0      0x154 ./Core/Src/kernel.o
                0x080005b0                Kernel_CreateNewTask
 .text.Kernel_StartScheduling
                0x08000704       0x34 ./Core/Src/kernel.o
                0x08000704                Kernel_StartScheduling
 .text.Kernel_RequestContextSwitch
                0x08000738       0x2c ./Core/Src/kernel.o
                0x08000738                Kernel_RequestContextSwitch
 *fill*         0x08000764        0xc 
 .text.PendSV_Handler
                0x08000770       0x34 ./Core/Src/kernel.o
                0x08000770                PendSV_Handler
 .text.Task1_Einschalten
                0x080007a4       0x30 ./Core/Src/main.o
                0x080007a4                Task1_Einschalten
 .text.Task2_Ausschalten
                0x080007d4       0x34 ./Core/Src/main.o
                0x080007d4                Task2_Ausschalten
 .text.main     0x08000808       0x4c ./Core/Src/main.o
                0x08000808                main
 .text.SystemClock_Config
                0x08000854       0xc4 ./Core/Src/main.o
                0x08000854                SystemClock_Config
 .text.MX_DFSDM1_Init
                0x08000918       0x70 ./Core/Src/main.o
 .text.MX_I2C2_Init
                0x08000988       0x7c ./Core/Src/main.o
 .text.MX_QUADSPI_Init
                0x08000a04       0x4c ./Core/Src/main.o
 .text.MX_SPI3_Init
                0x08000a50       0x7c ./Core/Src/main.o
 .text.MX_USART1_UART_Init
                0x08000acc       0x60 ./Core/Src/main.o
 .text.MX_USART3_UART_Init
                0x08000b2c       0x60 ./Core/Src/main.o
 .text.MX_USB_OTG_FS_PCD_Init
                0x08000b8c       0x5c ./Core/Src/main.o
 .text.MX_GPIO_Init
                0x08000be8      0x364 ./Core/Src/main.o
 .text.Error_Handler
                0x08000f4c        0xc ./Core/Src/main.o
                0x08000f4c                Error_Handler
 .text.HAL_MspInit
                0x08000f58       0x44 ./Core/Src/stm32l4xx_hal_msp.o
                0x08000f58                HAL_MspInit
 .text.HAL_DFSDM_ChannelMspInit
                0x08000f9c       0xc8 ./Core/Src/stm32l4xx_hal_msp.o
                0x08000f9c                HAL_DFSDM_ChannelMspInit
 .text.HAL_I2C_MspInit
                0x08001064       0xbc ./Core/Src/stm32l4xx_hal_msp.o
                0x08001064                HAL_I2C_MspInit
 .text.HAL_QSPI_MspInit
                0x08001120       0x88 ./Core/Src/stm32l4xx_hal_msp.o
                0x08001120                HAL_QSPI_MspInit
 .text.HAL_SPI_MspInit
                0x080011a8       0x88 ./Core/Src/stm32l4xx_hal_msp.o
                0x080011a8                HAL_SPI_MspInit
 .text.HAL_UART_MspInit
                0x08001230      0x148 ./Core/Src/stm32l4xx_hal_msp.o
                0x08001230                HAL_UART_MspInit
 .text.HAL_PCD_MspInit
                0x08001378      0x138 ./Core/Src/stm32l4xx_hal_msp.o
                0x08001378                HAL_PCD_MspInit
 .text.NMI_Handler
                0x080014b0        0x8 ./Core/Src/stm32l4xx_it.o
                0x080014b0                NMI_Handler
 .text.HardFault_Handler
                0x080014b8        0x8 ./Core/Src/stm32l4xx_it.o
                0x080014b8                HardFault_Handler
 .text.MemManage_Handler
                0x080014c0        0x8 ./Core/Src/stm32l4xx_it.o
                0x080014c0                MemManage_Handler
 .text.BusFault_Handler
                0x080014c8        0x8 ./Core/Src/stm32l4xx_it.o
                0x080014c8                BusFault_Handler
 .text.UsageFault_Handler
                0x080014d0        0x8 ./Core/Src/stm32l4xx_it.o
                0x080014d0                UsageFault_Handler
 .text.SVC_Handler
                0x080014d8        0xc ./Core/Src/stm32l4xx_it.o
                0x080014d8                SVC_Handler
 .text.DebugMon_Handler
                0x080014e4        0xc ./Core/Src/stm32l4xx_it.o
                0x080014e4                DebugMon_Handler
 .text.SysTick_Handler
                0x080014f0       0x10 ./Core/Src/stm32l4xx_it.o
                0x080014f0                SysTick_Handler
 .text.EXTI9_5_IRQHandler
                0x08001500       0x22 ./Core/Src/stm32l4xx_it.o
                0x08001500                EXTI9_5_IRQHandler
 .text.EXTI15_10_IRQHandler
                0x08001522       0x30 ./Core/Src/stm32l4xx_it.o
                0x08001522                EXTI15_10_IRQHandler
 .text.SystemInit
                0x08001552        0xc ./Core/Src/system_stm32l4xx.o
                0x08001552                SystemInit
 *fill*         0x0800155e        0x2 
 .text.Reset_Handler
                0x08001560       0x50 ./Core/Startup/startup_stm32l475vgtx.o
                0x08001560                Reset_Handler
 .text.Default_Handler
                0x080015b0        0x2 ./Core/Startup/startup_stm32l475vgtx.o
                0x080015b0                RTC_Alarm_IRQHandler
                0x080015b0                EXTI2_IRQHandler
                0x080015b0                TIM8_TRG_COM_IRQHandler
                0x080015b0                TIM8_CC_IRQHandler
                0x080015b0                TIM1_CC_IRQHandler
                0x080015b0                TSC_IRQHandler
                0x080015b0                TAMP_STAMP_IRQHandler
                0x080015b0                EXTI3_IRQHandler
                0x080015b0                LPTIM2_IRQHandler
                0x080015b0                DFSDM1_FLT1_IRQHandler
                0x080015b0                I2C3_ER_IRQHandler
                0x080015b0                DFSDM1_FLT2_IRQHandler
                0x080015b0                EXTI0_IRQHandler
                0x080015b0                I2C2_EV_IRQHandler
                0x080015b0                CAN1_RX0_IRQHandler
                0x080015b0                FPU_IRQHandler
                0x080015b0                TIM1_UP_TIM16_IRQHandler
                0x080015b0                ADC1_2_IRQHandler
                0x080015b0                SPI1_IRQHandler
                0x080015b0                TIM6_DAC_IRQHandler
                0x080015b0                TIM8_UP_IRQHandler
                0x080015b0                DMA2_Channel2_IRQHandler
                0x080015b0                DMA1_Channel4_IRQHandler
                0x080015b0                SAI2_IRQHandler
                0x080015b0                DFSDM1_FLT3_IRQHandler
                0x080015b0                USART3_IRQHandler
                0x080015b0                DMA1_Channel7_IRQHandler
                0x080015b0                CAN1_RX1_IRQHandler
                0x080015b0                UART5_IRQHandler
                0x080015b0                ADC3_IRQHandler
                0x080015b0                TIM4_IRQHandler
                0x080015b0                DMA2_Channel1_IRQHandler
                0x080015b0                QUADSPI_IRQHandler
                0x080015b0                I2C1_EV_IRQHandler
                0x080015b0                DMA1_Channel6_IRQHandler
                0x080015b0                UART4_IRQHandler
                0x080015b0                DMA2_Channel4_IRQHandler
                0x080015b0                TIM3_IRQHandler
                0x080015b0                RCC_IRQHandler
                0x080015b0                DMA1_Channel1_IRQHandler
                0x080015b0                Default_Handler
                0x080015b0                DMA2_Channel7_IRQHandler
                0x080015b0                TIM7_IRQHandler
                0x080015b0                SDMMC1_IRQHandler
                0x080015b0                TIM5_IRQHandler
                0x080015b0                I2C3_EV_IRQHandler
                0x080015b0                RTC_WKUP_IRQHandler
                0x080015b0                PVD_PVM_IRQHandler
                0x080015b0                SPI2_IRQHandler
                0x080015b0                CAN1_TX_IRQHandler
                0x080015b0                DMA2_Channel5_IRQHandler
                0x080015b0                DMA1_Channel5_IRQHandler
                0x080015b0                EXTI4_IRQHandler
                0x080015b0                RNG_IRQHandler
                0x080015b0                TIM1_TRG_COM_TIM17_IRQHandler
                0x080015b0                DMA1_Channel3_IRQHandler
                0x080015b0                COMP_IRQHandler
                0x080015b0                WWDG_IRQHandler
                0x080015b0                LPUART1_IRQHandler
                0x080015b0                DMA2_Channel6_IRQHandler
                0x080015b0                TIM2_IRQHandler
                0x080015b0                EXTI1_IRQHandler
                0x080015b0                USART2_IRQHandler
                0x080015b0                DFSDM1_FLT0_IRQHandler
                0x080015b0                I2C2_ER_IRQHandler
                0x080015b0                DMA1_Channel2_IRQHandler
                0x080015b0                TIM8_BRK_IRQHandler
                0x080015b0                CAN1_SCE_IRQHandler
                0x080015b0                FLASH_IRQHandler
                0x080015b0                USART1_IRQHandler
                0x080015b0                OTG_FS_IRQHandler
                0x080015b0                SPI3_IRQHandler
                0x080015b0                I2C1_ER_IRQHandler
                0x080015b0                FMC_IRQHandler
                0x080015b0                SWPMI1_IRQHandler
                0x080015b0                LPTIM1_IRQHandler
                0x080015b0                SAI1_IRQHandler
                0x080015b0                DMA2_Channel3_IRQHandler
                0x080015b0                TIM1_BRK_TIM15_IRQHandler
 .text.HAL_Init
                0x080015b2       0x30 ./Drivers/STM32L4xx_HAL_Driver/Src/stm32l4xx_hal.o
                0x080015b2                HAL_Init
 *fill*         0x080015e2        0x2 
 .text.HAL_InitTick
                0x080015e4       0x78 ./Drivers/STM32L4xx_HAL_Driver/Src/stm32l4xx_hal.o
                0x080015e4                HAL_InitTick
 .text.HAL_IncTick
                0x0800165c       0x24 ./Drivers/STM32L4xx_HAL_Driver/Src/stm32l4xx_hal.o
                0x0800165c                HAL_IncTick
 .text.HAL_GetTick
                0x08001680       0x14 ./Drivers/STM32L4xx_HAL_Driver/Src/stm32l4xx_hal.o
                0x08001680                HAL_GetTick
 .text.HAL_Delay
                0x08001694       0x48 ./Drivers/STM32L4xx_HAL_Driver/Src/stm32l4xx_hal.o
                0x08001694                HAL_Delay
 .text.__NVIC_SetPriorityGrouping
                0x080016dc       0x48 ./Drivers/STM32L4xx_HAL_Driver/Src/stm32l4xx_hal_cortex.o
 .text.__NVIC_GetPriorityGrouping
                0x08001724       0x1c ./Drivers/STM32L4xx_HAL_Driver/Src/stm32l4xx_hal_cortex.o
 .text.__NVIC_EnableIRQ
                0x08001740       0x38 ./Drivers/STM32L4xx_HAL_Driver/Src/stm32l4xx_hal_cortex.o
 .text.__NVIC_SetPriority
                0x08001778       0x54 ./Drivers/STM32L4xx_HAL_Driver/Src/stm32l4xx_hal_cortex.o
 .text.NVIC_EncodePriority
                0x080017cc       0x64 ./Drivers/STM32L4xx_HAL_Driver/Src/stm32l4xx_hal_cortex.o
 .text.SysTick_Config
                0x08001830       0x44 ./Drivers/STM32L4xx_HAL_Driver/Src/stm32l4xx_hal_cortex.o
 .text.HAL_NVIC_SetPriorityGrouping
                0x08001874       0x16 ./Drivers/STM32L4xx_HAL_Driver/Src/stm32l4xx_hal_cortex.o
                0x08001874                HAL_NVIC_SetPriorityGrouping
 .text.HAL_NVIC_SetPriority
                0x0800188a       0x38 ./Drivers/STM32L4xx_HAL_Driver/Src/stm32l4xx_hal_cortex.o
                0x0800188a                HAL_NVIC_SetPriority
 .text.HAL_NVIC_EnableIRQ
                0x080018c2       0x1c ./Drivers/STM32L4xx_HAL_Driver/Src/stm32l4xx_hal_cortex.o
                0x080018c2                HAL_NVIC_EnableIRQ
 .text.HAL_SYSTICK_Config
                0x080018de       0x18 ./Drivers/STM32L4xx_HAL_Driver/Src/stm32l4xx_hal_cortex.o
                0x080018de                HAL_SYSTICK_Config
 *fill*         0x080018f6        0x2 
 .text.HAL_DFSDM_ChannelInit
                0x080018f8      0x180 ./Drivers/STM32L4xx_HAL_Driver/Src/stm32l4xx_hal_dfsdm.o
                0x080018f8                HAL_DFSDM_ChannelInit
 .text.DFSDM_GetChannelFromInstance
                0x08001a78       0x98 ./Drivers/STM32L4xx_HAL_Driver/Src/stm32l4xx_hal_dfsdm.o
 .text.HAL_GPIO_Init
                0x08001b10      0x350 ./Drivers/STM32L4xx_HAL_Driver/Src/stm32l4xx_hal_gpio.o
                0x08001b10                HAL_GPIO_Init
 .text.HAL_GPIO_WritePin
                0x08001e60       0x2e ./Drivers/STM32L4xx_HAL_Driver/Src/stm32l4xx_hal_gpio.o
                0x08001e60                HAL_GPIO_WritePin
 .text.HAL_GPIO_TogglePin
                0x08001e8e       0x32 ./Drivers/STM32L4xx_HAL_Driver/Src/stm32l4xx_hal_gpio.o
                0x08001e8e                HAL_GPIO_TogglePin
 .text.HAL_GPIO_EXTI_IRQHandler
                0x08001ec0       0x30 ./Drivers/STM32L4xx_HAL_Driver/Src/stm32l4xx_hal_gpio.o
                0x08001ec0                HAL_GPIO_EXTI_IRQHandler
 .text.HAL_GPIO_EXTI_Callback
                0x08001ef0       0x14 ./Drivers/STM32L4xx_HAL_Driver/Src/stm32l4xx_hal_gpio.o
                0x08001ef0                HAL_GPIO_EXTI_Callback
 .text.HAL_I2C_Init
                0x08001f04      0x136 ./Drivers/STM32L4xx_HAL_Driver/Src/stm32l4xx_hal_i2c.o
                0x08001f04                HAL_I2C_Init
 .text.HAL_I2CEx_ConfigAnalogFilter
                0x0800203a       0x94 ./Drivers/STM32L4xx_HAL_Driver/Src/stm32l4xx_hal_i2c_ex.o
                0x0800203a                HAL_I2CEx_ConfigAnalogFilter
 .text.HAL_I2CEx_ConfigDigitalFilter
                0x080020ce       0x96 ./Drivers/STM32L4xx_HAL_Driver/Src/stm32l4xx_hal_i2c_ex.o
                0x080020ce                HAL_I2CEx_ConfigDigitalFilter
 .text.HAL_PCD_Init
                0x08002164      0x21e ./Drivers/STM32L4xx_HAL_Driver/Src/stm32l4xx_hal_pcd.o
                0x08002164                HAL_PCD_Init
 .text.HAL_PCDEx_ActivateLPM
                0x08002382       0x46 ./Drivers/STM32L4xx_HAL_Driver/Src/stm32l4xx_hal_pcd_ex.o
                0x08002382                HAL_PCDEx_ActivateLPM
 .text.HAL_PWR_EnableBkUpAccess
                0x080023c8       0x1c ./Drivers/STM32L4xx_HAL_Driver/Src/stm32l4xx_hal_pwr.o
                0x080023c8                HAL_PWR_EnableBkUpAccess
 .text.HAL_PWREx_GetVoltageRange
                0x080023e4       0x18 ./Drivers/STM32L4xx_HAL_Driver/Src/stm32l4xx_hal_pwr_ex.o
                0x080023e4                HAL_PWREx_GetVoltageRange
 .text.HAL_PWREx_ControlVoltageScaling
                0x080023fc       0xa8 ./Drivers/STM32L4xx_HAL_Driver/Src/stm32l4xx_hal_pwr_ex.o
                0x080023fc                HAL_PWREx_ControlVoltageScaling
 .text.HAL_PWREx_EnableVddUSB
                0x080024a4       0x1c ./Drivers/STM32L4xx_HAL_Driver/Src/stm32l4xx_hal_pwr_ex.o
                0x080024a4                HAL_PWREx_EnableVddUSB
 .text.HAL_QSPI_Init
                0x080024c0       0xec ./Drivers/STM32L4xx_HAL_Driver/Src/stm32l4xx_hal_qspi.o
                0x080024c0                HAL_QSPI_Init
 .text.HAL_QSPI_SetTimeout
                0x080025ac       0x1a ./Drivers/STM32L4xx_HAL_Driver/Src/stm32l4xx_hal_qspi.o
                0x080025ac                HAL_QSPI_SetTimeout
 .text.QSPI_WaitFlagStateUntilTimeout
                0x080025c6       0x6e ./Drivers/STM32L4xx_HAL_Driver/Src/stm32l4xx_hal_qspi.o
 .text.HAL_RCC_OscConfig
                0x08002634      0x7b8 ./Drivers/STM32L4xx_HAL_Driver/Src/stm32l4xx_hal_rcc.o
                0x08002634                HAL_RCC_OscConfig
 .text.HAL_RCC_ClockConfig
                0x08002dec      0x200 ./Drivers/STM32L4xx_HAL_Driver/Src/stm32l4xx_hal_rcc.o
                0x08002dec                HAL_RCC_ClockConfig
 .text.HAL_RCC_GetSysClockFreq
                0x08002fec      0x114 ./Drivers/STM32L4xx_HAL_Driver/Src/stm32l4xx_hal_rcc.o
                0x08002fec                HAL_RCC_GetSysClockFreq
 .text.HAL_RCC_GetHCLKFreq
                0x08003100       0x14 ./Drivers/STM32L4xx_HAL_Driver/Src/stm32l4xx_hal_rcc.o
                0x08003100                HAL_RCC_GetHCLKFreq
 .text.HAL_RCC_GetPCLK1Freq
                0x08003114       0x2c ./Drivers/STM32L4xx_HAL_Driver/Src/stm32l4xx_hal_rcc.o
                0x08003114                HAL_RCC_GetPCLK1Freq
 .text.HAL_RCC_GetPCLK2Freq
                0x08003140       0x2c ./Drivers/STM32L4xx_HAL_Driver/Src/stm32l4xx_hal_rcc.o
                0x08003140                HAL_RCC_GetPCLK2Freq
 .text.RCC_SetFlashLatencyFromMSIRange
                0x0800316c       0xc0 ./Drivers/STM32L4xx_HAL_Driver/Src/stm32l4xx_hal_rcc.o
 .text.HAL_RCCEx_PeriphCLKConfig
                0x0800322c      0x5d4 ./Drivers/STM32L4xx_HAL_Driver/Src/stm32l4xx_hal_rcc_ex.o
                0x0800322c                HAL_RCCEx_PeriphCLKConfig
 .text.HAL_RCCEx_EnableMSIPLLMode
                0x08003800       0x1c ./Drivers/STM32L4xx_HAL_Driver/Src/stm32l4xx_hal_rcc_ex.o
                0x08003800                HAL_RCCEx_EnableMSIPLLMode
 .text.RCCEx_PLLSAI1_Config
                0x0800381c      0x1e8 ./Drivers/STM32L4xx_HAL_Driver/Src/stm32l4xx_hal_rcc_ex.o
 .text.RCCEx_PLLSAI2_Config
                0x08003a04      0x1bc ./Drivers/STM32L4xx_HAL_Driver/Src/stm32l4xx_hal_rcc_ex.o
 .text.HAL_SPI_Init
                0x08003bc0      0x146 ./Drivers/STM32L4xx_HAL_Driver/Src/stm32l4xx_hal_spi.o
                0x08003bc0                HAL_SPI_Init
 .text.HAL_UART_Init
                0x08003d06       0x9c ./Drivers/STM32L4xx_HAL_Driver/Src/stm32l4xx_hal_uart.o
                0x08003d06                HAL_UART_Init
 *fill*         0x08003da2        0x2 
 .text.UART_SetConfig
                0x08003da4      0x570 ./Drivers/STM32L4xx_HAL_Driver/Src/stm32l4xx_hal_uart.o
                0x08003da4                UART_SetConfig
 .text.UART_AdvFeatureConfig
                0x08004314      0x142 ./Drivers/STM32L4xx_HAL_Driver/Src/stm32l4xx_hal_uart.o
                0x08004314                UART_AdvFeatureConfig
 .text.UART_CheckIdleState
                0x08004456      0x150 ./Drivers/STM32L4xx_HAL_Driver/Src/stm32l4xx_hal_uart.o
                0x08004456                UART_CheckIdleState
 .text.UART_WaitOnFlagUntilTimeout
                0x080045a6       0xda ./Drivers/STM32L4xx_HAL_Driver/Src/stm32l4xx_hal_uart.o
                0x080045a6                UART_WaitOnFlagUntilTimeout
 .text.UART_EndRxTransfer
                0x08004680       0xc6 ./Drivers/STM32L4xx_HAL_Driver/Src/stm32l4xx_hal_uart.o
 .text.USB_CoreInit
                0x08004746       0x5a ./Drivers/STM32L4xx_HAL_Driver/Src/stm32l4xx_ll_usb.o
                0x08004746                USB_CoreInit
 .text.USB_DisableGlobalInt
                0x080047a0       0x20 ./Drivers/STM32L4xx_HAL_Driver/Src/stm32l4xx_ll_usb.o
                0x080047a0                USB_DisableGlobalInt
 .text.USB_SetCurrentMode
                0x080047c0       0x98 ./Drivers/STM32L4xx_HAL_Driver/Src/stm32l4xx_ll_usb.o
                0x080047c0                USB_SetCurrentMode
 .text.USB_DevInit
                0x08004858      0x290 ./Drivers/STM32L4xx_HAL_Driver/Src/stm32l4xx_ll_usb.o
                0x08004858                USB_DevInit
 .text.USB_FlushTxFifo
                0x08004ae8       0x62 ./Drivers/STM32L4xx_HAL_Driver/Src/stm32l4xx_ll_usb.o
                0x08004ae8                USB_FlushTxFifo
 .text.USB_FlushRxFifo
                0x08004b4a       0x5a ./Drivers/STM32L4xx_HAL_Driver/Src/stm32l4xx_ll_usb.o
                0x08004b4a                USB_FlushRxFifo
 .text.USB_SetDevSpeed
                0x08004ba4       0x30 ./Drivers/STM32L4xx_HAL_Driver/Src/stm32l4xx_ll_usb.o
                0x08004ba4                USB_SetDevSpeed
 .text.USB_DevDisconnect
                0x08004bd4       0x40 ./Drivers/STM32L4xx_HAL_Driver/Src/stm32l4xx_ll_usb.o
                0x08004bd4                USB_DevDisconnect
 .text.USB_GetMode
                0x08004c14       0x1a ./Drivers/STM32L4xx_HAL_Driver/Src/stm32l4xx_ll_usb.o
                0x08004c14                USB_GetMode
 .text.USB_CoreReset
                0x08004c2e       0x6e ./Drivers/STM32L4xx_HAL_Driver/Src/stm32l4xx_ll_usb.o
 .text.memset   0x08004c9c       0x10 C:/ST/STM32CubeIDE_1.15.0/STM32CubeIDE/plugins/com.st.stm32cube.ide.mcu.externaltools.gnu-tools-for-stm32.12.3.rel1.win32_1.1.0.202410251130/tools/bin/../lib/gcc/arm-none-eabi/12.3.1/../../../../arm-none-eabi/lib/thumb/v7e-m/nofp\libc_nano.a(libc_a-memset.o)
                0x08004c9c                memset
 .text.__libc_init_array
                0x08004cac       0x48 C:/ST/STM32CubeIDE_1.15.0/STM32CubeIDE/plugins/com.st.stm32cube.ide.mcu.externaltools.gnu-tools-for-stm32.12.3.rel1.win32_1.1.0.202410251130/tools/bin/../lib/gcc/arm-none-eabi/12.3.1/../../../../arm-none-eabi/lib/thumb/v7e-m/nofp\libc_nano.a(libc_a-init.o)
                0x08004cac                __libc_init_array
 *(.glue_7)
 .glue_7        0x08004cf4        0x0 linker stubs
 *(.glue_7t)
 .glue_7t       0x08004cf4        0x0 linker stubs
 *(.eh_frame)
 .eh_frame      0x08004cf4        0x0 C:/ST/STM32CubeIDE_1.15.0/STM32CubeIDE/plugins/com.st.stm32cube.ide.mcu.externaltools.gnu-tools-for-stm32.12.3.rel1.win32_1.1.0.202410251130/tools/bin/../lib/gcc/arm-none-eabi/12.3.1/thumb/v7e-m/nofp/crtbegin.o
 *(.init)
 .init          0x08004cf4        0x4 C:/ST/STM32CubeIDE_1.15.0/STM32CubeIDE/plugins/com.st.stm32cube.ide.mcu.externaltools.gnu-tools-for-stm32.12.3.rel1.win32_1.1.0.202410251130/tools/bin/../lib/gcc/arm-none-eabi/12.3.1/thumb/v7e-m/nofp/crti.o
                0x08004cf4                _init
 .init          0x08004cf8        0x8 C:/ST/STM32CubeIDE_1.15.0/STM32CubeIDE/plugins/com.st.stm32cube.ide.mcu.externaltools.gnu-tools-for-stm32.12.3.rel1.win32_1.1.0.202410251130/tools/bin/../lib/gcc/arm-none-eabi/12.3.1/thumb/v7e-m/nofp/crtn.o
 *(.fini)
 .fini          0x08004d00        0x4 C:/ST/STM32CubeIDE_1.15.0/STM32CubeIDE/plugins/com.st.stm32cube.ide.mcu.externaltools.gnu-tools-for-stm32.12.3.rel1.win32_1.1.0.202410251130/tools/bin/../lib/gcc/arm-none-eabi/12.3.1/thumb/v7e-m/nofp/crti.o
                0x08004d00                _fini
 .fini          0x08004d04        0x8 C:/ST/STM32CubeIDE_1.15.0/STM32CubeIDE/plugins/com.st.stm32cube.ide.mcu.externaltools.gnu-tools-for-stm32.12.3.rel1.win32_1.1.0.202410251130/tools/bin/../lib/gcc/arm-none-eabi/12.3.1/thumb/v7e-m/nofp/crtn.o
                0x08004d0c                        . = ALIGN (0x4)
                0x08004d0c                        _etext = .

.vfp11_veneer   0x08004d0c        0x0
 .vfp11_veneer  0x08004d0c        0x0 linker stubs

.v4_bx          0x08004d0c        0x0
 .v4_bx         0x08004d0c        0x0 linker stubs

.iplt           0x08004d0c        0x0
 .iplt          0x08004d0c        0x0 C:/ST/STM32CubeIDE_1.15.0/STM32CubeIDE/plugins/com.st.stm32cube.ide.mcu.externaltools.gnu-tools-for-stm32.12.3.rel1.win32_1.1.0.202410251130/tools/bin/../lib/gcc/arm-none-eabi/12.3.1/thumb/v7e-m/nofp/crtbegin.o

.rodata         0x08004d0c       0x48
                0x08004d0c                        . = ALIGN (0x4)
 *(.rodata)
 *(.rodata*)
 .rodata.AHBPrescTable
                0x08004d0c       0x10 ./Core/Src/system_stm32l4xx.o
                0x08004d0c                AHBPrescTable
 .rodata.APBPrescTable
                0x08004d1c        0x8 ./Core/Src/system_stm32l4xx.o
                0x08004d1c                APBPrescTable
 .rodata.MSIRangeTable
                0x08004d24       0x30 ./Core/Src/system_stm32l4xx.o
                0x08004d24                MSIRangeTable
                0x08004d54                        . = ALIGN (0x4)

.ARM.extab      0x08004d54        0x0
                0x08004d54                        . = ALIGN (0x4)
 *(.ARM.extab* .gnu.linkonce.armextab.*)
                0x08004d54                        . = ALIGN (0x4)

.ARM            0x08004d54        0x8
                0x08004d54                        . = ALIGN (0x4)
                0x08004d54                        __exidx_start = .
 *(.ARM.exidx*)
 .ARM.exidx     0x08004d54        0x8 C:/ST/STM32CubeIDE_1.15.0/STM32CubeIDE/plugins/com.st.stm32cube.ide.mcu.externaltools.gnu-tools-for-stm32.12.3.rel1.win32_1.1.0.202410251130/tools/bin/../lib/gcc/arm-none-eabi/12.3.1/thumb/v7e-m/nofp\libgcc.a(_udivmoddi4.o)
                0x08004d5c                        __exidx_end = .
                0x08004d5c                        . = ALIGN (0x4)

.preinit_array  0x08004d5c        0x0
                0x08004d5c                        . = ALIGN (0x4)
                0x08004d5c                        PROVIDE (__preinit_array_start = .)
 *(.preinit_array*)
                0x08004d5c                        PROVIDE (__preinit_array_end = .)
                0x08004d5c                        . = ALIGN (0x4)

.init_array     0x08004d5c        0x4
                0x08004d5c                        . = ALIGN (0x4)
                0x08004d5c                        PROVIDE (__init_array_start = .)
 *(SORT_BY_NAME(.init_array.*))
 *(.init_array*)
 .init_array    0x08004d5c        0x4 C:/ST/STM32CubeIDE_1.15.0/STM32CubeIDE/plugins/com.st.stm32cube.ide.mcu.externaltools.gnu-tools-for-stm32.12.3.rel1.win32_1.1.0.202410251130/tools/bin/../lib/gcc/arm-none-eabi/12.3.1/thumb/v7e-m/nofp/crtbegin.o
                0x08004d60                        PROVIDE (__init_array_end = .)
                0x08004d60                        . = ALIGN (0x4)

.fini_array     0x08004d60        0x4
                0x08004d60                        . = ALIGN (0x4)
                [!provide]                        PROVIDE (__fini_array_start = .)
 *(SORT_BY_NAME(.fini_array.*))
 *(.fini_array*)
 .fini_array    0x08004d60        0x4 C:/ST/STM32CubeIDE_1.15.0/STM32CubeIDE/plugins/com.st.stm32cube.ide.mcu.externaltools.gnu-tools-for-stm32.12.3.rel1.win32_1.1.0.202410251130/tools/bin/../lib/gcc/arm-none-eabi/12.3.1/thumb/v7e-m/nofp/crtbegin.o
                [!provide]                        PROVIDE (__fini_array_end = .)
                0x08004d64                        . = ALIGN (0x4)
                0x08004d64                        _sidata = LOADADDR (.data)

.rel.dyn        0x08004d64        0x0
 .rel.iplt      0x08004d64        0x0 C:/ST/STM32CubeIDE_1.15.0/STM32CubeIDE/plugins/com.st.stm32cube.ide.mcu.externaltools.gnu-tools-for-stm32.12.3.rel1.win32_1.1.0.202410251130/tools/bin/../lib/gcc/arm-none-eabi/12.3.1/thumb/v7e-m/nofp/crtbegin.o

.data           0x20000000        0xc load address 0x08004d64
                0x20000000                        . = ALIGN (0x4)
                0x20000000                        _sdata = .
 *(.data)
 *(.data*)
 .data.SystemCoreClock
                0x20000000        0x4 ./Core/Src/system_stm32l4xx.o
                0x20000000                SystemCoreClock
 .data.uwTickPrio
                0x20000004        0x4 ./Drivers/STM32L4xx_HAL_Driver/Src/stm32l4xx_hal.o
                0x20000004                uwTickPrio
 .data.uwTickFreq
                0x20000008        0x1 ./Drivers/STM32L4xx_HAL_Driver/Src/stm32l4xx_hal.o
                0x20000008                uwTickFreq
 *(.RamFunc)
 *(.RamFunc*)
                0x2000000c                        . = ALIGN (0x4)
 *fill*         0x20000009        0x3 
                0x2000000c                        _edata = .

.igot.plt       0x2000000c        0x0 load address 0x08004d70
 .igot.plt      0x2000000c        0x0 C:/ST/STM32CubeIDE_1.15.0/STM32CubeIDE/plugins/com.st.stm32cube.ide.mcu.externaltools.gnu-tools-for-stm32.12.3.rel1.win32_1.1.0.202410251130/tools/bin/../lib/gcc/arm-none-eabi/12.3.1/thumb/v7e-m/nofp/crtbegin.o
                0x2000000c                        . = ALIGN (0x4)

.bss            0x20000010     0x13ac load address 0x08004d70
                0x20000010                        _sbss = .
                0x20000010                        __bss_start__ = _sbss
 *(.bss)
 .bss           0x20000010       0x1c C:/ST/STM32CubeIDE_1.15.0/STM32CubeIDE/plugins/com.st.stm32cube.ide.mcu.externaltools.gnu-tools-for-stm32.12.3.rel1.win32_1.1.0.202410251130/tools/bin/../lib/gcc/arm-none-eabi/12.3.1/thumb/v7e-m/nofp/crtbegin.o
 *(.bss*)
 *fill*         0x2000002c        0x4 
 .bss.Global_ArrayOfAllTCBs
                0x20000030      0xc30 ./Core/Src/kernel.o
 .bss.Global_TotalNumberOfCreatedTasks
                0x20000c60        0x1 ./Core/Src/kernel.o
 .bss.Global_IndexDerAktuellenTask
                0x20000c61        0x1 ./Core/Src/kernel.o
 .bss.Global_OsIsRunning
                0x20000c62        0x1 ./Core/Src/kernel.o
 *fill*         0x20000c63        0x1 
 .bss.Global_PointerToCurrentlyRunningTCB
                0x20000c64        0x4 ./Core/Src/kernel.o
                0x20000c64                Global_PointerToCurrentlyRunningTCB
 .bss.hdfsdm1_channel1
                0x20000c68       0x38 ./Core/Src/main.o
                0x20000c68                hdfsdm1_channel1
 .bss.hi2c2     0x20000ca0       0x54 ./Core/Src/main.o
                0x20000ca0                hi2c2
 .bss.hqspi     0x20000cf4       0x44 ./Core/Src/main.o
                0x20000cf4                hqspi
 .bss.hspi3     0x20000d38       0x64 ./Core/Src/main.o
                0x20000d38                hspi3
 .bss.huart1    0x20000d9c       0x88 ./Core/Src/main.o
                0x20000d9c                huart1
 .bss.huart3    0x20000e24       0x88 ./Core/Src/main.o
                0x20000e24                huart3
 .bss.hpcd_USB_OTG_FS
                0x20000eac      0x4e4 ./Core/Src/main.o
                0x20000eac                hpcd_USB_OTG_FS
 .bss.DFSDM1_Init
                0x20001390        0x4 ./Core/Src/stm32l4xx_hal_msp.o
 .bss.uwTick    0x20001394        0x4 ./Drivers/STM32L4xx_HAL_Driver/Src/stm32l4xx_hal.o
                0x20001394                uwTick
 .bss.v_dfsdm1ChannelCounter
                0x20001398        0x4 ./Drivers/STM32L4xx_HAL_Driver/Src/stm32l4xx_hal_dfsdm.o
 .bss.a_dfsdm1ChannelHandle
                0x2000139c       0x20 ./Drivers/STM32L4xx_HAL_Driver/Src/stm32l4xx_hal_dfsdm.o
 *(COMMON)
                0x200013bc                        . = ALIGN (0x4)
                0x200013bc                        _ebss = .
                0x200013bc                        __bss_end__ = _ebss

._user_heap_stack
                0x200013bc      0x604 load address 0x08004d70
                0x200013c0                        . = ALIGN (0x8)
 *fill*         0x200013bc        0x4 
                [!provide]                        PROVIDE (end = .)
                0x200013c0                        PROVIDE (_end = .)
                0x200015c0                        . = (. + _Min_Heap_Size)
 *fill*         0x200013c0      0x200 
                0x200019c0                        . = (. + _Min_Stack_Size)
 *fill*         0x200015c0      0x400 
                0x200019c0                        . = ALIGN (0x8)

/DISCARD/
 libc.a(*)
 libm.a(*)
 libgcc.a(*)

.ARM.attributes
                0x00000000       0x2a
 *(.ARM.attributes)
 .ARM.attributes
                0x00000000       0x1e C:/ST/STM32CubeIDE_1.15.0/STM32CubeIDE/plugins/com.st.stm32cube.ide.mcu.externaltools.gnu-tools-for-stm32.12.3.rel1.win32_1.1.0.202410251130/tools/bin/../lib/gcc/arm-none-eabi/12.3.1/thumb/v7e-m/nofp/crti.o
 .ARM.attributes
                0x0000001e       0x2e C:/ST/STM32CubeIDE_1.15.0/STM32CubeIDE/plugins/com.st.stm32cube.ide.mcu.externaltools.gnu-tools-for-stm32.12.3.rel1.win32_1.1.0.202410251130/tools/bin/../lib/gcc/arm-none-eabi/12.3.1/thumb/v7e-m/nofp/crtbegin.o
 .ARM.attributes
                0x0000004c       0x2e ./Core/Src/kernel.o
 .ARM.attributes
                0x0000007a       0x2e ./Core/Src/main.o
 .ARM.attributes
                0x000000a8       0x2e ./Core/Src/stm32l4xx_hal_msp.o
 .ARM.attributes
                0x000000d6       0x2e ./Core/Src/stm32l4xx_it.o
 .ARM.attributes
                0x00000104       0x2e ./Core/Src/system_stm32l4xx.o
 .ARM.attributes
                0x00000132       0x21 ./Core/Startup/startup_stm32l475vgtx.o
 .ARM.attributes
                0x00000153       0x2e ./Drivers/STM32L4xx_HAL_Driver/Src/stm32l4xx_hal.o
 .ARM.attributes
                0x00000181       0x2e ./Drivers/STM32L4xx_HAL_Driver/Src/stm32l4xx_hal_cortex.o
 .ARM.attributes
                0x000001af       0x2e ./Drivers/STM32L4xx_HAL_Driver/Src/stm32l4xx_hal_dfsdm.o
 .ARM.attributes
                0x000001dd       0x2e ./Drivers/STM32L4xx_HAL_Driver/Src/stm32l4xx_hal_gpio.o
 .ARM.attributes
                0x0000020b       0x2e ./Drivers/STM32L4xx_HAL_Driver/Src/stm32l4xx_hal_i2c.o
 .ARM.attributes
                0x00000239       0x2e ./Drivers/STM32L4xx_HAL_Driver/Src/stm32l4xx_hal_i2c_ex.o
 .ARM.attributes
                0x00000267       0x2e ./Drivers/STM32L4xx_HAL_Driver/Src/stm32l4xx_hal_pcd.o
 .ARM.attributes
                0x00000295       0x2e ./Drivers/STM32L4xx_HAL_Driver/Src/stm32l4xx_hal_pcd_ex.o
 .ARM.attributes
                0x000002c3       0x2e ./Drivers/STM32L4xx_HAL_Driver/Src/stm32l4xx_hal_pwr.o
 .ARM.attributes
                0x000002f1       0x2e ./Drivers/STM32L4xx_HAL_Driver/Src/stm32l4xx_hal_pwr_ex.o
 .ARM.attributes
                0x0000031f       0x2e ./Drivers/STM32L4xx_HAL_Driver/Src/stm32l4xx_hal_qspi.o
 .ARM.attributes
                0x0000034d       0x2e ./Drivers/STM32L4xx_HAL_Driver/Src/stm32l4xx_hal_rcc.o
 .ARM.attributes
                0x0000037b       0x2e ./Drivers/STM32L4xx_HAL_Driver/Src/stm32l4xx_hal_rcc_ex.o
 .ARM.attributes
                0x000003a9       0x2e ./Drivers/STM32L4xx_HAL_Driver/Src/stm32l4xx_hal_spi.o
 .ARM.attributes
                0x000003d7       0x2e ./Drivers/STM32L4xx_HAL_Driver/Src/stm32l4xx_hal_uart.o
 .ARM.attributes
                0x00000405       0x2e ./Drivers/STM32L4xx_HAL_Driver/Src/stm32l4xx_ll_usb.o
 .ARM.attributes
                0x00000433       0x2e C:/ST/STM32CubeIDE_1.15.0/STM32CubeIDE/plugins/com.st.stm32cube.ide.mcu.externaltools.gnu-tools-for-stm32.12.3.rel1.win32_1.1.0.202410251130/tools/bin/../lib/gcc/arm-none-eabi/12.3.1/../../../../arm-none-eabi/lib/thumb/v7e-m/nofp\libc_nano.a(libc_a-memset.o)
 .ARM.attributes
                0x00000461       0x2e C:/ST/STM32CubeIDE_1.15.0/STM32CubeIDE/plugins/com.st.stm32cube.ide.mcu.externaltools.gnu-tools-for-stm32.12.3.rel1.win32_1.1.0.202410251130/tools/bin/../lib/gcc/arm-none-eabi/12.3.1/../../../../arm-none-eabi/lib/thumb/v7e-m/nofp\libc_nano.a(libc_a-init.o)
 .ARM.attributes
                0x0000048f       0x1e C:/ST/STM32CubeIDE_1.15.0/STM32CubeIDE/plugins/com.st.stm32cube.ide.mcu.externaltools.gnu-tools-for-stm32.12.3.rel1.win32_1.1.0.202410251130/tools/bin/../lib/gcc/arm-none-eabi/12.3.1/thumb/v7e-m/nofp\libgcc.a(_aeabi_uldivmod.o)
 .ARM.attributes
                0x000004ad       0x2e C:/ST/STM32CubeIDE_1.15.0/STM32CubeIDE/plugins/com.st.stm32cube.ide.mcu.externaltools.gnu-tools-for-stm32.12.3.rel1.win32_1.1.0.202410251130/tools/bin/../lib/gcc/arm-none-eabi/12.3.1/thumb/v7e-m/nofp\libgcc.a(_udivmoddi4.o)
 .ARM.attributes
                0x000004db       0x1e C:/ST/STM32CubeIDE_1.15.0/STM32CubeIDE/plugins/com.st.stm32cube.ide.mcu.externaltools.gnu-tools-for-stm32.12.3.rel1.win32_1.1.0.202410251130/tools/bin/../lib/gcc/arm-none-eabi/12.3.1/thumb/v7e-m/nofp\libgcc.a(_dvmd_tls.o)
 .ARM.attributes
                0x000004f9       0x1e C:/ST/STM32CubeIDE_1.15.0/STM32CubeIDE/plugins/com.st.stm32cube.ide.mcu.externaltools.gnu-tools-for-stm32.12.3.rel1.win32_1.1.0.202410251130/tools/bin/../lib/gcc/arm-none-eabi/12.3.1/thumb/v7e-m/nofp/crtn.o
OUTPUT(echtZeit_Systeme.elf elf32-littlearm)
LOAD linker stubs
LOAD C:/ST/STM32CubeIDE_1.15.0/STM32CubeIDE/plugins/com.st.stm32cube.ide.mcu.externaltools.gnu-tools-for-stm32.12.3.rel1.win32_1.1.0.202410251130/tools/bin/../lib/gcc/arm-none-eabi/12.3.1/../../../../arm-none-eabi/lib/thumb/v7e-m/nofp\libc.a
LOAD C:/ST/STM32CubeIDE_1.15.0/STM32CubeIDE/plugins/com.st.stm32cube.ide.mcu.externaltools.gnu-tools-for-stm32.12.3.rel1.win32_1.1.0.202410251130/tools/bin/../lib/gcc/arm-none-eabi/12.3.1/../../../../arm-none-eabi/lib/thumb/v7e-m/nofp\libm.a
LOAD C:/ST/STM32CubeIDE_1.15.0/STM32CubeIDE/plugins/com.st.stm32cube.ide.mcu.externaltools.gnu-tools-for-stm32.12.3.rel1.win32_1.1.0.202410251130/tools/bin/../lib/gcc/arm-none-eabi/12.3.1/thumb/v7e-m/nofp\libgcc.a

.debug_info     0x00000000    0x173df
 .debug_info    0x00000000      0x471 ./Core/Src/kernel.o
 .debug_info    0x00000471     0x20ea ./Core/Src/main.o
 .debug_info    0x0000255b     0x1f6e ./Core/Src/stm32l4xx_hal_msp.o
 .debug_info    0x000044c9      0x198 ./Core/Src/stm32l4xx_it.o
 .debug_info    0x00004661      0x3df ./Core/Src/system_stm32l4xx.o
 .debug_info    0x00004a40       0x30 ./Core/Startup/startup_stm32l475vgtx.o
 .debug_info    0x00004a70      0xb27 ./Drivers/STM32L4xx_HAL_Driver/Src/stm32l4xx_hal.o
 .debug_info    0x00005597      0xda7 ./Drivers/STM32L4xx_HAL_Driver/Src/stm32l4xx_hal_cortex.o
 .debug_info    0x0000633e     0x1a95 ./Drivers/STM32L4xx_HAL_Driver/Src/stm32l4xx_hal_dfsdm.o
 .debug_info    0x00007dd3      0x79f ./Drivers/STM32L4xx_HAL_Driver/Src/stm32l4xx_hal_gpio.o
 .debug_info    0x00008572     0x20fc ./Drivers/STM32L4xx_HAL_Driver/Src/stm32l4xx_hal_i2c.o
 .debug_info    0x0000a66e      0x99f ./Drivers/STM32L4xx_HAL_Driver/Src/stm32l4xx_hal_i2c_ex.o
 .debug_info    0x0000b00d     0x14fd ./Drivers/STM32L4xx_HAL_Driver/Src/stm32l4xx_hal_pcd.o
 .debug_info    0x0000c50a      0x8d2 ./Drivers/STM32L4xx_HAL_Driver/Src/stm32l4xx_hal_pcd_ex.o
 .debug_info    0x0000cddc      0x94a ./Drivers/STM32L4xx_HAL_Driver/Src/stm32l4xx_hal_pwr.o
 .debug_info    0x0000d726      0x9a6 ./Drivers/STM32L4xx_HAL_Driver/Src/stm32l4xx_hal_pwr_ex.o
 .debug_info    0x0000e0cc     0x1189 ./Drivers/STM32L4xx_HAL_Driver/Src/stm32l4xx_hal_qspi.o
 .debug_info    0x0000f255      0xc45 ./Drivers/STM32L4xx_HAL_Driver/Src/stm32l4xx_hal_rcc.o
 .debug_info    0x0000fe9a      0xe58 ./Drivers/STM32L4xx_HAL_Driver/Src/stm32l4xx_hal_rcc_ex.o
 .debug_info    0x00010cf2     0x1572 ./Drivers/STM32L4xx_HAL_Driver/Src/stm32l4xx_hal_spi.o
 .debug_info    0x00012264     0x3b8e ./Drivers/STM32L4xx_HAL_Driver/Src/stm32l4xx_hal_uart.o
 .debug_info    0x00015df2     0x15ed ./Drivers/STM32L4xx_HAL_Driver/Src/stm32l4xx_ll_usb.o

.debug_abbrev   0x00000000     0x317e
 .debug_abbrev  0x00000000      0x284 ./Core/Src/kernel.o
 .debug_abbrev  0x00000284      0x31d ./Core/Src/main.o
 .debug_abbrev  0x000005a1      0x275 ./Core/Src/stm32l4xx_hal_msp.o
 .debug_abbrev  0x00000816       0xdd ./Core/Src/stm32l4xx_it.o
 .debug_abbrev  0x000008f3      0x119 ./Core/Src/system_stm32l4xx.o
 .debug_abbrev  0x00000a0c       0x24 ./Core/Startup/startup_stm32l475vgtx.o
 .debug_abbrev  0x00000a30      0x243 ./Drivers/STM32L4xx_HAL_Driver/Src/stm32l4xx_hal.o
 .debug_abbrev  0x00000c73      0x31c ./Drivers/STM32L4xx_HAL_Driver/Src/stm32l4xx_hal_cortex.o
 .debug_abbrev  0x00000f8f      0x28f ./Drivers/STM32L4xx_HAL_Driver/Src/stm32l4xx_hal_dfsdm.o
 .debug_abbrev  0x0000121e      0x1d1 ./Drivers/STM32L4xx_HAL_Driver/Src/stm32l4xx_hal_gpio.o
 .debug_abbrev  0x000013ef      0x285 ./Drivers/STM32L4xx_HAL_Driver/Src/stm32l4xx_hal_i2c.o
 .debug_abbrev  0x00001674      0x1cb ./Drivers/STM32L4xx_HAL_Driver/Src/stm32l4xx_hal_i2c_ex.o
 .debug_abbrev  0x0000183f      0x2eb ./Drivers/STM32L4xx_HAL_Driver/Src/stm32l4xx_hal_pcd.o
 .debug_abbrev  0x00001b2a      0x25c ./Drivers/STM32L4xx_HAL_Driver/Src/stm32l4xx_hal_pcd_ex.o
 .debug_abbrev  0x00001d86      0x1e5 ./Drivers/STM32L4xx_HAL_Driver/Src/stm32l4xx_hal_pwr.o
 .debug_abbrev  0x00001f6b      0x1f9 ./Drivers/STM32L4xx_HAL_Driver/Src/stm32l4xx_hal_pwr_ex.o
 .debug_abbrev  0x00002164      0x273 ./Drivers/STM32L4xx_HAL_Driver/Src/stm32l4xx_hal_qspi.o
 .debug_abbrev  0x000023d7      0x2dc ./Drivers/STM32L4xx_HAL_Driver/Src/stm32l4xx_hal_rcc.o
 .debug_abbrev  0x000026b3      0x2a5 ./Drivers/STM32L4xx_HAL_Driver/Src/stm32l4xx_hal_rcc_ex.o
 .debug_abbrev  0x00002958      0x282 ./Drivers/STM32L4xx_HAL_Driver/Src/stm32l4xx_hal_spi.o
 .debug_abbrev  0x00002bda      0x2f3 ./Drivers/STM32L4xx_HAL_Driver/Src/stm32l4xx_hal_uart.o
 .debug_abbrev  0x00002ecd      0x2b1 ./Drivers/STM32L4xx_HAL_Driver/Src/stm32l4xx_ll_usb.o

.debug_aranges  0x00000000     0x15a0
 .debug_aranges
                0x00000000       0x58 ./Core/Src/kernel.o
 .debug_aranges
                0x00000058       0x80 ./Core/Src/main.o
 .debug_aranges
                0x000000d8       0x80 ./Core/Src/stm32l4xx_hal_msp.o
 .debug_aranges
                0x00000158       0x68 ./Core/Src/stm32l4xx_it.o
 .debug_aranges
                0x000001c0       0x28 ./Core/Src/system_stm32l4xx.o
 .debug_aranges
                0x000001e8       0x28 ./Core/Startup/startup_stm32l475vgtx.o
 .debug_aranges
                0x00000210      0x130 ./Drivers/STM32L4xx_HAL_Driver/Src/stm32l4xx_hal.o
 .debug_aranges
                0x00000340      0x128 ./Drivers/STM32L4xx_HAL_Driver/Src/stm32l4xx_hal_cortex.o
 .debug_aranges
                0x00000468      0x248 ./Drivers/STM32L4xx_HAL_Driver/Src/stm32l4xx_hal_dfsdm.o
 .debug_aranges
                0x000006b0       0x58 ./Drivers/STM32L4xx_HAL_Driver/Src/stm32l4xx_hal_gpio.o
 .debug_aranges
                0x00000708      0x2a0 ./Drivers/STM32L4xx_HAL_Driver/Src/stm32l4xx_hal_i2c.o
 .debug_aranges
                0x000009a8       0x48 ./Drivers/STM32L4xx_HAL_Driver/Src/stm32l4xx_hal_i2c_ex.o
 .debug_aranges
                0x000009f0      0x138 ./Drivers/STM32L4xx_HAL_Driver/Src/stm32l4xx_hal_pcd.o
 .debug_aranges
                0x00000b28       0x60 ./Drivers/STM32L4xx_HAL_Driver/Src/stm32l4xx_hal_pcd_ex.o
 .debug_aranges
                0x00000b88       0x98 ./Drivers/STM32L4xx_HAL_Driver/Src/stm32l4xx_hal_pwr.o
 .debug_aranges
                0x00000c20      0x150 ./Drivers/STM32L4xx_HAL_Driver/Src/stm32l4xx_hal_pwr_ex.o
 .debug_aranges
                0x00000d70      0x160 ./Drivers/STM32L4xx_HAL_Driver/Src/stm32l4xx_hal_qspi.o
 .debug_aranges
                0x00000ed0       0x90 ./Drivers/STM32L4xx_HAL_Driver/Src/stm32l4xx_hal_rcc.o
 .debug_aranges
                0x00000f60       0xc0 ./Drivers/STM32L4xx_HAL_Driver/Src/stm32l4xx_hal_rcc_ex.o
 .debug_aranges
                0x00001020      0x1d8 ./Drivers/STM32L4xx_HAL_Driver/Src/stm32l4xx_hal_spi.o
 .debug_aranges
                0x000011f8      0x228 ./Drivers/STM32L4xx_HAL_Driver/Src/stm32l4xx_hal_uart.o
 .debug_aranges
                0x00001420      0x180 ./Drivers/STM32L4xx_HAL_Driver/Src/stm32l4xx_ll_usb.o

.debug_rnglists
                0x00000000     0x10c3
 .debug_rnglists
                0x00000000       0x3f ./Core/Src/kernel.o
 .debug_rnglists
                0x0000003f       0x5d ./Core/Src/main.o
 .debug_rnglists
                0x0000009c       0x61 ./Core/Src/stm32l4xx_hal_msp.o
 .debug_rnglists
                0x000000fd       0x49 ./Core/Src/stm32l4xx_it.o
 .debug_rnglists
                0x00000146       0x1a ./Core/Src/system_stm32l4xx.o
 .debug_rnglists
                0x00000160       0x19 ./Core/Startup/startup_stm32l475vgtx.o
 .debug_rnglists
                0x00000179       0xdf ./Drivers/STM32L4xx_HAL_Driver/Src/stm32l4xx_hal.o
 .debug_rnglists
                0x00000258       0xd9 ./Drivers/STM32L4xx_HAL_Driver/Src/stm32l4xx_hal_cortex.o
 .debug_rnglists
                0x00000331      0x1c7 ./Drivers/STM32L4xx_HAL_Driver/Src/stm32l4xx_hal_dfsdm.o
 .debug_rnglists
                0x000004f8       0x3f ./Drivers/STM32L4xx_HAL_Driver/Src/stm32l4xx_hal_gpio.o
 .debug_rnglists
                0x00000537      0x228 ./Drivers/STM32L4xx_HAL_Driver/Src/stm32l4xx_hal_i2c.o
 .debug_rnglists
                0x0000075f       0x35 ./Drivers/STM32L4xx_HAL_Driver/Src/stm32l4xx_hal_i2c_ex.o
 .debug_rnglists
                0x00000794       0xed ./Drivers/STM32L4xx_HAL_Driver/Src/stm32l4xx_hal_pcd.o
 .debug_rnglists
                0x00000881       0x45 ./Drivers/STM32L4xx_HAL_Driver/Src/stm32l4xx_hal_pcd_ex.o
 .debug_rnglists
                0x000008c6       0x6e ./Drivers/STM32L4xx_HAL_Driver/Src/stm32l4xx_hal_pwr.o
 .debug_rnglists
                0x00000934       0xfd ./Drivers/STM32L4xx_HAL_Driver/Src/stm32l4xx_hal_pwr_ex.o
 .debug_rnglists
                0x00000a31      0x113 ./Drivers/STM32L4xx_HAL_Driver/Src/stm32l4xx_hal_qspi.o
 .debug_rnglists
                0x00000b44       0x6d ./Drivers/STM32L4xx_HAL_Driver/Src/stm32l4xx_hal_rcc.o
 .debug_rnglists
                0x00000bb1       0x95 ./Drivers/STM32L4xx_HAL_Driver/Src/stm32l4xx_hal_rcc_ex.o
 .debug_rnglists
                0x00000c46      0x178 ./Drivers/STM32L4xx_HAL_Driver/Src/stm32l4xx_hal_spi.o
 .debug_rnglists
                0x00000dbe      0x1da ./Drivers/STM32L4xx_HAL_Driver/Src/stm32l4xx_hal_uart.o
 .debug_rnglists
                0x00000f98      0x12b ./Drivers/STM32L4xx_HAL_Driver/Src/stm32l4xx_ll_usb.o

.debug_macro    0x00000000    0x2826b
 .debug_macro   0x00000000      0x345 ./Core/Src/kernel.o
 .debug_macro   0x00000345      0xaa8 ./Core/Src/kernel.o
 .debug_macro   0x00000ded       0x22 ./Core/Src/kernel.o
 .debug_macro   0x00000e0f       0x8e ./Core/Src/kernel.o
 .debug_macro   0x00000e9d       0x51 ./Core/Src/kernel.o
 .debug_macro   0x00000eee      0x103 ./Core/Src/kernel.o
 .debug_macro   0x00000ff1       0x6a ./Core/Src/kernel.o
 .debug_macro   0x0000105b      0x1df ./Core/Src/kernel.o
 .debug_macro   0x0000123a       0x10 ./Core/Src/kernel.o
 .debug_macro   0x0000124a       0x61 ./Core/Src/kernel.o
 .debug_macro   0x000012ab       0x24 ./Core/Src/kernel.o
 .debug_macro   0x000012cf       0x43 ./Core/Src/kernel.o
 .debug_macro   0x00001312       0x34 ./Core/Src/kernel.o
 .debug_macro   0x00001346      0x189 ./Core/Src/kernel.o
 .debug_macro   0x000014cf       0x16 ./Core/Src/kernel.o
 .debug_macro   0x000014e5       0x43 ./Core/Src/kernel.o
 .debug_macro   0x00001528       0x34 ./Core/Src/kernel.o
 .debug_macro   0x0000155c       0x10 ./Core/Src/kernel.o
 .debug_macro   0x0000156c       0x58 ./Core/Src/kernel.o
 .debug_macro   0x000015c4       0x8e ./Core/Src/kernel.o
 .debug_macro   0x00001652       0x1c ./Core/Src/kernel.o
 .debug_macro   0x0000166e      0x177 ./Core/Src/kernel.o
 .debug_macro   0x000017e5      0x369 ./Core/Src/kernel.o
 .debug_macro   0x00001b4e       0x10 ./Core/Src/kernel.o
 .debug_macro   0x00001b5e       0x35 ./Core/Src/kernel.o
 .debug_macro   0x00001b93       0x20 ./Core/Src/kernel.o
 .debug_macro   0x00001bb3      0x1bf ./Core/Src/kernel.o
 .debug_macro   0x00001d72       0x2e ./Core/Src/kernel.o
 .debug_macro   0x00001da0       0x28 ./Core/Src/kernel.o
 .debug_macro   0x00001dc8       0x1c ./Core/Src/kernel.o
 .debug_macro   0x00001de4       0x22 ./Core/Src/kernel.o
 .debug_macro   0x00001e06       0xfb ./Core/Src/kernel.o
 .debug_macro   0x00001f01     0x1011 ./Core/Src/kernel.o
 .debug_macro   0x00002f12      0x11f ./Core/Src/kernel.o
 .debug_macro   0x00003031    0x19ddb ./Core/Src/kernel.o
 .debug_macro   0x0001ce0c       0x6d ./Core/Src/kernel.o
 .debug_macro   0x0001ce79     0x38fb ./Core/Src/kernel.o
 .debug_macro   0x00020774       0x56 ./Core/Src/kernel.o
 .debug_macro   0x000207ca     0x1558 ./Core/Src/kernel.o
 .debug_macro   0x00021d22      0x5a5 ./Core/Src/kernel.o
 .debug_macro   0x000222c7      0x1b9 ./Core/Src/kernel.o
 .debug_macro   0x00022480      0x17d ./Core/Src/kernel.o
 .debug_macro   0x000225fd      0x2c4 ./Core/Src/kernel.o
 .debug_macro   0x000228c1      0x27a ./Core/Src/kernel.o
 .debug_macro   0x00022b3b      0x29c ./Core/Src/kernel.o
 .debug_macro   0x00022dd7      0x23d ./Core/Src/kernel.o
 .debug_macro   0x00023014      0x241 ./Core/Src/kernel.o
 .debug_macro   0x00023255      0x37c ./Core/Src/kernel.o
 .debug_macro   0x000235d1       0xd6 ./Core/Src/kernel.o
 .debug_macro   0x000236a7      0x22c ./Core/Src/kernel.o
 .debug_macro   0x000238d3       0x61 ./Core/Src/kernel.o
 .debug_macro   0x00023934       0xa5 ./Core/Src/kernel.o
 .debug_macro   0x000239d9      0x215 ./Core/Src/kernel.o
 .debug_macro   0x00023bee       0x97 ./Core/Src/kernel.o
 .debug_macro   0x00023c85      0x122 ./Core/Src/kernel.o
 .debug_macro   0x00023da7      0x3e8 ./Core/Src/kernel.o
 .debug_macro   0x0002418f      0x2a3 ./Core/Src/kernel.o
 .debug_macro   0x00024432      0x2fe ./Core/Src/kernel.o
 .debug_macro   0x00024730      0x5cf ./Core/Src/kernel.o
 .debug_macro   0x00024cff       0x44 ./Core/Src/kernel.o
 .debug_macro   0x00024d43      0x330 ./Core/Src/kernel.o
 .debug_macro   0x00025073      0x435 ./Core/Src/kernel.o
 .debug_macro   0x000254a8      0x248 ./Core/Src/main.o
 .debug_macro   0x000256f0       0x5c ./Core/Src/main.o
 .debug_macro   0x0002574c       0x10 ./Core/Src/main.o
 .debug_macro   0x0002575c      0x230 ./Core/Src/stm32l4xx_hal_msp.o
 .debug_macro   0x0002598c      0x252 ./Core/Src/stm32l4xx_it.o
 .debug_macro   0x00025bde      0x221 ./Core/Src/system_stm32l4xx.o
 .debug_macro   0x00025dff      0x26f ./Drivers/STM32L4xx_HAL_Driver/Src/stm32l4xx_hal.o
 .debug_macro   0x0002606e      0x221 ./Drivers/STM32L4xx_HAL_Driver/Src/stm32l4xx_hal_cortex.o
 .debug_macro   0x0002628f      0x245 ./Drivers/STM32L4xx_HAL_Driver/Src/stm32l4xx_hal_dfsdm.o
 .debug_macro   0x000264d4      0x228 ./Drivers/STM32L4xx_HAL_Driver/Src/stm32l4xx_hal_gpio.o
 .debug_macro   0x000266fc      0x2ed ./Drivers/STM32L4xx_HAL_Driver/Src/stm32l4xx_hal_i2c.o
 .debug_macro   0x000269e9      0x221 ./Drivers/STM32L4xx_HAL_Driver/Src/stm32l4xx_hal_i2c_ex.o
 .debug_macro   0x00026c0a      0x22d ./Drivers/STM32L4xx_HAL_Driver/Src/stm32l4xx_hal_pcd.o
 .debug_macro   0x00026e37      0x221 ./Drivers/STM32L4xx_HAL_Driver/Src/stm32l4xx_hal_pcd_ex.o
 .debug_macro   0x00027058      0x239 ./Drivers/STM32L4xx_HAL_Driver/Src/stm32l4xx_hal_pwr.o
 .debug_macro   0x00027291      0x245 ./Drivers/STM32L4xx_HAL_Driver/Src/stm32l4xx_hal_pwr_ex.o
 .debug_macro   0x000274d6      0x245 ./Drivers/STM32L4xx_HAL_Driver/Src/stm32l4xx_hal_qspi.o
 .debug_macro   0x0002771b      0x263 ./Drivers/STM32L4xx_HAL_Driver/Src/stm32l4xx_hal_rcc.o
 .debug_macro   0x0002797e      0x257 ./Drivers/STM32L4xx_HAL_Driver/Src/stm32l4xx_hal_rcc_ex.o
 .debug_macro   0x00027bd5      0x229 ./Drivers/STM32L4xx_HAL_Driver/Src/stm32l4xx_hal_spi.o
 .debug_macro   0x00027dfe      0x24c ./Drivers/STM32L4xx_HAL_Driver/Src/stm32l4xx_hal_uart.o
 .debug_macro   0x0002804a      0x221 ./Drivers/STM32L4xx_HAL_Driver/Src/stm32l4xx_ll_usb.o

.debug_line     0x00000000    0x19d79
 .debug_line    0x00000000      0xae3 ./Core/Src/kernel.o
 .debug_line    0x00000ae3      0xbeb ./Core/Src/main.o
 .debug_line    0x000016ce      0xaa7 ./Core/Src/stm32l4xx_hal_msp.o
 .debug_line    0x00002175      0x903 ./Core/Src/stm32l4xx_it.o
 .debug_line    0x00002a78      0x89b ./Core/Src/system_stm32l4xx.o
 .debug_line    0x00003313       0x7a ./Core/Startup/startup_stm32l475vgtx.o
 .debug_line    0x0000338d      0xbfc ./Drivers/STM32L4xx_HAL_Driver/Src/stm32l4xx_hal.o
 .debug_line    0x00003f89      0xdc5 ./Drivers/STM32L4xx_HAL_Driver/Src/stm32l4xx_hal_cortex.o
 .debug_line    0x00004d4e     0x1f91 ./Drivers/STM32L4xx_HAL_Driver/Src/stm32l4xx_hal_dfsdm.o
 .debug_line    0x00006cdf      0xc88 ./Drivers/STM32L4xx_HAL_Driver/Src/stm32l4xx_hal_gpio.o
 .debug_line    0x00007967     0x3b3b ./Drivers/STM32L4xx_HAL_Driver/Src/stm32l4xx_hal_i2c.o
 .debug_line    0x0000b4a2      0xa24 ./Drivers/STM32L4xx_HAL_Driver/Src/stm32l4xx_hal_i2c_ex.o
 .debug_line    0x0000bec6     0x145a ./Drivers/STM32L4xx_HAL_Driver/Src/stm32l4xx_hal_pcd.o
 .debug_line    0x0000d320      0xa14 ./Drivers/STM32L4xx_HAL_Driver/Src/stm32l4xx_hal_pcd_ex.o
 .debug_line    0x0000dd34      0x9d3 ./Drivers/STM32L4xx_HAL_Driver/Src/stm32l4xx_hal_pwr.o
 .debug_line    0x0000e707      0xdbe ./Drivers/STM32L4xx_HAL_Driver/Src/stm32l4xx_hal_pwr_ex.o
 .debug_line    0x0000f4c5     0x1542 ./Drivers/STM32L4xx_HAL_Driver/Src/stm32l4xx_hal_qspi.o
 .debug_line    0x00010a07     0x1075 ./Drivers/STM32L4xx_HAL_Driver/Src/stm32l4xx_hal_rcc.o
 .debug_line    0x00011a7c     0x15e8 ./Drivers/STM32L4xx_HAL_Driver/Src/stm32l4xx_hal_rcc_ex.o
 .debug_line    0x00013064     0x20d2 ./Drivers/STM32L4xx_HAL_Driver/Src/stm32l4xx_hal_spi.o
 .debug_line    0x00015136     0x331e ./Drivers/STM32L4xx_HAL_Driver/Src/stm32l4xx_hal_uart.o
 .debug_line    0x00018454     0x1925 ./Drivers/STM32L4xx_HAL_Driver/Src/stm32l4xx_ll_usb.o

.debug_str      0x00000000    0xf4911
 .debug_str     0x00000000    0xed7df ./Core/Src/kernel.o
                              0xeda99 (size before relaxing)
 .debug_str     0x000ed7df     0x17c7 ./Core/Src/main.o
                              0xec0d5 (size before relaxing)
 .debug_str     0x000eefa6      0x3b6 ./Core/Src/stm32l4xx_hal_msp.o
                              0xeba73 (size before relaxing)
 .debug_str     0x000ef35c       0xfb ./Core/Src/stm32l4xx_it.o
                              0xea617 (size before relaxing)
 .debug_str     0x000ef457       0x9e ./Core/Src/system_stm32l4xx.o
                              0xe9305 (size before relaxing)
 .debug_str     0x000ef4f5       0x44 ./Core/Startup/startup_stm32l475vgtx.o
                                 0x90 (size before relaxing)
 .debug_str     0x000ef539      0x637 ./Drivers/STM32L4xx_HAL_Driver/Src/stm32l4xx_hal.o
                              0xe9ef8 (size before relaxing)
 .debug_str     0x000efb70      0x3b3 ./Drivers/STM32L4xx_HAL_Driver/Src/stm32l4xx_hal_cortex.o
                              0xe9bc9 (size before relaxing)
 .debug_str     0x000eff23      0xc31 ./Drivers/STM32L4xx_HAL_Driver/Src/stm32l4xx_hal_dfsdm.o
                              0xea277 (size before relaxing)
 .debug_str     0x000f0b54       0xf7 ./Drivers/STM32L4xx_HAL_Driver/Src/stm32l4xx_hal_gpio.o
                              0xe94e4 (size before relaxing)
 .debug_str     0x000f0c4b      0xdde ./Drivers/STM32L4xx_HAL_Driver/Src/stm32l4xx_hal_i2c.o
                              0xea55a (size before relaxing)
 .debug_str     0x000f1a29       0xb8 ./Drivers/STM32L4xx_HAL_Driver/Src/stm32l4xx_hal_i2c_ex.o
                              0xe9866 (size before relaxing)
 .debug_str     0x000f1ae1      0x7e9 ./Drivers/STM32L4xx_HAL_Driver/Src/stm32l4xx_hal_pcd.o
                              0xe9dda (size before relaxing)
 .debug_str     0x000f22ca      0x174 ./Drivers/STM32L4xx_HAL_Driver/Src/stm32l4xx_hal_pcd_ex.o
                              0xe97a8 (size before relaxing)
 .debug_str     0x000f243e      0x34b ./Drivers/STM32L4xx_HAL_Driver/Src/stm32l4xx_hal_pwr.o
                              0xe96c4 (size before relaxing)
 .debug_str     0x000f2789      0x3ab ./Drivers/STM32L4xx_HAL_Driver/Src/stm32l4xx_hal_pwr_ex.o
                              0xe9879 (size before relaxing)
 .debug_str     0x000f2b34      0x6a5 ./Drivers/STM32L4xx_HAL_Driver/Src/stm32l4xx_hal_qspi.o
                              0xe9c94 (size before relaxing)
 .debug_str     0x000f31d9      0x38d ./Drivers/STM32L4xx_HAL_Driver/Src/stm32l4xx_hal_rcc.o
                              0xe999f (size before relaxing)
 .debug_str     0x000f3566      0x371 ./Drivers/STM32L4xx_HAL_Driver/Src/stm32l4xx_hal_rcc_ex.o
                              0xe9b2a (size before relaxing)
 .debug_str     0x000f38d7      0x529 ./Drivers/STM32L4xx_HAL_Driver/Src/stm32l4xx_hal_spi.o
                              0xe9b74 (size before relaxing)
 .debug_str     0x000f3e00      0x8a6 ./Drivers/STM32L4xx_HAL_Driver/Src/stm32l4xx_hal_uart.o
                              0xea0b1 (size before relaxing)
 .debug_str     0x000f46a6      0x26b ./Drivers/STM32L4xx_HAL_Driver/Src/stm32l4xx_ll_usb.o
                              0xe9a94 (size before relaxing)

.comment        0x00000000       0x43
 .comment       0x00000000       0x43 ./Core/Src/kernel.o
                                 0x44 (size before relaxing)
 .comment       0x00000043       0x44 ./Core/Src/main.o
 .comment       0x00000043       0x44 ./Core/Src/stm32l4xx_hal_msp.o
 .comment       0x00000043       0x44 ./Core/Src/stm32l4xx_it.o
 .comment       0x00000043       0x44 ./Core/Src/system_stm32l4xx.o
 .comment       0x00000043       0x44 ./Drivers/STM32L4xx_HAL_Driver/Src/stm32l4xx_hal.o
 .comment       0x00000043       0x44 ./Drivers/STM32L4xx_HAL_Driver/Src/stm32l4xx_hal_cortex.o
 .comment       0x00000043       0x44 ./Drivers/STM32L4xx_HAL_Driver/Src/stm32l4xx_hal_dfsdm.o
 .comment       0x00000043       0x44 ./Drivers/STM32L4xx_HAL_Driver/Src/stm32l4xx_hal_gpio.o
 .comment       0x00000043       0x44 ./Drivers/STM32L4xx_HAL_Driver/Src/stm32l4xx_hal_i2c.o
 .comment       0x00000043       0x44 ./Drivers/STM32L4xx_HAL_Driver/Src/stm32l4xx_hal_i2c_ex.o
 .comment       0x00000043       0x44 ./Drivers/STM32L4xx_HAL_Driver/Src/stm32l4xx_hal_pcd.o
 .comment       0x00000043       0x44 ./Drivers/STM32L4xx_HAL_Driver/Src/stm32l4xx_hal_pcd_ex.o
 .comment       0x00000043       0x44 ./Drivers/STM32L4xx_HAL_Driver/Src/stm32l4xx_hal_pwr.o
 .comment       0x00000043       0x44 ./Drivers/STM32L4xx_HAL_Driver/Src/stm32l4xx_hal_pwr_ex.o
 .comment       0x00000043       0x44 ./Drivers/STM32L4xx_HAL_Driver/Src/stm32l4xx_hal_qspi.o
 .comment       0x00000043       0x44 ./Drivers/STM32L4xx_HAL_Driver/Src/stm32l4xx_hal_rcc.o
 .comment       0x00000043       0x44 ./Drivers/STM32L4xx_HAL_Driver/Src/stm32l4xx_hal_rcc_ex.o
 .comment       0x00000043       0x44 ./Drivers/STM32L4xx_HAL_Driver/Src/stm32l4xx_hal_spi.o
 .comment       0x00000043       0x44 ./Drivers/STM32L4xx_HAL_Driver/Src/stm32l4xx_hal_uart.o
 .comment       0x00000043       0x44 ./Drivers/STM32L4xx_HAL_Driver/Src/stm32l4xx_ll_usb.o

.debug_frame    0x00000000     0x5c60
 .debug_frame   0x00000000      0x104 ./Core/Src/kernel.o
 .debug_frame   0x00000104      0x194 ./Core/Src/main.o
 .debug_frame   0x00000298      0x1f8 ./Core/Src/stm32l4xx_hal_msp.o
 .debug_frame   0x00000490      0x11c ./Core/Src/stm32l4xx_it.o
 .debug_frame   0x000005ac       0x58 ./Core/Src/system_stm32l4xx.o
 .debug_frame   0x00000604      0x498 ./Drivers/STM32L4xx_HAL_Driver/Src/stm32l4xx_hal.o
 .debug_frame   0x00000a9c      0x4e8 ./Drivers/STM32L4xx_HAL_Driver/Src/stm32l4xx_hal_cortex.o
 .debug_frame   0x00000f84      0xa78 ./Drivers/STM32L4xx_HAL_Driver/Src/stm32l4xx_hal_dfsdm.o
 .debug_frame   0x000019fc      0x14c ./Drivers/STM32L4xx_HAL_Driver/Src/stm32l4xx_hal_gpio.o
 .debug_frame   0x00001b48      0xc38 ./Drivers/STM32L4xx_HAL_Driver/Src/stm32l4xx_hal_i2c.o
 .debug_frame   0x00002780      0x100 ./Drivers/STM32L4xx_HAL_Driver/Src/stm32l4xx_hal_i2c_ex.o
 .debug_frame   0x00002880      0x564 ./Drivers/STM32L4xx_HAL_Driver/Src/stm32l4xx_hal_pcd.o
 .debug_frame   0x00002de4      0x174 ./Drivers/STM32L4xx_HAL_Driver/Src/stm32l4xx_hal_pcd_ex.o
 .debug_frame   0x00002f58      0x230 ./Drivers/STM32L4xx_HAL_Driver/Src/stm32l4xx_hal_pwr.o
 .debug_frame   0x00003188      0x544 ./Drivers/STM32L4xx_HAL_Driver/Src/stm32l4xx_hal_pwr_ex.o
 .debug_frame   0x000036cc      0x65c ./Drivers/STM32L4xx_HAL_Driver/Src/stm32l4xx_hal_qspi.o
 .debug_frame   0x00003d28      0x21c ./Drivers/STM32L4xx_HAL_Driver/Src/stm32l4xx_hal_rcc.o
 .debug_frame   0x00003f44      0x2fc ./Drivers/STM32L4xx_HAL_Driver/Src/stm32l4xx_hal_rcc_ex.o
 .debug_frame   0x00004240      0x860 ./Drivers/STM32L4xx_HAL_Driver/Src/stm32l4xx_hal_spi.o
 .debug_frame   0x00004aa0      0x9f4 ./Drivers/STM32L4xx_HAL_Driver/Src/stm32l4xx_hal_uart.o
 .debug_frame   0x00005494      0x720 ./Drivers/STM32L4xx_HAL_Driver/Src/stm32l4xx_ll_usb.o
 .debug_frame   0x00005bb4       0x20 C:/ST/STM32CubeIDE_1.15.0/STM32CubeIDE/plugins/com.st.stm32cube.ide.mcu.externaltools.gnu-tools-for-stm32.12.3.rel1.win32_1.1.0.202410251130/tools/bin/../lib/gcc/arm-none-eabi/12.3.1/../../../../arm-none-eabi/lib/thumb/v7e-m/nofp\libc_nano.a(libc_a-memset.o)
 .debug_frame   0x00005bd4       0x2c C:/ST/STM32CubeIDE_1.15.0/STM32CubeIDE/plugins/com.st.stm32cube.ide.mcu.externaltools.gnu-tools-for-stm32.12.3.rel1.win32_1.1.0.202410251130/tools/bin/../lib/gcc/arm-none-eabi/12.3.1/../../../../arm-none-eabi/lib/thumb/v7e-m/nofp\libc_nano.a(libc_a-init.o)
 .debug_frame   0x00005c00       0x2c C:/ST/STM32CubeIDE_1.15.0/STM32CubeIDE/plugins/com.st.stm32cube.ide.mcu.externaltools.gnu-tools-for-stm32.12.3.rel1.win32_1.1.0.202410251130/tools/bin/../lib/gcc/arm-none-eabi/12.3.1/thumb/v7e-m/nofp\libgcc.a(_aeabi_uldivmod.o)
 .debug_frame   0x00005c2c       0x34 C:/ST/STM32CubeIDE_1.15.0/STM32CubeIDE/plugins/com.st.stm32cube.ide.mcu.externaltools.gnu-tools-for-stm32.12.3.rel1.win32_1.1.0.202410251130/tools/bin/../lib/gcc/arm-none-eabi/12.3.1/thumb/v7e-m/nofp\libgcc.a(_udivmoddi4.o)

.debug_line_str
                0x00000000       0x74
 .debug_line_str
                0x00000000       0x74 ./Core/Startup/startup_stm32l475vgtx.o
