../Core/Src/kernel.c:37:13:Kernel_TaskReturnHook	4	static,ignoring_inline_asm
../Core/Src/kernel.c:47:13:Kernel_IdleTask	4	static,ignoring_inline_asm
../Core/Src/kernel.c:56:10:Kernel_ContextSwitch	16	static
../Core/Src/kernel.c:84:6:Kernel_InitializeHardwareAndTCBStructures	16	static
../Core/Src/kernel.c:102:34:Kernel_CreateNewTask	24	static
../Core/Src/kernel.c:144:6:Kernel_StartScheduling	8	static,ignoring_inline_asm
../Core/Src/kernel.c:156:6:Kernel_RequestContextSwitch	16	static
../Core/Src/kernel.c:166:29:PendSV_Handler	0	static,ignoring_inline_asm
