../Core/Src/main.c:80:6:Task1_Einschalten	2
../Core/Src/main.c:97:6:Task2_Ausschalten	2
../Core/Src/main.c:115:5:main	1
../Core/Src/main.c:179:6:SystemClock_Config	4
../Core/Src/main.c:240:13:MX_DFSDM1_Init	2
../Core/Src/main.c:278:13:MX_I2C2_Init	4
../Core/Src/main.c:326:13:MX_QUADSPI_Init	2
../Core/Src/main.c:359:13:MX_SPI3_Init	2
../Core/Src/main.c:399:13:MX_USART1_UART_Init	2
../Core/Src/main.c:434:13:MX_USART3_UART_Init	2
../Core/Src/main.c:469:13:MX_USB_OTG_FS_PCD_Init	2
../Core/Src/main.c:504:13:MX_GPIO_Init	1
../Core/Src/main.c:698:6:Error_Handler	1
