2026-05-18 15:21:29,117 [INFO] Activator:176 - 


2026-05-18 15:21:29,120 [INFO] Activator:177 - !SESSION log4j initialized
2026-05-18 15:21:33,018 [INFO] LogOutputStream:77 - [STDOUT_REDIRECT] 
2026-05-18 15:21:36,990 [INFO] ApplicationProperties:184 - Using Application install path: C:\ST\STM32CubeIDE_1.15.0\STM32CubeIDE\plugins\com.st.stm32cube.common.mx_6.13.0.202411220809
2026-05-18 15:21:37,023 [INFO] DbMcusXml:78 - Set database path to: C:\ST\STM32CubeIDE_1.15.0\STM32CubeIDE\plugins\com.st.stm32cube.common.mx_6.13.0.202411220809\\db\/mcu/
2026-05-18 15:21:37,023 [INFO] ApiDb:274 - Set plugin database path to: C:\ST\STM32CubeIDE_1.15.0\STM32CubeIDE\plugins\com.st.stm32cube.common.mx_6.13.0.202411220809\\db\/plugins/boardmanager/
2026-05-18 15:21:37,025 [WARN] ApiDb:259 - Overriding images path with different value:  => C:\ST\STM32CubeIDE_1.15.0\STM32CubeIDE\plugins\com.st.stm32cube.common.mx_6.13.0.202411220809\\db\/plugins/mcufinder/images/
2026-05-18 15:21:37,035 [INFO] ApiDb:250 - Set database path to: C:\Users\mouns\.stmcufinder\plugins\mcufinder//mcu/
2026-05-18 15:21:37,038 [INFO] DbMcusAds:125 - Set database path to: C:\Users\mouns\.stmcufinder\plugins\mcufinder//mcu/
2026-05-18 15:21:37,044 [INFO] CrossReferenceDbSqlite:203 - Set database path to: C:\Users\mouns\.stmcufinder\plugins\mcufinder//mcu/cs/
2026-05-18 15:21:37,298 [INFO] RulesReader:64 - Compatibility file has been processed (297 Rules)
2026-05-18 15:21:37,442 [INFO] DbMcusXml:78 - Set database path to: C:\ST\STM32CubeIDE_1.15.0\STM32CubeIDE\plugins\com.st.stm32cube.common.mx_6.13.0.202411220809\\db\/mcu/
2026-05-18 15:21:37,442 [INFO] ApiDb:274 - Set plugin database path to: C:\ST\STM32CubeIDE_1.15.0\STM32CubeIDE\plugins\com.st.stm32cube.common.mx_6.13.0.202411220809\\db\/plugins/boardmanager/
2026-05-18 15:21:37,443 [INFO] ApiDb:261 - Set plugin images path to: C:\ST\STM32CubeIDE_1.15.0\STM32CubeIDE\plugins\com.st.stm32cube.common.mx_6.13.0.202411220809\\db\/plugins/mcufinder/images/
2026-05-18 15:21:37,443 [WARN] DbFile:41 - Overriding database path with different value: C:\Users\mouns\.stmcufinder\plugins\mcufinder/ => C:\Users\mouns\.stmcufinder\plugins\mcufinder
2026-05-18 15:21:37,444 [INFO] ApiDb:250 - Set database path to: C:\Users\mouns\.stmcufinder\plugins\mcufinder//mcu/
2026-05-18 15:21:37,445 [WARN] DbFile:41 - Overriding database path with different value: C:\Users\mouns\.stmcufinder\plugins\mcufinder/ => C:\Users\mouns\.stmcufinder\plugins\mcufinder
2026-05-18 15:21:37,445 [INFO] DbMcusAds:125 - Set database path to: C:\Users\mouns\.stmcufinder\plugins\mcufinder//mcu/
2026-05-18 15:21:37,445 [WARN] DbFile:41 - Overriding database path with different value: C:\Users\mouns\.stmcufinder\plugins\mcufinder/ => C:\Users\mouns\.stmcufinder\plugins\mcufinder
2026-05-18 15:21:37,445 [WARN] DbFile:41 - Overriding database path with different value: C:\Users\mouns\.stmcufinder\plugins\mcufinder/ => C:\Users\mouns\.stmcufinder\plugins\mcufinder
2026-05-18 15:21:37,445 [INFO] CrossReferenceDbSqlite:203 - Set database path to: C:\Users\mouns\.stmcufinder\plugins\mcufinder//mcu/cs/
2026-05-18 15:21:37,588 [INFO] MainPanel:272 - HeapMemory: 268435456
2026-05-18 15:21:37,715 [INFO] DbMcusXml:78 - Set database path to: C:\ST\STM32CubeIDE_1.15.0\STM32CubeIDE\plugins\com.st.stm32cube.common.mx_6.13.0.202411220809\\db\/mcu/
2026-05-18 15:21:37,715 [INFO] ApiDb:274 - Set plugin database path to: C:\ST\STM32CubeIDE_1.15.0\STM32CubeIDE\plugins\com.st.stm32cube.common.mx_6.13.0.202411220809\\db\/plugins/boardmanager/
2026-05-18 15:21:37,715 [INFO] ApiDb:261 - Set plugin images path to: C:\ST\STM32CubeIDE_1.15.0\STM32CubeIDE\plugins\com.st.stm32cube.common.mx_6.13.0.202411220809\\db\/plugins/mcufinder/images/
2026-05-18 15:21:37,716 [WARN] DbFile:41 - Overriding database path with different value: C:\Users\mouns\.stmcufinder\plugins\mcufinder/ => C:\Users\mouns\.stmcufinder\plugins\mcufinder
2026-05-18 15:21:37,717 [INFO] ApiDb:250 - Set database path to: C:\Users\mouns\.stmcufinder\plugins\mcufinder//mcu/
2026-05-18 15:21:37,717 [WARN] DbFile:41 - Overriding database path with different value: C:\Users\mouns\.stmcufinder\plugins\mcufinder/ => C:\Users\mouns\.stmcufinder\plugins\mcufinder
2026-05-18 15:21:37,717 [INFO] DbMcusAds:125 - Set database path to: C:\Users\mouns\.stmcufinder\plugins\mcufinder//mcu/
2026-05-18 15:21:37,717 [WARN] DbFile:41 - Overriding database path with different value: C:\Users\mouns\.stmcufinder\plugins\mcufinder/ => C:\Users\mouns\.stmcufinder\plugins\mcufinder
2026-05-18 15:21:37,717 [WARN] DbFile:41 - Overriding database path with different value: C:\Users\mouns\.stmcufinder\plugins\mcufinder/ => C:\Users\mouns\.stmcufinder\plugins\mcufinder
2026-05-18 15:21:37,717 [INFO] CrossReferenceDbSqlite:203 - Set database path to: C:\Users\mouns\.stmcufinder\plugins\mcufinder//mcu/cs/
2026-05-18 15:21:37,743 [INFO] ApplicationProperties:184 - Using Application install path: C:\ST\STM32CubeIDE_1.15.0\STM32CubeIDE\plugins\com.st.stm32cube.common.mx_6.13.0.202411220809
2026-05-18 15:21:37,746 [INFO] PluginManage:196 - Search for loadable plugins [exclusion list=, ]
2026-05-18 15:21:37,748 [INFO] PluginManage:310 - Check plugin analytics
2026-05-18 15:21:38,353 [INFO] AnalyticsPlugin:253 - Accepted Software Licenses: 
2026-05-18 15:21:38,353 [INFO] AnalyticsPlugin:255 - Accepted CMSIS Pack Licenses: 
2026-05-18 15:21:38,354 [INFO] AnalyticsPlugin:257 - Accepted Firmware Licenses: 
2026-05-18 15:21:38,358 [INFO] PluginManage:359 - Loaded plugin analytics (category:tool,tabindex:-1)
2026-05-18 15:21:38,358 [INFO] PluginManage:310 - Check plugin cadmodel
2026-05-18 15:21:38,365 [INFO] CADModel:105 - Init CAD model plugin
2026-05-18 15:21:38,365 [INFO] PluginManage:359 - Loaded plugin cadmodel (category:power,tabindex:5)
2026-05-18 15:21:38,365 [INFO] PluginManage:310 - Check plugin clock
2026-05-18 15:21:38,381 [INFO] PluginManage:359 - Loaded plugin clock (category:base,tabindex:2)
2026-05-18 15:21:38,381 [INFO] PluginManage:310 - Check plugin ddr
2026-05-18 15:21:38,386 [INFO] PluginManage:359 - Loaded plugin ddr (category:tool,tabindex:6)
2026-05-18 15:21:38,387 [INFO] PluginManage:310 - Check plugin filemanager
2026-05-18 15:21:38,625 [INFO] PluginManage:359 - Loaded plugin filemanager (category:base,tabindex:10)
2026-05-18 15:21:38,626 [INFO] PluginManage:310 - Check plugin ipmanager
2026-05-18 15:21:38,636 [INFO] PluginManage:359 - Loaded plugin ipmanager (category:base,tabindex:5)
2026-05-18 15:21:38,636 [INFO] PluginManage:310 - Check plugin lpbam
2026-05-18 15:21:38,648 [INFO] PluginManage:359 - Loaded plugin lpbam (category:base,tabindex:0)
2026-05-18 15:21:38,648 [INFO] PluginManage:310 - Check plugin memorymap
2026-05-18 15:21:38,663 [INFO] PluginManage:359 - Loaded plugin memorymap (category:base,tabindex:4)
2026-05-18 15:21:38,664 [INFO] PluginManage:310 - Check plugin pinoutandconfiguration
2026-05-18 15:21:38,674 [INFO] PluginManage:359 - Loaded plugin pinoutandconfiguration (category:base,tabindex:1)
2026-05-18 15:21:38,674 [INFO] PluginManage:310 - Check plugin pinoutconfig
2026-05-18 15:21:38,814 [WARN] SupportedApi:132 - Cannot load RTOS API schema: s4s-elt-must-match.1: The content of 'definitions' must match (annotation?, (simpleType | complexType)?, (unique | key | keyref)*)). A problem was found starting at: attribute.
2026-05-18 15:21:39,017 [INFO] PluginManage:359 - Loaded plugin pinoutconfig (category:base,tabindex:0)
2026-05-18 15:21:39,017 [INFO] PluginManage:310 - Check plugin power
2026-05-18 15:21:39,029 [INFO] PluginManage:359 - Loaded plugin power (category:power,tabindex:4)
2026-05-18 15:21:39,029 [INFO] PluginManage:310 - Check plugin projectmanager
2026-05-18 15:21:39,051 [INFO] PluginManage:359 - Loaded plugin projectmanager (category:projectmanager,tabindex:4)
2026-05-18 15:21:39,052 [INFO] PluginManage:310 - Check plugin rif
2026-05-18 15:21:39,060 [INFO] PluginManage:359 - Loaded plugin rif (category:base,tabindex:3)
2026-05-18 15:21:39,060 [INFO] PluginManage:310 - Check plugin thirdparty
2026-05-18 15:21:39,220 [INFO] PluginManage:359 - Loaded plugin thirdparty (category:base,tabindex:-1)
2026-05-18 15:21:39,220 [INFO] PluginManage:310 - Check plugin tools
2026-05-18 15:21:39,220 [WARN] IntegrityCheckThread:84 - waiting for thirdparty lock release [integrity check]
2026-05-18 15:21:39,221 [INFO] IntegrityCheckThread:86 - entering critical section [integrity check]
2026-05-18 15:21:39,222 [INFO] ThirdPartyUpdaterWithRetryManager:70 - Updater plugin not ready yet. [1/15]
2026-05-18 15:21:39,224 [INFO] PluginManage:359 - Loaded plugin tools (category:base,tabindex:7)
2026-05-18 15:21:39,225 [INFO] PluginManage:310 - Check plugin tutovideos
2026-05-18 15:21:39,416 [INFO] PluginManage:359 - Loaded plugin tutovideos (category:base,tabindex:-1)
2026-05-18 15:21:39,416 [INFO] PluginManage:310 - Check plugin updater
2026-05-18 15:21:39,442 [INFO] PluginManage:359 - Loaded plugin updater (category:base,tabindex:12)
2026-05-18 15:21:39,442 [INFO] PluginManage:310 - Check plugin userauth
2026-05-18 15:21:39,447 [INFO] UserAuth:118 - Init User Auth plugin
2026-05-18 15:21:39,448 [INFO] PluginManage:359 - Loaded plugin userauth (category:base,tabindex:14)
2026-05-18 15:21:39,449 [INFO] PluginManage:283 - PluginManage : Loaded plugins [18]
2026-05-18 15:21:39,752 [INFO] PinOutPanel:1589 - setPackage(No Configuration,No Configuration)
2026-05-18 15:21:39,883 [INFO] CADModel:165 - CPN selected for project level
2026-05-18 15:21:39,883 [INFO] CADModel:114 - Register for checkConnection events
2026-05-18 15:21:39,902 [INFO] IPUIPlugin:80 - create IPUIPlugin
2026-05-18 15:21:39,902 [INFO] PluginManager:220 - loadIPPluginJar : add adc
2026-05-18 15:21:39,905 [INFO] IPUIPlugin:80 - create IPUIPlugin
2026-05-18 15:21:39,906 [INFO] PluginManager:220 - loadIPPluginJar : add aes
2026-05-18 15:21:39,910 [INFO] IPUIPlugin:80 - create IPUIPlugin
2026-05-18 15:21:39,910 [INFO] PluginManager:220 - loadIPPluginJar : add can
2026-05-18 15:21:39,912 [INFO] IPUIPlugin:80 - create IPUIPlugin
2026-05-18 15:21:39,912 [INFO] PluginManager:220 - loadIPPluginJar : add comp
2026-05-18 15:21:39,915 [INFO] IPUIPlugin:80 - create IPUIPlugin
2026-05-18 15:21:39,915 [INFO] PluginManager:220 - loadIPPluginJar : add cryp
2026-05-18 15:21:39,919 [INFO] IPUIPlugin:80 - create IPUIPlugin
2026-05-18 15:21:39,920 [INFO] PluginManager:220 - loadIPPluginJar : add ddr_ctrl_phy
2026-05-18 15:21:39,922 [INFO] IPUIPlugin:80 - create IPUIPlugin
2026-05-18 15:21:39,922 [INFO] PluginManager:220 - loadIPPluginJar : add dfsdm
2026-05-18 15:21:39,929 [INFO] IPUIPlugin:80 - create IPUIPlugin
2026-05-18 15:21:39,930 [INFO] PluginManager:220 - loadIPPluginJar : add dma
2026-05-18 15:21:39,934 [INFO] IPUIPlugin:80 - create IPUIPlugin
2026-05-18 15:21:39,934 [INFO] PluginManager:220 - loadIPPluginJar : add dma3
2026-05-18 15:21:39,939 [INFO] IPUIPlugin:80 - create IPUIPlugin
2026-05-18 15:21:39,939 [INFO] PluginManager:220 - loadIPPluginJar : add extmemmanager
2026-05-18 15:21:39,942 [INFO] IPUIPlugin:80 - create IPUIPlugin
2026-05-18 15:21:39,942 [INFO] PluginManager:220 - loadIPPluginJar : add fatfs
2026-05-18 15:21:39,947 [INFO] IPUIPlugin:80 - create IPUIPlugin
2026-05-18 15:21:39,947 [INFO] PluginManager:220 - loadIPPluginJar : add fmc
2026-05-18 15:21:39,954 [INFO] IPUIPlugin:80 - create IPUIPlugin
2026-05-18 15:21:39,954 [INFO] PluginManager:220 - loadIPPluginJar : add freertos
2026-05-18 15:21:39,957 [INFO] IPUIPlugin:80 - create IPUIPlugin
2026-05-18 15:21:39,957 [INFO] PluginManager:220 - loadIPPluginJar : add genericplugin
2026-05-18 15:21:39,959 [INFO] IPUIPlugin:80 - create IPUIPlugin
2026-05-18 15:21:39,959 [INFO] PluginManager:220 - loadIPPluginJar : add gfxmmu
2026-05-18 15:21:39,965 [INFO] IPUIPlugin:80 - create IPUIPlugin
2026-05-18 15:21:39,965 [INFO] PluginManager:220 - loadIPPluginJar : add gic
2026-05-18 15:21:39,970 [INFO] IPUIPlugin:80 - create IPUIPlugin
2026-05-18 15:21:39,971 [INFO] PluginManager:220 - loadIPPluginJar : add gpio
2026-05-18 15:21:39,974 [INFO] IPUIPlugin:80 - create IPUIPlugin
2026-05-18 15:21:39,975 [INFO] PluginManager:220 - loadIPPluginJar : add gtzc
2026-05-18 15:21:39,978 [INFO] IPUIPlugin:80 - create IPUIPlugin
2026-05-18 15:21:39,978 [INFO] PluginManager:220 - loadIPPluginJar : add hash
2026-05-18 15:21:39,983 [INFO] IPUIPlugin:80 - create IPUIPlugin
2026-05-18 15:21:39,983 [INFO] PluginManager:220 - loadIPPluginJar : add i2c
2026-05-18 15:21:39,986 [INFO] IPUIPlugin:80 - create IPUIPlugin
2026-05-18 15:21:39,987 [INFO] PluginManager:220 - loadIPPluginJar : add i2s
2026-05-18 15:21:39,991 [INFO] IPUIPlugin:80 - create IPUIPlugin
2026-05-18 15:21:39,991 [INFO] PluginManager:220 - loadIPPluginJar : add i3c
2026-05-18 15:21:39,996 [INFO] IPUIPlugin:80 - create IPUIPlugin
2026-05-18 15:21:39,996 [INFO] PluginManager:220 - loadIPPluginJar : add ipddr
2026-05-18 15:21:40,007 [INFO] IPUIPlugin:80 - create IPUIPlugin
2026-05-18 15:21:40,007 [INFO] PluginManager:220 - loadIPPluginJar : add linkedlist
2026-05-18 15:21:40,011 [INFO] IPUIPlugin:80 - create IPUIPlugin
2026-05-18 15:21:40,012 [INFO] PluginManager:220 - loadIPPluginJar : add lorawan
2026-05-18 15:21:40,014 [INFO] IPUIPlugin:80 - create IPUIPlugin
2026-05-18 15:21:40,014 [INFO] PluginManager:220 - loadIPPluginJar : add ltdc
2026-05-18 15:21:40,022 [INFO] IPUIPlugin:80 - create IPUIPlugin
2026-05-18 15:21:40,022 [INFO] PluginManager:220 - loadIPPluginJar : add mdma
2026-05-18 15:21:40,027 [INFO] IPUIPlugin:80 - create IPUIPlugin
2026-05-18 15:21:40,027 [INFO] PluginManager:220 - loadIPPluginJar : add nvic
2026-05-18 15:21:40,031 [INFO] IPUIPlugin:80 - create IPUIPlugin
2026-05-18 15:21:40,032 [INFO] PluginManager:220 - loadIPPluginJar : add opamp
2026-05-18 15:21:40,036 [INFO] IPUIPlugin:80 - create IPUIPlugin
2026-05-18 15:21:40,036 [INFO] PluginManager:220 - loadIPPluginJar : add openamp
2026-05-18 15:21:40,040 [INFO] IPUIPlugin:80 - create IPUIPlugin
2026-05-18 15:21:40,041 [INFO] PluginManager:220 - loadIPPluginJar : add pdm2pcm
2026-05-18 15:21:40,048 [INFO] IPUIPlugin:80 - create IPUIPlugin
2026-05-18 15:21:40,065 [INFO] PluginManager:220 - loadIPPluginJar : add plateformsettings
2026-05-18 15:21:40,067 [INFO] IPUIPlugin:80 - create IPUIPlugin
2026-05-18 15:21:40,067 [INFO] PluginManager:220 - loadIPPluginJar : add quadspi
2026-05-18 15:21:40,070 [INFO] IPUIPlugin:80 - create IPUIPlugin
2026-05-18 15:21:40,071 [INFO] PluginManager:220 - loadIPPluginJar : add radio
2026-05-18 15:21:40,076 [INFO] IPUIPlugin:80 - create IPUIPlugin
2026-05-18 15:21:40,076 [INFO] PluginManager:220 - loadIPPluginJar : add resmgrutility
2026-05-18 15:21:40,081 [INFO] IPUIPlugin:80 - create IPUIPlugin
2026-05-18 15:21:40,081 [INFO] PluginManager:220 - loadIPPluginJar : add sai
2026-05-18 15:21:40,085 [INFO] IPUIPlugin:80 - create IPUIPlugin
2026-05-18 15:21:40,085 [INFO] PluginManager:220 - loadIPPluginJar : add spi
2026-05-18 15:21:40,093 [INFO] IPUIPlugin:80 - create IPUIPlugin
2026-05-18 15:21:40,093 [INFO] PluginManager:220 - loadIPPluginJar : add stm32_wpan
2026-05-18 15:21:40,097 [INFO] IPUIPlugin:80 - create IPUIPlugin
2026-05-18 15:21:40,097 [INFO] PluginManager:220 - loadIPPluginJar : add tim
2026-05-18 15:21:40,102 [INFO] IPUIPlugin:80 - create IPUIPlugin
2026-05-18 15:21:40,102 [INFO] PluginManager:220 - loadIPPluginJar : add touchsensing
2026-05-18 15:21:40,107 [INFO] IPUIPlugin:80 - create IPUIPlugin
2026-05-18 15:21:40,108 [INFO] PluginManager:220 - loadIPPluginJar : add tracer_emb
2026-05-18 15:21:40,111 [INFO] IPUIPlugin:80 - create IPUIPlugin
2026-05-18 15:21:40,111 [INFO] PluginManager:220 - loadIPPluginJar : add ts
2026-05-18 15:21:40,113 [INFO] IPUIPlugin:80 - create IPUIPlugin
2026-05-18 15:21:40,114 [INFO] PluginManager:220 - loadIPPluginJar : add tsc
2026-05-18 15:21:40,116 [INFO] IPUIPlugin:80 - create IPUIPlugin
2026-05-18 15:21:40,117 [INFO] PluginManager:220 - loadIPPluginJar : add ucpd
2026-05-18 15:21:40,121 [INFO] IPUIPlugin:80 - create IPUIPlugin
2026-05-18 15:21:40,121 [INFO] PluginManager:220 - loadIPPluginJar : add usart
2026-05-18 15:21:40,126 [INFO] IPUIPlugin:80 - create IPUIPlugin
2026-05-18 15:21:40,127 [INFO] PluginManager:220 - loadIPPluginJar : add usbx
2026-05-18 15:21:40,299 [FATAL] Updater:351 - Updater called before beeing initialized
2026-05-18 15:21:40,342 [INFO] RulesReader:64 - Compatibility file has been processed (297 Rules)
2026-05-18 15:21:40,359 [INFO] RulesReader:64 - Compatibility file has been processed (297 Rules)
2026-05-18 15:21:40,370 [INFO] CADModel:165 - CPN selected for project level
2026-05-18 15:21:40,370 [INFO] CADModel:114 - Register for checkConnection events
2026-05-18 15:21:40,370 [FATAL] Updater:351 - Updater called before beeing initialized
2026-05-18 15:21:40,370 [ERROR] CADModel:125 - Updater not yet initialized, retry later 
2026-05-18 15:21:40,555 [FATAL] Updater:351 - Updater called before beeing initialized
2026-05-18 15:21:40,556 [INFO] CADModel:165 - CPN selected for project level
2026-05-18 15:21:40,556 [INFO] CADModel:114 - Register for checkConnection events
2026-05-18 15:21:40,556 [FATAL] Updater:351 - Updater called before beeing initialized
2026-05-18 15:21:40,556 [ERROR] CADModel:125 - Updater not yet initialized, retry later 
2026-05-18 15:21:40,561 [FATAL] Updater:351 - Updater called before beeing initialized
2026-05-18 15:21:40,722 [FATAL] Updater:351 - Updater called before beeing initialized
2026-05-18 15:21:40,727 [INFO] DbMcusAds:53 - JSON generation date=Fri Apr 10 11:19:02 CEST 2026 (1775812742310)
2026-05-18 15:21:40,727 [FATAL] Updater:351 - Updater called before beeing initialized
2026-05-18 15:21:40,777 [WARN] DetailPanel:346 - Failed to get advertising image, set to default
2026-05-18 15:21:41,079 [FATAL] Updater:351 - Updater called before beeing initialized
2026-05-18 15:21:41,081 [FATAL] Updater:351 - Updater called before beeing initialized
2026-05-18 15:21:41,082 [FATAL] Updater:351 - Updater called before beeing initialized
2026-05-18 15:21:41,082 [WARN] DetailPanel:346 - Failed to get advertising image, set to default
2026-05-18 15:21:41,083 [FATAL] Updater:351 - Updater called before beeing initialized
2026-05-18 15:21:41,169 [ERROR] Updater:1198 - MainUpdater not yet initialized. External WinMGr cannot be set.
2026-05-18 15:21:41,173 [INFO] Updater:1134 - Updater Version found : 6.13.0
2026-05-18 15:21:41,191 [INFO] ApplicationProperties:184 - Using Application install path: C:\ST\STM32CubeIDE_1.15.0\STM32CubeIDE\plugins\com.st.stm32cube.common.mx_6.13.0.202411220809
2026-05-18 15:21:42,222 [INFO] ThirdPartyUpdaterWithRetryManager:70 - Updater plugin not ready yet. [2/15]
2026-05-18 15:21:42,779 [ERROR] LogOutputStream:75 - [STDERR_REDIRECT] May 18, 2026 3:21:42 PM java.util.prefs.WindowsPreferences <init>
2026-05-18 15:21:42,787 [ERROR] LogOutputStream:75 - [STDERR_REDIRECT] WARNING: Could not open/create prefs root node Software\JavaSoft\Prefs at root 0xffffffff80000002. Windows RegCreateKeyEx(...) returned error code 5.
2026-05-18 15:21:42,788 [ERROR] LogOutputStream:75 - [STDERR_REDIRECT] 
2026-05-18 15:21:43,263 [INFO] MainUpdater:2872 - connection check result : 10
2026-05-18 15:21:43,265 [INFO] MainUpdater:289 - Updater Check For Update Now.
2026-05-18 15:21:43,265 [INFO] MicroXplorer:498 - Change Database Version : DB.6.0.130
2026-05-18 15:21:43,274 [INFO] McuFinderGlobals:63 - Set McuFinder mode to 2 (CubeIDE integrated)
2026-05-18 15:21:43,274 [INFO] UserAuth:486 - Internet connection configuration mode: 1
2026-05-18 15:21:43,295 [INFO] JxBrowserEngine:152 - Initiate JxBrowser Engine with user profile folder
2026-05-18 15:21:43,585 [INFO] CheckServerUpdateThread:120 - End of CheckServer Thread
2026-05-18 15:21:44,304 [INFO] WebApp:168 - Instantiating new browser for Auth
2026-05-18 15:21:45,661 [WARN] PackLoader:240 - Cannot read IP mode file for STMicroelectronics.X-CUBE-AZRTOS-H7.3.5.0
2026-05-18 15:21:45,684 [WARN] PackLoader:240 - Cannot read IP mode file for STMicroelectronics.FP-SNS-MOTENVWB1.1.4.0
2026-05-18 15:21:45,693 [WARN] PackLoader:240 - Cannot read IP mode file for STMicroelectronics.FP-ATR-ASTRA1.2.0.2
2026-05-18 15:21:45,699 [WARN] PackLoader:240 - Cannot read IP mode file for STMicroelectronics.FP-ATR-ASTRA1.2.0.1
2026-05-18 15:21:45,711 [WARN] PackLoader:240 - Cannot read IP mode file for STMicroelectronics.X-CUBE-SMBUS.2.1.0
2026-05-18 15:21:45,723 [WARN] PackLoader:240 - Cannot read IP mode file for STMicroelectronics.X-CUBE-WB05N.1.1.0
2026-05-18 15:21:45,732 [WARN] PackLoader:240 - Cannot read IP mode file for STMicroelectronics.X-CUBE-ST60.1.0.0
2026-05-18 15:21:45,742 [WARN] PackLoader:240 - Cannot read IP mode file for STMicroelectronics.X-CUBE-TOUCHGFX.4.23.2
2026-05-18 15:21:45,786 [WARN] PackLoader:240 - Cannot read IP mode file for STMicroelectronics.X-CUBE-AZRTOS-F7.1.1.0
2026-05-18 15:21:45,888 [WARN] PackLoader:240 - Cannot read IP mode file for STMicroelectronics.X-CUBE-MEMS1.11.0.0
2026-05-18 15:21:46,056 [INFO] WebApp:449 - Apply proxy settings
2026-05-18 15:21:46,057 [INFO] WebApp:534 - Chromium requires no authentication
2026-05-18 15:21:46,072 [INFO] WebApp:477 - Direct internet connection detected
2026-05-18 15:21:46,173 [INFO] WebApp:880 - Register for checkConnection events
2026-05-18 15:21:46,174 [INFO] WebApp:449 - Apply proxy settings
2026-05-18 15:21:46,174 [INFO] WebApp:534 - Chromium requires no authentication
2026-05-18 15:21:46,176 [INFO] WebApp:477 - Direct internet connection detected
2026-05-18 15:21:46,220 [ERROR] Engine:466 - C:\Users\mouns\.stm32cubemx\thirdparties\pdsc\STMicroelectronics.FP-SNS-MOTENV1.5.1.0.pdsc: PDSC version is not supported
2026-05-18 15:21:46,226 [WARN] PackLoader:240 - Cannot read IP mode file for STMicroelectronics.FP-SNS-FLIGHT1.5.0.2
2026-05-18 15:21:46,259 [WARN] PackLoader:240 - Cannot read IP mode file for Infineon.AIROC-Wi-Fi-Bluetooth-STM32.1.7.0
2026-05-18 15:21:46,297 [WARN] PackLoader:240 - Cannot read IP mode file for STMicroelectronics.X-CUBE-AZRTOS-H7.3.4.0
2026-05-18 15:21:46,320 [WARN] PackLoader:240 - Cannot read IP mode file for STMicroelectronics.X-CUBE-DISPLAY.3.0.0
2026-05-18 15:21:46,501 [ERROR] Engine:466 - C:\Users\mouns\.stm32cubemx\thirdparties\pdsc\STMicroelectronics.FP-SNS-MOTENVWB1.1.5.0.pdsc: PDSC version is not supported
2026-05-18 15:21:46,507 [WARN] PackLoader:240 - Cannot read IP mode file for STMicroelectronics.X-CUBE-BLE1.7.0.0
2026-05-18 15:21:46,516 [WARN] PackLoader:240 - Cannot read IP mode file for STMicroelectronics.X-CUBE-NFC10.1.0.0
2026-05-18 15:21:46,536 [WARN] PackLoader:240 - Cannot read IP mode file for STMicroelectronics.X-CUBE-BLEMGR.4.0.0
2026-05-18 15:21:46,547 [WARN] PackLoader:240 - Cannot read IP mode file for STMicroelectronics.X-CUBE-ST60.1.1.0
2026-05-18 15:21:46,563 [WARN] PackLoader:240 - Cannot read IP mode file for emotas.I-CUBE-CANOPEN.1.3.0
2026-05-18 15:21:46,572 [WARN] PackLoader:240 - Cannot read IP mode file for STMicroelectronics.X-CUBE-GNSS1.7.1.0
2026-05-18 15:21:46,691 [WARN] PackLoader:240 - Cannot read IP mode file for STMicroelectronics.X-CUBE-BLEMGR.3.1.0
2026-05-18 15:21:46,704 [WARN] PackLoader:240 - Cannot read IP mode file for STMicroelectronics.X-CUBE-AI.10.0.0
2026-05-18 15:21:46,933 [ERROR] Engine:466 - C:\Users\mouns\.stm32cubemx\thirdparties\pdsc\STMicroelectronics.FP-SNS-STBOX1.2.1.0.pdsc: PDSC version is not supported
2026-05-18 15:21:46,939 [WARN] PackLoader:240 - Cannot read IP mode file for STMicroelectronics.FP-SNS-SMARTAG2.1.2.0
2026-05-18 15:21:46,947 [WARN] PackLoader:240 - Cannot read IP mode file for STMicroelectronics.FP-SNS-FLIGHT1.5.1.0
2026-05-18 15:21:47,091 [WARN] PackLoader:240 - Cannot read IP mode file for STMicroelectronics.X-CUBE-MEMS1.11.1.0
2026-05-18 15:21:47,289 [INFO] WebApp:221 - Starting web application
2026-05-18 15:21:47,289 [INFO] WebApp:579 - Web application path used C:\ST\STM32CubeIDE_1.15.0\STM32CubeIDE\plugins\com.st.stm32cube.common.mx_6.13.0.202411220809\db\plugins\mcufinder\reactClient1\index.html
2026-05-18 15:21:47,417 [INFO] LogOutputStream:77 - [STDOUT_REDIRECT] 1 : Invalid condition id : UX_CORESTACK_Condition cause : null
2026-05-18 15:21:47,419 [INFO] LogOutputStream:77 - [STDOUT_REDIRECT] 1 : Invalid condition id : UX_CORESTACK_Condition cause : null
2026-05-18 15:21:47,421 [INFO] LogOutputStream:77 - [STDOUT_REDIRECT] 1 : Invalid condition id : UX_CORESTACK_Condition cause : null
2026-05-18 15:21:47,424 [INFO] LogOutputStream:77 - [STDOUT_REDIRECT] 1 : Invalid condition id : UX_CORESTACK_Condition cause : null
2026-05-18 15:21:47,429 [INFO] LogOutputStream:77 - [STDOUT_REDIRECT] 1 : Invalid condition id : UX_CORESTACK_Condition cause : null
2026-05-18 15:21:47,435 [WARN] PackLoader:240 - Cannot read IP mode file for STMicroelectronics.X-CUBE-AZRTOS-WL.2.0.0
2026-05-18 15:21:47,444 [WARN] PackLoader:240 - Cannot read IP mode file for STMicroelectronics.FP-SNS-MOTENV1.5.0.0
2026-05-18 15:21:47,479 [WARN] PackLoader:240 - Cannot read IP mode file for STMicroelectronics.X-CUBE-AZRTOS-H7RS.1.2.0
2026-05-18 15:21:47,504 [WARN] PackLoader:240 - Cannot read IP mode file for wolfSSL.I-CUBE-wolfMQTT.1.19.0
2026-05-18 15:21:47,519 [WARN] PackLoader:240 - Cannot read IP mode file for WES.I-CUBE-Cesium.1.3.0
2026-05-18 15:21:47,528 [WARN] PackLoader:240 - Cannot read IP mode file for STMicroelectronics.X-CUBE-BLE2.3.3.0
2026-05-18 15:21:47,563 [WARN] PackLoader:240 - Cannot read IP mode file for STMicroelectronics.X-CUBE-NFC9.1.0.0
2026-05-18 15:21:47,572 [WARN] PackLoader:240 - Cannot read IP mode file for STMicroelectronics.X-CUBE-BLE1.7.1.0
2026-05-18 15:21:47,580 [WARN] PackLoader:240 - Cannot read IP mode file for STMicroelectronics.X-CUBE-TCPP.4.1.0
2026-05-18 15:21:47,584 [ERROR] Engine:466 - C:\Users\mouns\.stm32cubemx\thirdparties\pdsc\STMicroelectronics.X-CUBE-FREERTOS.1.4.0.pdsc: PDSC version is not supported
2026-05-18 15:21:47,592 [WARN] PackLoader:240 - Cannot read IP mode file for STMicroelectronics.X-CUBE-EEPRMA1.5.2.0
2026-05-18 15:21:47,598 [ERROR] Engine:466 - C:\Users\mouns\.stm32cubemx\thirdparties\pdsc\STMicroelectronics.X-CUBE-ST67W61.1.1.0.pdsc: PDSC version is not supported
2026-05-18 15:21:47,602 [WARN] PackLoader:240 - Cannot read IP mode file for STMicroelectronics.X-CUBE-AI.10.1.0
2026-05-18 15:21:47,606 [ERROR] Engine:466 - C:\Users\mouns\.stm32cubemx\thirdparties\pdsc\STMicroelectronics.FP-SNS-STAIOTCFT.1.1.0.pdsc: PDSC version is not supported
2026-05-18 15:21:47,713 [WARN] PackLoader:240 - Cannot read IP mode file for STMicroelectronics.X-CUBE-MEMS1.12.0.0
2026-05-18 15:21:47,771 [INFO] UserAuth:486 - Internet connection configuration mode: 1
2026-05-18 15:21:47,914 [WARN] PackLoader:240 - Cannot read IP mode file for STMicroelectronics.X-CUBE-ALGOBUILD.1.3.0
2026-05-18 15:21:48,012 [WARN] PackLoader:240 - Cannot read IP mode file for STMicroelectronics.X-CUBE-MEMS1.11.2.0
2026-05-18 15:21:48,230 [WARN] PackLoader:240 - Cannot read IP mode file for STMicroelectronics.X-CUBE-AZRTOS-G0.1.1.0
2026-05-18 15:21:48,244 [WARN] PackLoader:240 - Cannot read IP mode file for STMicroelectronics.X-CUBE-SAFEA1.1.2.2
2026-05-18 15:21:48,255 [WARN] PackLoader:240 - Cannot read IP mode file for STMicroelectronics.X-CUBE-NFC4.3.0.0
2026-05-18 15:21:48,262 [WARN] PackLoader:240 - Cannot read IP mode file for wolfSSL.I-CUBE-wolfMQTT.1.18.0
2026-05-18 15:21:48,275 [WARN] PackLoader:240 - Cannot read IP mode file for EmbeddedOffice.I-CUBE-FS-RTOS.1.0.1
2026-05-18 15:21:48,285 [WARN] PackLoader:240 - Cannot read IP mode file for STMicroelectronics.X-CUBE-WB05N.2.0.0
2026-05-18 15:21:48,300 [WARN] PackLoader:240 - Cannot read IP mode file for STMicroelectronics.X-CUBE-TCPP.4.2.0
2026-05-18 15:21:48,310 [WARN] PackLoader:240 - Cannot read IP mode file for RealThread.X-CUBE-RT-Thread_Nano.4.1.1
2026-05-18 15:21:48,318 [WARN] PackLoader:240 - Cannot read IP mode file for wolfSSL.I-CUBE-wolfSSL.5.7.0
2026-05-18 15:21:48,324 [WARN] PackLoader:240 - Cannot read IP mode file for STMicroelectronics.FP-ATR-SIGFOX1.3.2.0
2026-05-18 15:21:48,332 [WARN] ConditionMgr:438 - getConditionDescription Invalid condition id : Cortex-A Device cause : null
2026-05-18 15:21:48,347 [WARN] ConditionMgr:1044 - genDependencies : Invalid condition id : Cortex-A Device cause : null
2026-05-18 15:21:48,347 [WARN] ConditionMgr:1044 - genDependencies : Invalid condition id : Cortex-A Device cause : null
2026-05-18 15:21:48,348 [WARN] ConditionMgr:1044 - genDependencies : Invalid condition id : Cortex-A Device cause : null
2026-05-18 15:21:48,355 [WARN] PackLoader:240 - Cannot read IP mode file for STMicroelectronics.X-CUBE-EEPRMA1.5.1.0
2026-05-18 15:21:48,361 [ERROR] Engine:466 - C:\Users\mouns\.stm32cubemx\thirdparties\pdsc\STMicroelectronics.X-CUBE-FREERTOS.1.5.0.pdsc: PDSC version is not supported
2026-05-18 15:21:48,367 [WARN] PackLoader:240 - Cannot read IP mode file for wolfSSL.I-CUBE-wolfSSL.5.7.6
2026-05-18 15:21:48,376 [WARN] PackLoader:240 - Cannot read IP mode file for ITTIA_DB.I-CUBE-ITTIADB.8.9.0
2026-05-18 15:21:48,386 [WARN] PackLoader:240 - Cannot read IP mode file for STMicroelectronics.X-CUBE-NFC6.3.2.0
2026-05-18 15:21:48,398 [WARN] PackLoader:240 - Cannot read IP mode file for STMicroelectronics.X-CUBE-ST67W61.1.0.0
2026-05-18 15:21:48,404 [WARN] PackLoader:240 - Cannot read IP mode file for STMicroelectronics.X-CUBE-AI.10.2.0
2026-05-18 15:21:48,723 [WARN] PackLoader:240 - Cannot read IP mode file for STMicroelectronics.X-CUBE-MEMS1.12.1.0
2026-05-18 15:21:48,929 [WARN] PackLoader:240 - Cannot read IP mode file for SEGGER.I-CUBE-embOS.1.3.1
2026-05-18 15:21:48,974 [WARN] PackLoader:240 - Cannot read IP mode file for STMicroelectronics.X-CUBE-ALGOBUILD.1.4.0
2026-05-18 15:21:49,065 [WARN] PackLoader:240 - Cannot read IP mode file for STMicroelectronics.X-CUBE-MEMS1.11.3.0
2026-05-18 15:21:49,293 [WARN] PackLoader:240 - Cannot read IP mode file for STMicroelectronics.X-CUBE-AI.9.1.0
2026-05-18 15:21:49,299 [WARN] PackLoader:240 - Cannot read IP mode file for STMicroelectronics.X-CUBE-PM33A1.1.0.0
2026-05-18 15:21:49,305 [WARN] PackLoader:240 - Cannot read IP mode file for STMicroelectronics.X-CUBE-GNSS1.6.0.0
2026-05-18 15:21:49,327 [WARN] PackLoader:240 - Cannot read IP mode file for STMicroelectronics.X-CUBE-AZRTOS-F4.1.1.0
2026-05-18 15:21:49,335 [WARN] PackLoader:240 - Cannot read IP mode file for Avnet-IotConnect.X-CUBE-IoTC-DA16k-PMOD.1.0.0
2026-05-18 15:21:49,340 [WARN] PackLoader:240 - Cannot read IP mode file for STMicroelectronics.X-CUBE-ISPU.2.1.0
2026-05-18 15:21:49,349 [ERROR] Engine:466 - C:\Users\mouns\.stm32cubemx\thirdparties\pdsc\STMicroelectronics.X-CUBE-IPS.3.2.0.pdsc: PDSC version is not supported
2026-05-18 15:21:49,354 [WARN] PackLoader:240 - Cannot read IP mode file for STMicroelectronics.eDS-WB_DPC_TT-BIDIR.2.1.1
2026-05-18 15:21:49,360 [WARN] PackLoader:240 - Cannot read IP mode file for STMicroelectronics.X-CUBE-FREERTOS.1.2.0
2026-05-18 15:21:49,370 [WARN] PackLoader:240 - Cannot read IP mode file for STMicroelectronics.X-CUBE-NFC12.1.0.0
2026-05-18 15:21:49,398 [WARN] PackLoader:240 - Cannot read IP mode file for STMicroelectronics.X-CUBE-AZRTOS-L5.2.0.0
2026-05-18 15:21:49,418 [WARN] PackLoader:240 - Cannot read IP mode file for STMicroelectronics.X-CUBE-NFC6.3.1.0
2026-05-18 15:21:49,430 [WARN] PackLoader:240 - Cannot read IP mode file for STMicroelectronics.X-CUBE-DPower.1.2.0
2026-05-18 15:21:49,436 [WARN] PackLoader:240 - Cannot read IP mode file for STMicroelectronics.eDS-WB_DPC_VIENNA.1.2.0
2026-05-18 15:21:49,440 [WARN] PackLoader:240 - Cannot read IP mode file for STMicroelectronics.eDS-WB_DPC_3PH2L-BIDIR.1.1.1
2026-05-18 15:21:49,444 [WARN] PackLoader:240 - Cannot read IP mode file for STMicroelectronics.X-CUBE-AI.9.0.0
2026-05-18 15:21:49,449 [ERROR] Engine:466 - C:\Users\mouns\.stm32cubemx\thirdparties\pdsc\STMicroelectronics.X-CUBE-ST67W61.1.3.0.pdsc: PDSC version is not supported
2026-05-18 15:21:49,455 [WARN] PackLoader:240 - Cannot read IP mode file for STMicroelectronics.X-CUBE-FREERTOS.1.3.1
2026-05-18 15:21:49,461 [WARN] PackLoader:240 - Cannot read IP mode file for STMicroelectronics.X-CUBE-FREERTOS.1.3.0
2026-05-18 15:21:49,514 [WARN] PackLoader:240 - Cannot read IP mode file for STMicroelectronics.X-CUBE-NFC7.1.0.1
2026-05-18 15:21:49,519 [WARN] PackLoader:240 - Cannot read IP mode file for wolfSSL.I-CUBE-wolfTPM.3.2.0
2026-05-18 15:21:49,523 [WARN] PackLoader:240 - Cannot read IP mode file for STMicroelectronics.X-CUBE-TOUCHGFX.4.26.0
2026-05-18 15:21:49,527 [WARN] PackLoader:240 - Cannot read IP mode file for STMicroelectronics.X-CUBE-TOUCHGFX.4.26.1
2026-05-18 15:21:49,533 [WARN] PackLoader:240 - Cannot read IP mode file for STMicroelectronics.FP-SNS-STAIOTCFT.1.0.0
2026-05-18 15:21:49,542 [WARN] PackLoader:240 - Cannot read IP mode file for STMicroelectronics.X-CUBE-DPower.1.3.0
2026-05-18 15:21:49,547 [WARN] PackLoader:240 - Cannot read IP mode file for STMicroelectronics.X-CUBE-AI.8.1.0
2026-05-18 15:21:49,593 [WARN] ConditionMgr:438 - getConditionDescription Invalid condition id : LAN8742 Phy interface Condition cause : null
2026-05-18 15:21:49,594 [WARN] PackLoader:240 - Cannot read IP mode file for STMicroelectronics.X-CUBE-AZRTOS-L4.2.0.0
2026-05-18 15:21:49,596 [WARN] ConditionMgr:1044 - genDependencies : Invalid condition id : LAN8742 Phy interface Condition cause : null
2026-05-18 15:21:49,597 [WARN] ConditionMgr:1044 - genDependencies : Invalid condition id : LAN8742 Phy interface Condition cause : null
2026-05-18 15:21:49,597 [WARN] ConditionMgr:1044 - genDependencies : Invalid condition id : LAN8742 Phy interface Condition cause : null
2026-05-18 15:21:49,606 [WARN] PackLoader:240 - Cannot read IP mode file for STMicroelectronics.X-CUBE-SFXS2LP1.4.0.0
2026-05-18 15:21:49,616 [WARN] PackLoader:240 - Cannot read IP mode file for STMicroelectronics.X-CUBE-WB05N.2.1.0
2026-05-18 15:21:49,621 [ERROR] Engine:466 - C:\Users\mouns\.stm32cubemx\thirdparties\pdsc\STMicroelectronics.X-CUBE-ST67W61.1.2.0.pdsc: PDSC version is not supported
2026-05-18 15:21:49,651 [WARN] PackLoader:240 - Cannot read IP mode file for STMicroelectronics.X-CUBE-AZRTOS-H7.3.3.0
2026-05-18 15:21:49,671 [WARN] PackLoader:240 - Cannot read IP mode file for STMicroelectronics.X-CUBE-BLEMGR.4.1.0
2026-05-18 15:21:49,690 [WARN] PackLoader:240 - Cannot read IP mode file for STMicroelectronics.X-CUBE-IPS.3.0.0
2026-05-18 15:21:49,715 [WARN] ConditionMgr:438 - getConditionDescription Invalid condition id : UX DEVICE CLASS RTOS Condition cause : null
2026-05-18 15:21:49,716 [WARN] ConditionMgr:438 - getConditionDescription Invalid condition id : UX DEVICE CLASS RTOS Condition cause : null
2026-05-18 15:21:49,719 [WARN] PackLoader:240 - Cannot read IP mode file for STMicroelectronics.X-CUBE-AZRTOS-WB.2.0.0
2026-05-18 15:21:49,720 [WARN] ConditionMgr:1044 - genDependencies : Invalid condition id : UX DEVICE CLASS RTOS Condition cause : null
2026-05-18 15:21:49,720 [WARN] ConditionMgr:1044 - genDependencies : Invalid condition id : UX DEVICE CLASS RTOS Condition cause : null
2026-05-18 15:21:49,721 [WARN] ConditionMgr:1044 - genDependencies : Invalid condition id : UX DEVICE CLASS RTOS Condition cause : null
2026-05-18 15:21:49,721 [WARN] ConditionMgr:1044 - genDependencies : Invalid condition id : UX DEVICE CLASS RTOS Condition cause : null
2026-05-18 15:21:49,721 [WARN] ConditionMgr:1044 - genDependencies : Invalid condition id : UX DEVICE CLASS RTOS Condition cause : null
2026-05-18 15:21:49,729 [WARN] PackLoader:240 - Cannot read IP mode file for STMicroelectronics.X-CUBE-GNSS1.7.0.0
2026-05-18 15:21:49,735 [WARN] PackLoader:240 - Cannot read IP mode file for STMicroelectronics.X-CUBE-GNSS1.7.0.1
2026-05-18 15:21:49,740 [WARN] PackLoader:240 - Cannot read IP mode file for STMicroelectronics.X-CUBE-TOUCHGFX.4.25.0
2026-05-18 15:21:49,750 [WARN] PackLoader:240 - Cannot read IP mode file for STMicroelectronics.FP-SNS-STBOX1.2.0.0
2026-05-18 15:21:49,763 [WARN] PackLoader:240 - Cannot read IP mode file for STMicroelectronics.X-CUBE-STSE01.2.0.0
2026-05-18 15:21:49,780 [WARN] PackLoader:240 - Cannot read IP mode file for STMicroelectronics.X-CUBE-SUBG2.5.0.0
2026-05-18 15:21:49,817 [WARN] PackLoader:240 - Cannot read IP mode file for STMicroelectronics.X-CUBE-AZRTOS-H7RS.1.1.0
2026-05-18 15:21:49,827 [WARN] PackLoader:240 - Cannot read IP mode file for Cesanta.I-CUBE-Mongoose.7.13.0
2026-05-18 15:21:49,846 [WARN] PackLoader:240 - Cannot read IP mode file for STMicroelectronics.X-CUBE-AZRTOS-G4.2.0.0
2026-05-18 15:21:49,853 [WARN] PackLoader:240 - Cannot read IP mode file for STMicroelectronics.X-CUBE-NFC7.2.0.0
2026-05-18 15:21:49,861 [WARN] PackLoader:240 - Cannot read IP mode file for STMicroelectronics.FP-SNS-MOTENVWB1.1.3.1
2026-05-18 15:21:49,865 [WARN] PackLoader:240 - Cannot read IP mode file for STMicroelectronics.X-CUBE-ISPU.2.0.0
2026-05-18 15:21:49,877 [WARN] PackLoader:240 - Cannot read IP mode file for STMicroelectronics.X-CUBE-IPS.3.1.0
2026-05-18 15:21:49,888 [WARN] PackLoader:240 - Cannot read IP mode file for STMicroelectronics.X-CUBE-ALS.1.0.2
2026-05-18 15:21:49,936 [WARN] PackLoader:240 - Cannot read IP mode file for STMicroelectronics.X-CUBE-MEMS1.10.0.0
2026-05-18 15:21:50,417 [WARN] PackLoader:240 - Cannot read IP mode file for STMicroelectronics.X-CUBE-FREERTOS.1.1.0
2026-05-18 15:21:50,421 [WARN] PackLoader:240 - Cannot read IP mode file for STMicroelectronics.X-CUBE-TOUCHGFX.4.24.0
2026-05-18 15:21:50,425 [WARN] PackLoader:240 - Cannot read IP mode file for STMicroelectronics.X-CUBE-TOUCHGFX.4.24.2
2026-05-18 15:21:50,429 [WARN] PackLoader:240 - Cannot read IP mode file for STMicroelectronics.X-CUBE-TOUCHGFX.4.24.1
2026-05-18 15:21:50,435 [WARN] PackLoader:240 - Cannot read IP mode file for STMicroelectronics.X-CUBE-STSE01.1.0.0
2026-05-18 15:21:50,439 [WARN] PackLoader:240 - Cannot read IP mode file for wolfSSL.I-CUBE-wolfTPM.3.4.0
2026-05-18 15:21:50,446 [WARN] PackLoader:240 - Cannot read IP mode file for portGmbH.I-Cube-SoM-uGOAL.1.1.0
2026-05-18 15:21:50,455 [WARN] PackLoader:240 - Cannot read IP mode file for STMicroelectronics.X-CUBE-ALS.1.0.1
2026-05-18 15:21:50,477 [WARN] PackLoader:240 - Cannot read IP mode file for STMicroelectronics.X-CUBE-AZRTOS-H7RS.1.0.0
2026-05-18 15:21:50,484 [WARN] PackLoader:240 - Cannot read IP mode file for STMicroelectronics.FP-ATR-ASTRA1.2.0.0
2026-05-18 15:21:50,497 [WARN] PackLoader:240 - Cannot read IP mode file for STMicroelectronics.X-CUBE-TOF1.3.4.2
2026-05-18 15:21:50,524 [WARN] PackLoader:240 - Cannot read IP mode file for STMicroelectronics.X-CUBE-TOF1.3.4.3
2026-05-18 15:21:50,552 [WARN] PackLoader:240 - Cannot read IP mode file for STMicroelectronics.X-CUBE-TOF1.3.4.1
2026-05-18 15:21:50,588 [WARN] PackLoader:240 - Cannot read IP mode file for STMicroelectronics.X-CUBE-AZRTOS-H7.3.2.0
2026-05-18 15:21:50,638 [WARN] PackLoader:240 - Cannot read IP mode file for Infineon.AIROC-Wi-Fi-Bluetooth-STM32.1.6.0
2026-05-18 15:21:50,648 [WARN] PackLoader:240 - Cannot read IP mode file for wolfSSL.I-CUBE-wolfSSH.1.4.17
2026-05-18 15:21:50,649 [INFO] ThirdParty:978 - Integrity check success = true
2026-05-18 15:21:50,649 [INFO] IntegrityCheckThread:100 - exiting critical section [integrity check]
2026-05-18 15:21:50,649 [INFO] IntegrityCheckThread:103 - End integrity checks thread
2026-05-18 15:21:52,347 [INFO] WebApp:187 - Connection restablished
2026-05-18 15:23:46,199 [ERROR] LogOutputStream:75 - [STDERR_REDIRECT] 
2026-05-18 15:23:46,201 [ERROR] LogOutputStream:75 - [STDERR_REDIRECT] 
2026-05-18 15:24:50,538 [INFO] Activator:176 - 


2026-05-18 15:24:50,541 [INFO] Activator:177 - !SESSION log4j initialized
2026-05-18 15:24:54,393 [INFO] LogOutputStream:77 - [STDOUT_REDIRECT] 
2026-05-18 15:24:57,685 [INFO] ApplicationProperties:184 - Using Application install path: C:\ST\STM32CubeIDE_1.15.0\STM32CubeIDE\plugins\com.st.stm32cube.common.mx_6.13.0.202411220809
2026-05-18 15:24:57,713 [INFO] DbMcusXml:78 - Set database path to: C:\ST\STM32CubeIDE_1.15.0\STM32CubeIDE\plugins\com.st.stm32cube.common.mx_6.13.0.202411220809\\db\/mcu/
2026-05-18 15:24:57,713 [INFO] ApiDb:274 - Set plugin database path to: C:\ST\STM32CubeIDE_1.15.0\STM32CubeIDE\plugins\com.st.stm32cube.common.mx_6.13.0.202411220809\\db\/plugins/boardmanager/
2026-05-18 15:24:57,714 [WARN] ApiDb:259 - Overriding images path with different value:  => C:\ST\STM32CubeIDE_1.15.0\STM32CubeIDE\plugins\com.st.stm32cube.common.mx_6.13.0.202411220809\\db\/plugins/mcufinder/images/
2026-05-18 15:24:57,724 [INFO] ApiDb:250 - Set database path to: C:\Users\mouns\.stmcufinder\plugins\mcufinder//mcu/
2026-05-18 15:24:57,727 [INFO] DbMcusAds:125 - Set database path to: C:\Users\mouns\.stmcufinder\plugins\mcufinder//mcu/
2026-05-18 15:24:57,730 [INFO] CrossReferenceDbSqlite:203 - Set database path to: C:\Users\mouns\.stmcufinder\plugins\mcufinder//mcu/cs/
2026-05-18 15:24:57,947 [INFO] RulesReader:64 - Compatibility file has been processed (297 Rules)
2026-05-18 15:24:58,069 [INFO] DbMcusXml:78 - Set database path to: C:\ST\STM32CubeIDE_1.15.0\STM32CubeIDE\plugins\com.st.stm32cube.common.mx_6.13.0.202411220809\\db\/mcu/
2026-05-18 15:24:58,069 [INFO] ApiDb:274 - Set plugin database path to: C:\ST\STM32CubeIDE_1.15.0\STM32CubeIDE\plugins\com.st.stm32cube.common.mx_6.13.0.202411220809\\db\/plugins/boardmanager/
2026-05-18 15:24:58,069 [INFO] ApiDb:261 - Set plugin images path to: C:\ST\STM32CubeIDE_1.15.0\STM32CubeIDE\plugins\com.st.stm32cube.common.mx_6.13.0.202411220809\\db\/plugins/mcufinder/images/
2026-05-18 15:24:58,070 [WARN] DbFile:41 - Overriding database path with different value: C:\Users\mouns\.stmcufinder\plugins\mcufinder/ => C:\Users\mouns\.stmcufinder\plugins\mcufinder
2026-05-18 15:24:58,071 [INFO] ApiDb:250 - Set database path to: C:\Users\mouns\.stmcufinder\plugins\mcufinder//mcu/
2026-05-18 15:24:58,071 [WARN] DbFile:41 - Overriding database path with different value: C:\Users\mouns\.stmcufinder\plugins\mcufinder/ => C:\Users\mouns\.stmcufinder\plugins\mcufinder
2026-05-18 15:24:58,071 [INFO] DbMcusAds:125 - Set database path to: C:\Users\mouns\.stmcufinder\plugins\mcufinder//mcu/
2026-05-18 15:24:58,071 [WARN] DbFile:41 - Overriding database path with different value: C:\Users\mouns\.stmcufinder\plugins\mcufinder/ => C:\Users\mouns\.stmcufinder\plugins\mcufinder
2026-05-18 15:24:58,071 [WARN] DbFile:41 - Overriding database path with different value: C:\Users\mouns\.stmcufinder\plugins\mcufinder/ => C:\Users\mouns\.stmcufinder\plugins\mcufinder
2026-05-18 15:24:58,071 [INFO] CrossReferenceDbSqlite:203 - Set database path to: C:\Users\mouns\.stmcufinder\plugins\mcufinder//mcu/cs/
2026-05-18 15:24:58,171 [INFO] MainPanel:272 - HeapMemory: 268435456
2026-05-18 15:24:58,271 [INFO] DbMcusXml:78 - Set database path to: C:\ST\STM32CubeIDE_1.15.0\STM32CubeIDE\plugins\com.st.stm32cube.common.mx_6.13.0.202411220809\\db\/mcu/
2026-05-18 15:24:58,271 [INFO] ApiDb:274 - Set plugin database path to: C:\ST\STM32CubeIDE_1.15.0\STM32CubeIDE\plugins\com.st.stm32cube.common.mx_6.13.0.202411220809\\db\/plugins/boardmanager/
2026-05-18 15:24:58,271 [INFO] ApiDb:261 - Set plugin images path to: C:\ST\STM32CubeIDE_1.15.0\STM32CubeIDE\plugins\com.st.stm32cube.common.mx_6.13.0.202411220809\\db\/plugins/mcufinder/images/
2026-05-18 15:24:58,271 [WARN] DbFile:41 - Overriding database path with different value: C:\Users\mouns\.stmcufinder\plugins\mcufinder/ => C:\Users\mouns\.stmcufinder\plugins\mcufinder
2026-05-18 15:24:58,272 [INFO] ApiDb:250 - Set database path to: C:\Users\mouns\.stmcufinder\plugins\mcufinder//mcu/
2026-05-18 15:24:58,272 [WARN] DbFile:41 - Overriding database path with different value: C:\Users\mouns\.stmcufinder\plugins\mcufinder/ => C:\Users\mouns\.stmcufinder\plugins\mcufinder
2026-05-18 15:24:58,272 [INFO] DbMcusAds:125 - Set database path to: C:\Users\mouns\.stmcufinder\plugins\mcufinder//mcu/
2026-05-18 15:24:58,272 [WARN] DbFile:41 - Overriding database path with different value: C:\Users\mouns\.stmcufinder\plugins\mcufinder/ => C:\Users\mouns\.stmcufinder\plugins\mcufinder
2026-05-18 15:24:58,272 [WARN] DbFile:41 - Overriding database path with different value: C:\Users\mouns\.stmcufinder\plugins\mcufinder/ => C:\Users\mouns\.stmcufinder\plugins\mcufinder
2026-05-18 15:24:58,272 [INFO] CrossReferenceDbSqlite:203 - Set database path to: C:\Users\mouns\.stmcufinder\plugins\mcufinder//mcu/cs/
2026-05-18 15:24:58,295 [INFO] ApplicationProperties:184 - Using Application install path: C:\ST\STM32CubeIDE_1.15.0\STM32CubeIDE\plugins\com.st.stm32cube.common.mx_6.13.0.202411220809
2026-05-18 15:24:58,297 [INFO] PluginManage:196 - Search for loadable plugins [exclusion list=, ]
2026-05-18 15:24:58,299 [INFO] PluginManage:310 - Check plugin analytics
2026-05-18 15:24:58,594 [INFO] AnalyticsPlugin:253 - Accepted Software Licenses: 
2026-05-18 15:24:58,594 [INFO] AnalyticsPlugin:255 - Accepted CMSIS Pack Licenses: 
2026-05-18 15:24:58,595 [INFO] AnalyticsPlugin:257 - Accepted Firmware Licenses: 
2026-05-18 15:24:58,600 [INFO] PluginManage:359 - Loaded plugin analytics (category:tool,tabindex:-1)
2026-05-18 15:24:58,601 [INFO] PluginManage:310 - Check plugin cadmodel
2026-05-18 15:24:58,608 [INFO] CADModel:105 - Init CAD model plugin
2026-05-18 15:24:58,609 [INFO] PluginManage:359 - Loaded plugin cadmodel (category:power,tabindex:5)
2026-05-18 15:24:58,609 [INFO] PluginManage:310 - Check plugin clock
2026-05-18 15:24:58,619 [INFO] PluginManage:359 - Loaded plugin clock (category:base,tabindex:2)
2026-05-18 15:24:58,619 [INFO] PluginManage:310 - Check plugin ddr
2026-05-18 15:24:58,622 [INFO] PluginManage:359 - Loaded plugin ddr (category:tool,tabindex:6)
2026-05-18 15:24:58,622 [INFO] PluginManage:310 - Check plugin filemanager
2026-05-18 15:24:58,984 [INFO] PluginManage:359 - Loaded plugin filemanager (category:base,tabindex:10)
2026-05-18 15:24:58,984 [INFO] PluginManage:310 - Check plugin ipmanager
2026-05-18 15:24:58,997 [INFO] PluginManage:359 - Loaded plugin ipmanager (category:base,tabindex:5)
2026-05-18 15:24:58,997 [INFO] PluginManage:310 - Check plugin lpbam
2026-05-18 15:24:59,014 [INFO] PluginManage:359 - Loaded plugin lpbam (category:base,tabindex:0)
2026-05-18 15:24:59,015 [INFO] PluginManage:310 - Check plugin memorymap
2026-05-18 15:24:59,044 [INFO] PluginManage:359 - Loaded plugin memorymap (category:base,tabindex:4)
2026-05-18 15:24:59,044 [INFO] PluginManage:310 - Check plugin pinoutandconfiguration
2026-05-18 15:24:59,057 [INFO] PluginManage:359 - Loaded plugin pinoutandconfiguration (category:base,tabindex:1)
2026-05-18 15:24:59,058 [INFO] PluginManage:310 - Check plugin pinoutconfig
2026-05-18 15:24:59,232 [WARN] SupportedApi:132 - Cannot load RTOS API schema: s4s-elt-must-match.1: The content of 'definitions' must match (annotation?, (simpleType | complexType)?, (unique | key | keyref)*)). A problem was found starting at: attribute.
2026-05-18 15:24:59,421 [INFO] PluginManage:359 - Loaded plugin pinoutconfig (category:base,tabindex:0)
2026-05-18 15:24:59,421 [INFO] PluginManage:310 - Check plugin power
2026-05-18 15:24:59,435 [INFO] PluginManage:359 - Loaded plugin power (category:power,tabindex:4)
2026-05-18 15:24:59,435 [INFO] PluginManage:310 - Check plugin projectmanager
2026-05-18 15:24:59,459 [INFO] PluginManage:359 - Loaded plugin projectmanager (category:projectmanager,tabindex:4)
2026-05-18 15:24:59,459 [INFO] PluginManage:310 - Check plugin rif
2026-05-18 15:24:59,468 [INFO] PluginManage:359 - Loaded plugin rif (category:base,tabindex:3)
2026-05-18 15:24:59,468 [INFO] PluginManage:310 - Check plugin thirdparty
2026-05-18 15:24:59,709 [INFO] PluginManage:359 - Loaded plugin thirdparty (category:base,tabindex:-1)
2026-05-18 15:24:59,709 [INFO] PluginManage:310 - Check plugin tools
2026-05-18 15:24:59,709 [WARN] IntegrityCheckThread:84 - waiting for thirdparty lock release [integrity check]
2026-05-18 15:24:59,710 [INFO] IntegrityCheckThread:86 - entering critical section [integrity check]
2026-05-18 15:24:59,711 [INFO] ThirdPartyUpdaterWithRetryManager:70 - Updater plugin not ready yet. [1/15]
2026-05-18 15:24:59,712 [INFO] PluginManage:359 - Loaded plugin tools (category:base,tabindex:7)
2026-05-18 15:24:59,713 [INFO] PluginManage:310 - Check plugin tutovideos
2026-05-18 15:24:59,889 [INFO] PluginManage:359 - Loaded plugin tutovideos (category:base,tabindex:-1)
2026-05-18 15:24:59,889 [INFO] PluginManage:310 - Check plugin updater
2026-05-18 15:24:59,928 [INFO] PluginManage:359 - Loaded plugin updater (category:base,tabindex:12)
2026-05-18 15:24:59,929 [INFO] PluginManage:310 - Check plugin userauth
2026-05-18 15:24:59,936 [INFO] UserAuth:118 - Init User Auth plugin
2026-05-18 15:24:59,937 [INFO] PluginManage:359 - Loaded plugin userauth (category:base,tabindex:14)
2026-05-18 15:24:59,938 [INFO] PluginManage:283 - PluginManage : Loaded plugins [18]
2026-05-18 15:25:00,295 [INFO] PinOutPanel:1589 - setPackage(No Configuration,No Configuration)
2026-05-18 15:25:00,424 [INFO] CADModel:165 - CPN selected for project level
2026-05-18 15:25:00,425 [INFO] CADModel:114 - Register for checkConnection events
2026-05-18 15:25:00,448 [INFO] IPUIPlugin:80 - create IPUIPlugin
2026-05-18 15:25:00,449 [INFO] PluginManager:220 - loadIPPluginJar : add adc
2026-05-18 15:25:00,456 [INFO] IPUIPlugin:80 - create IPUIPlugin
2026-05-18 15:25:00,457 [INFO] PluginManager:220 - loadIPPluginJar : add aes
2026-05-18 15:25:00,461 [INFO] IPUIPlugin:80 - create IPUIPlugin
2026-05-18 15:25:00,461 [INFO] PluginManager:220 - loadIPPluginJar : add can
2026-05-18 15:25:00,464 [INFO] IPUIPlugin:80 - create IPUIPlugin
2026-05-18 15:25:00,464 [INFO] PluginManager:220 - loadIPPluginJar : add comp
2026-05-18 15:25:00,468 [INFO] IPUIPlugin:80 - create IPUIPlugin
2026-05-18 15:25:00,469 [INFO] PluginManager:220 - loadIPPluginJar : add cryp
2026-05-18 15:25:00,472 [INFO] IPUIPlugin:80 - create IPUIPlugin
2026-05-18 15:25:00,472 [INFO] PluginManager:220 - loadIPPluginJar : add ddr_ctrl_phy
2026-05-18 15:25:00,475 [INFO] IPUIPlugin:80 - create IPUIPlugin
2026-05-18 15:25:00,475 [INFO] PluginManager:220 - loadIPPluginJar : add dfsdm
2026-05-18 15:25:00,482 [INFO] IPUIPlugin:80 - create IPUIPlugin
2026-05-18 15:25:00,482 [INFO] PluginManager:220 - loadIPPluginJar : add dma
2026-05-18 15:25:00,485 [INFO] IPUIPlugin:80 - create IPUIPlugin
2026-05-18 15:25:00,486 [INFO] PluginManager:220 - loadIPPluginJar : add dma3
2026-05-18 15:25:00,489 [INFO] IPUIPlugin:80 - create IPUIPlugin
2026-05-18 15:25:00,489 [INFO] PluginManager:220 - loadIPPluginJar : add extmemmanager
2026-05-18 15:25:00,492 [INFO] IPUIPlugin:80 - create IPUIPlugin
2026-05-18 15:25:00,492 [INFO] PluginManager:220 - loadIPPluginJar : add fatfs
2026-05-18 15:25:00,498 [INFO] IPUIPlugin:80 - create IPUIPlugin
2026-05-18 15:25:00,498 [INFO] PluginManager:220 - loadIPPluginJar : add fmc
2026-05-18 15:25:00,506 [INFO] IPUIPlugin:80 - create IPUIPlugin
2026-05-18 15:25:00,507 [INFO] PluginManager:220 - loadIPPluginJar : add freertos
2026-05-18 15:25:00,509 [INFO] IPUIPlugin:80 - create IPUIPlugin
2026-05-18 15:25:00,509 [INFO] PluginManager:220 - loadIPPluginJar : add genericplugin
2026-05-18 15:25:00,512 [INFO] IPUIPlugin:80 - create IPUIPlugin
2026-05-18 15:25:00,512 [INFO] PluginManager:220 - loadIPPluginJar : add gfxmmu
2026-05-18 15:25:00,518 [INFO] IPUIPlugin:80 - create IPUIPlugin
2026-05-18 15:25:00,519 [INFO] PluginManager:220 - loadIPPluginJar : add gic
2026-05-18 15:25:00,525 [INFO] IPUIPlugin:80 - create IPUIPlugin
2026-05-18 15:25:00,525 [INFO] PluginManager:220 - loadIPPluginJar : add gpio
2026-05-18 15:25:00,529 [INFO] IPUIPlugin:80 - create IPUIPlugin
2026-05-18 15:25:00,529 [INFO] PluginManager:220 - loadIPPluginJar : add gtzc
2026-05-18 15:25:00,532 [INFO] IPUIPlugin:80 - create IPUIPlugin
2026-05-18 15:25:00,533 [INFO] PluginManager:220 - loadIPPluginJar : add hash
2026-05-18 15:25:00,537 [INFO] IPUIPlugin:80 - create IPUIPlugin
2026-05-18 15:25:00,537 [INFO] PluginManager:220 - loadIPPluginJar : add i2c
2026-05-18 15:25:00,541 [INFO] IPUIPlugin:80 - create IPUIPlugin
2026-05-18 15:25:00,541 [INFO] PluginManager:220 - loadIPPluginJar : add i2s
2026-05-18 15:25:00,545 [INFO] IPUIPlugin:80 - create IPUIPlugin
2026-05-18 15:25:00,545 [INFO] PluginManager:220 - loadIPPluginJar : add i3c
2026-05-18 15:25:00,550 [INFO] IPUIPlugin:80 - create IPUIPlugin
2026-05-18 15:25:00,551 [INFO] PluginManager:220 - loadIPPluginJar : add ipddr
2026-05-18 15:25:00,560 [INFO] IPUIPlugin:80 - create IPUIPlugin
2026-05-18 15:25:00,561 [INFO] PluginManager:220 - loadIPPluginJar : add linkedlist
2026-05-18 15:25:00,565 [INFO] IPUIPlugin:80 - create IPUIPlugin
2026-05-18 15:25:00,566 [INFO] PluginManager:220 - loadIPPluginJar : add lorawan
2026-05-18 15:25:00,568 [INFO] IPUIPlugin:80 - create IPUIPlugin
2026-05-18 15:25:00,568 [INFO] PluginManager:220 - loadIPPluginJar : add ltdc
2026-05-18 15:25:00,576 [INFO] IPUIPlugin:80 - create IPUIPlugin
2026-05-18 15:25:00,576 [INFO] PluginManager:220 - loadIPPluginJar : add mdma
2026-05-18 15:25:00,580 [INFO] IPUIPlugin:80 - create IPUIPlugin
2026-05-18 15:25:00,580 [INFO] PluginManager:220 - loadIPPluginJar : add nvic
2026-05-18 15:25:00,584 [INFO] IPUIPlugin:80 - create IPUIPlugin
2026-05-18 15:25:00,584 [INFO] PluginManager:220 - loadIPPluginJar : add opamp
2026-05-18 15:25:00,588 [INFO] IPUIPlugin:80 - create IPUIPlugin
2026-05-18 15:25:00,589 [INFO] PluginManager:220 - loadIPPluginJar : add openamp
2026-05-18 15:25:00,593 [INFO] IPUIPlugin:80 - create IPUIPlugin
2026-05-18 15:25:00,593 [INFO] PluginManager:220 - loadIPPluginJar : add pdm2pcm
2026-05-18 15:25:00,601 [INFO] IPUIPlugin:80 - create IPUIPlugin
2026-05-18 15:25:00,605 [INFO] PluginManager:220 - loadIPPluginJar : add plateformsettings
2026-05-18 15:25:00,607 [INFO] IPUIPlugin:80 - create IPUIPlugin
2026-05-18 15:25:00,608 [INFO] PluginManager:220 - loadIPPluginJar : add quadspi
2026-05-18 15:25:00,610 [INFO] IPUIPlugin:80 - create IPUIPlugin
2026-05-18 15:25:00,611 [INFO] PluginManager:220 - loadIPPluginJar : add radio
2026-05-18 15:25:00,615 [INFO] IPUIPlugin:80 - create IPUIPlugin
2026-05-18 15:25:00,615 [INFO] PluginManager:220 - loadIPPluginJar : add resmgrutility
2026-05-18 15:25:00,620 [INFO] IPUIPlugin:80 - create IPUIPlugin
2026-05-18 15:25:00,621 [INFO] PluginManager:220 - loadIPPluginJar : add sai
2026-05-18 15:25:00,624 [INFO] IPUIPlugin:80 - create IPUIPlugin
2026-05-18 15:25:00,624 [INFO] PluginManager:220 - loadIPPluginJar : add spi
2026-05-18 15:25:00,631 [INFO] IPUIPlugin:80 - create IPUIPlugin
2026-05-18 15:25:00,631 [INFO] PluginManager:220 - loadIPPluginJar : add stm32_wpan
2026-05-18 15:25:00,634 [INFO] IPUIPlugin:80 - create IPUIPlugin
2026-05-18 15:25:00,634 [INFO] PluginManager:220 - loadIPPluginJar : add tim
2026-05-18 15:25:00,638 [INFO] IPUIPlugin:80 - create IPUIPlugin
2026-05-18 15:25:00,638 [INFO] PluginManager:220 - loadIPPluginJar : add touchsensing
2026-05-18 15:25:00,640 [INFO] IPUIPlugin:80 - create IPUIPlugin
2026-05-18 15:25:00,640 [INFO] PluginManager:220 - loadIPPluginJar : add tracer_emb
2026-05-18 15:25:00,642 [INFO] IPUIPlugin:80 - create IPUIPlugin
2026-05-18 15:25:00,643 [INFO] PluginManager:220 - loadIPPluginJar : add ts
2026-05-18 15:25:00,645 [INFO] IPUIPlugin:80 - create IPUIPlugin
2026-05-18 15:25:00,645 [INFO] PluginManager:220 - loadIPPluginJar : add tsc
2026-05-18 15:25:00,648 [INFO] IPUIPlugin:80 - create IPUIPlugin
2026-05-18 15:25:00,648 [INFO] PluginManager:220 - loadIPPluginJar : add ucpd
2026-05-18 15:25:00,652 [INFO] IPUIPlugin:80 - create IPUIPlugin
2026-05-18 15:25:00,652 [INFO] PluginManager:220 - loadIPPluginJar : add usart
2026-05-18 15:25:00,657 [INFO] IPUIPlugin:80 - create IPUIPlugin
2026-05-18 15:25:00,657 [INFO] PluginManager:220 - loadIPPluginJar : add usbx
2026-05-18 15:25:01,228 [FATAL] Updater:351 - Updater called before beeing initialized
2026-05-18 15:25:01,427 [INFO] RulesReader:64 - Compatibility file has been processed (297 Rules)
2026-05-18 15:25:01,449 [INFO] RulesReader:64 - Compatibility file has been processed (297 Rules)
2026-05-18 15:25:01,460 [INFO] CADModel:165 - CPN selected for project level
2026-05-18 15:25:01,461 [INFO] CADModel:114 - Register for checkConnection events
2026-05-18 15:25:01,461 [FATAL] Updater:351 - Updater called before beeing initialized
2026-05-18 15:25:01,461 [ERROR] CADModel:125 - Updater not yet initialized, retry later 
2026-05-18 15:25:02,074 [FATAL] Updater:351 - Updater called before beeing initialized
2026-05-18 15:25:02,076 [INFO] CADModel:165 - CPN selected for project level
2026-05-18 15:25:02,077 [INFO] CADModel:114 - Register for checkConnection events
2026-05-18 15:25:02,077 [FATAL] Updater:351 - Updater called before beeing initialized
2026-05-18 15:25:02,077 [ERROR] CADModel:125 - Updater not yet initialized, retry later 
2026-05-18 15:25:02,084 [FATAL] Updater:351 - Updater called before beeing initialized
2026-05-18 15:25:02,493 [FATAL] Updater:351 - Updater called before beeing initialized
2026-05-18 15:25:02,501 [INFO] DbMcusAds:53 - JSON generation date=Fri Apr 10 11:19:02 CEST 2026 (1775812742310)
2026-05-18 15:25:02,502 [FATAL] Updater:351 - Updater called before beeing initialized
2026-05-18 15:25:02,600 [WARN] DetailPanel:346 - Failed to get advertising image, set to default
2026-05-18 15:25:02,713 [INFO] ThirdPartyUpdaterWithRetryManager:70 - Updater plugin not ready yet. [2/15]
2026-05-18 15:27:10,106 [INFO] Activator:176 - 


2026-05-18 15:27:10,108 [INFO] Activator:177 - !SESSION log4j initialized
2026-05-18 15:27:13,925 [INFO] LogOutputStream:77 - [STDOUT_REDIRECT] 
2026-05-18 15:27:28,010 [INFO] ApplicationProperties:184 - Using Application install path: C:\ST\STM32CubeIDE_1.15.0\STM32CubeIDE\plugins\com.st.stm32cube.common.mx_6.13.0.202411220809
2026-05-18 15:27:28,030 [INFO] DbMcusXml:78 - Set database path to: C:\ST\STM32CubeIDE_1.15.0\STM32CubeIDE\plugins\com.st.stm32cube.common.mx_6.13.0.202411220809\\db\/mcu/
2026-05-18 15:27:28,031 [INFO] ApiDb:274 - Set plugin database path to: C:\ST\STM32CubeIDE_1.15.0\STM32CubeIDE\plugins\com.st.stm32cube.common.mx_6.13.0.202411220809\\db\/plugins/boardmanager/
2026-05-18 15:27:28,031 [WARN] ApiDb:259 - Overriding images path with different value:  => C:\ST\STM32CubeIDE_1.15.0\STM32CubeIDE\plugins\com.st.stm32cube.common.mx_6.13.0.202411220809\\db\/plugins/mcufinder/images/
2026-05-18 15:27:28,039 [INFO] ApiDb:250 - Set database path to: C:\Users\mouns\.stmcufinder\plugins\mcufinder//mcu/
2026-05-18 15:27:28,041 [INFO] DbMcusAds:125 - Set database path to: C:\Users\mouns\.stmcufinder\plugins\mcufinder//mcu/
2026-05-18 15:27:28,049 [INFO] CrossReferenceDbSqlite:203 - Set database path to: C:\Users\mouns\.stmcufinder\plugins\mcufinder//mcu/cs/
2026-05-18 15:27:28,263 [INFO] RulesReader:64 - Compatibility file has been processed (297 Rules)
2026-05-18 15:27:28,409 [INFO] DbMcusXml:78 - Set database path to: C:\ST\STM32CubeIDE_1.15.0\STM32CubeIDE\plugins\com.st.stm32cube.common.mx_6.13.0.202411220809\\db\/mcu/
2026-05-18 15:27:28,409 [INFO] ApiDb:274 - Set plugin database path to: C:\ST\STM32CubeIDE_1.15.0\STM32CubeIDE\plugins\com.st.stm32cube.common.mx_6.13.0.202411220809\\db\/plugins/boardmanager/
2026-05-18 15:27:28,410 [INFO] ApiDb:261 - Set plugin images path to: C:\ST\STM32CubeIDE_1.15.0\STM32CubeIDE\plugins\com.st.stm32cube.common.mx_6.13.0.202411220809\\db\/plugins/mcufinder/images/
2026-05-18 15:27:28,410 [WARN] DbFile:41 - Overriding database path with different value: C:\Users\mouns\.stmcufinder\plugins\mcufinder/ => C:\Users\mouns\.stmcufinder\plugins\mcufinder
2026-05-18 15:27:28,410 [INFO] ApiDb:250 - Set database path to: C:\Users\mouns\.stmcufinder\plugins\mcufinder//mcu/
2026-05-18 15:27:28,410 [WARN] DbFile:41 - Overriding database path with different value: C:\Users\mouns\.stmcufinder\plugins\mcufinder/ => C:\Users\mouns\.stmcufinder\plugins\mcufinder
2026-05-18 15:27:28,410 [INFO] DbMcusAds:125 - Set database path to: C:\Users\mouns\.stmcufinder\plugins\mcufinder//mcu/
2026-05-18 15:27:28,411 [WARN] DbFile:41 - Overriding database path with different value: C:\Users\mouns\.stmcufinder\plugins\mcufinder/ => C:\Users\mouns\.stmcufinder\plugins\mcufinder
2026-05-18 15:27:28,411 [WARN] DbFile:41 - Overriding database path with different value: C:\Users\mouns\.stmcufinder\plugins\mcufinder/ => C:\Users\mouns\.stmcufinder\plugins\mcufinder
2026-05-18 15:27:28,411 [INFO] CrossReferenceDbSqlite:203 - Set database path to: C:\Users\mouns\.stmcufinder\plugins\mcufinder//mcu/cs/
2026-05-18 15:27:28,538 [INFO] MainPanel:272 - HeapMemory: 268435456
2026-05-18 15:27:28,729 [INFO] DbMcusXml:78 - Set database path to: C:\ST\STM32CubeIDE_1.15.0\STM32CubeIDE\plugins\com.st.stm32cube.common.mx_6.13.0.202411220809\\db\/mcu/
2026-05-18 15:27:28,729 [INFO] ApiDb:274 - Set plugin database path to: C:\ST\STM32CubeIDE_1.15.0\STM32CubeIDE\plugins\com.st.stm32cube.common.mx_6.13.0.202411220809\\db\/plugins/boardmanager/
2026-05-18 15:27:28,729 [INFO] ApiDb:261 - Set plugin images path to: C:\ST\STM32CubeIDE_1.15.0\STM32CubeIDE\plugins\com.st.stm32cube.common.mx_6.13.0.202411220809\\db\/plugins/mcufinder/images/
2026-05-18 15:27:28,731 [WARN] DbFile:41 - Overriding database path with different value: C:\Users\mouns\.stmcufinder\plugins\mcufinder/ => C:\Users\mouns\.stmcufinder\plugins\mcufinder
2026-05-18 15:27:28,731 [INFO] ApiDb:250 - Set database path to: C:\Users\mouns\.stmcufinder\plugins\mcufinder//mcu/
2026-05-18 15:27:28,731 [WARN] DbFile:41 - Overriding database path with different value: C:\Users\mouns\.stmcufinder\plugins\mcufinder/ => C:\Users\mouns\.stmcufinder\plugins\mcufinder
2026-05-18 15:27:28,732 [INFO] DbMcusAds:125 - Set database path to: C:\Users\mouns\.stmcufinder\plugins\mcufinder//mcu/
2026-05-18 15:27:28,732 [WARN] DbFile:41 - Overriding database path with different value: C:\Users\mouns\.stmcufinder\plugins\mcufinder/ => C:\Users\mouns\.stmcufinder\plugins\mcufinder
2026-05-18 15:27:28,733 [WARN] DbFile:41 - Overriding database path with different value: C:\Users\mouns\.stmcufinder\plugins\mcufinder/ => C:\Users\mouns\.stmcufinder\plugins\mcufinder
2026-05-18 15:27:28,733 [INFO] CrossReferenceDbSqlite:203 - Set database path to: C:\Users\mouns\.stmcufinder\plugins\mcufinder//mcu/cs/
2026-05-18 15:27:28,760 [INFO] ApplicationProperties:184 - Using Application install path: C:\ST\STM32CubeIDE_1.15.0\STM32CubeIDE\plugins\com.st.stm32cube.common.mx_6.13.0.202411220809
2026-05-18 15:27:28,762 [INFO] PluginManage:196 - Search for loadable plugins [exclusion list=, ]
2026-05-18 15:27:28,764 [INFO] PluginManage:310 - Check plugin analytics
2026-05-18 15:27:29,213 [INFO] AnalyticsPlugin:253 - Accepted Software Licenses: 
2026-05-18 15:27:29,213 [INFO] AnalyticsPlugin:255 - Accepted CMSIS Pack Licenses: 
2026-05-18 15:27:29,214 [INFO] AnalyticsPlugin:257 - Accepted Firmware Licenses: 
2026-05-18 15:27:29,218 [INFO] PluginManage:359 - Loaded plugin analytics (category:tool,tabindex:-1)
2026-05-18 15:27:29,219 [INFO] PluginManage:310 - Check plugin cadmodel
2026-05-18 15:27:29,224 [INFO] CADModel:105 - Init CAD model plugin
2026-05-18 15:27:29,224 [INFO] PluginManage:359 - Loaded plugin cadmodel (category:power,tabindex:5)
2026-05-18 15:27:29,225 [INFO] PluginManage:310 - Check plugin clock
2026-05-18 15:27:29,236 [INFO] PluginManage:359 - Loaded plugin clock (category:base,tabindex:2)
2026-05-18 15:27:29,236 [INFO] PluginManage:310 - Check plugin ddr
2026-05-18 15:27:29,239 [INFO] PluginManage:359 - Loaded plugin ddr (category:tool,tabindex:6)
2026-05-18 15:27:29,239 [INFO] PluginManage:310 - Check plugin filemanager
2026-05-18 15:27:29,540 [INFO] PluginManage:359 - Loaded plugin filemanager (category:base,tabindex:10)
2026-05-18 15:27:29,541 [INFO] PluginManage:310 - Check plugin ipmanager
2026-05-18 15:27:29,553 [INFO] PluginManage:359 - Loaded plugin ipmanager (category:base,tabindex:5)
2026-05-18 15:27:29,553 [INFO] PluginManage:310 - Check plugin lpbam
2026-05-18 15:27:29,571 [INFO] PluginManage:359 - Loaded plugin lpbam (category:base,tabindex:0)
2026-05-18 15:27:29,571 [INFO] PluginManage:310 - Check plugin memorymap
2026-05-18 15:27:29,638 [INFO] PluginManage:359 - Loaded plugin memorymap (category:base,tabindex:4)
2026-05-18 15:27:29,639 [INFO] PluginManage:310 - Check plugin pinoutandconfiguration
2026-05-18 15:27:29,658 [INFO] PluginManage:359 - Loaded plugin pinoutandconfiguration (category:base,tabindex:1)
2026-05-18 15:27:29,658 [INFO] PluginManage:310 - Check plugin pinoutconfig
2026-05-18 15:27:29,808 [WARN] SupportedApi:132 - Cannot load RTOS API schema: s4s-elt-must-match.1: The content of 'definitions' must match (annotation?, (simpleType | complexType)?, (unique | key | keyref)*)). A problem was found starting at: attribute.
2026-05-18 15:27:30,053 [INFO] PluginManage:359 - Loaded plugin pinoutconfig (category:base,tabindex:0)
2026-05-18 15:27:30,053 [INFO] PluginManage:310 - Check plugin power
2026-05-18 15:27:30,065 [INFO] PluginManage:359 - Loaded plugin power (category:power,tabindex:4)
2026-05-18 15:27:30,065 [INFO] PluginManage:310 - Check plugin projectmanager
2026-05-18 15:27:30,092 [INFO] PluginManage:359 - Loaded plugin projectmanager (category:projectmanager,tabindex:4)
2026-05-18 15:27:30,092 [INFO] PluginManage:310 - Check plugin rif
2026-05-18 15:27:30,101 [INFO] PluginManage:359 - Loaded plugin rif (category:base,tabindex:3)
2026-05-18 15:27:30,101 [INFO] PluginManage:310 - Check plugin thirdparty
2026-05-18 15:27:30,460 [INFO] PluginManage:359 - Loaded plugin thirdparty (category:base,tabindex:-1)
2026-05-18 15:27:30,461 [INFO] PluginManage:310 - Check plugin tools
2026-05-18 15:27:30,467 [INFO] PluginManage:359 - Loaded plugin tools (category:base,tabindex:7)
2026-05-18 15:27:30,467 [INFO] PluginManage:310 - Check plugin tutovideos
2026-05-18 15:27:30,478 [WARN] IntegrityCheckThread:84 - waiting for thirdparty lock release [integrity check]
2026-05-18 15:27:30,479 [INFO] IntegrityCheckThread:86 - entering critical section [integrity check]
2026-05-18 15:27:30,482 [INFO] ThirdPartyUpdaterWithRetryManager:70 - Updater plugin not ready yet. [1/15]
2026-05-18 15:27:30,816 [INFO] PluginManage:359 - Loaded plugin tutovideos (category:base,tabindex:-1)
2026-05-18 15:27:30,816 [INFO] PluginManage:310 - Check plugin updater
2026-05-18 15:27:30,930 [INFO] PluginManage:359 - Loaded plugin updater (category:base,tabindex:12)
2026-05-18 15:27:30,930 [INFO] PluginManage:310 - Check plugin userauth
2026-05-18 15:27:30,942 [INFO] UserAuth:118 - Init User Auth plugin
2026-05-18 15:27:30,943 [INFO] PluginManage:359 - Loaded plugin userauth (category:base,tabindex:14)
2026-05-18 15:27:30,944 [INFO] PluginManage:283 - PluginManage : Loaded plugins [18]
2026-05-18 15:27:31,305 [INFO] PinOutPanel:1589 - setPackage(No Configuration,No Configuration)
2026-05-18 15:27:31,457 [INFO] CADModel:165 - CPN selected for project level
2026-05-18 15:27:31,457 [INFO] CADModel:114 - Register for checkConnection events
2026-05-18 15:27:31,480 [INFO] IPUIPlugin:80 - create IPUIPlugin
2026-05-18 15:27:31,481 [INFO] PluginManager:220 - loadIPPluginJar : add adc
2026-05-18 15:27:31,485 [INFO] IPUIPlugin:80 - create IPUIPlugin
2026-05-18 15:27:31,485 [INFO] PluginManager:220 - loadIPPluginJar : add aes
2026-05-18 15:27:31,489 [INFO] IPUIPlugin:80 - create IPUIPlugin
2026-05-18 15:27:31,489 [INFO] PluginManager:220 - loadIPPluginJar : add can
2026-05-18 15:27:31,492 [INFO] IPUIPlugin:80 - create IPUIPlugin
2026-05-18 15:27:31,492 [INFO] PluginManager:220 - loadIPPluginJar : add comp
2026-05-18 15:27:31,495 [INFO] IPUIPlugin:80 - create IPUIPlugin
2026-05-18 15:27:31,496 [INFO] PluginManager:220 - loadIPPluginJar : add cryp
2026-05-18 15:27:31,499 [INFO] IPUIPlugin:80 - create IPUIPlugin
2026-05-18 15:27:31,499 [INFO] PluginManager:220 - loadIPPluginJar : add ddr_ctrl_phy
2026-05-18 15:27:31,506 [INFO] IPUIPlugin:80 - create IPUIPlugin
2026-05-18 15:27:31,506 [INFO] PluginManager:220 - loadIPPluginJar : add dfsdm
2026-05-18 15:27:31,513 [INFO] IPUIPlugin:80 - create IPUIPlugin
2026-05-18 15:27:31,513 [INFO] PluginManager:220 - loadIPPluginJar : add dma
2026-05-18 15:27:31,517 [INFO] IPUIPlugin:80 - create IPUIPlugin
2026-05-18 15:27:31,517 [INFO] PluginManager:220 - loadIPPluginJar : add dma3
2026-05-18 15:27:31,521 [INFO] IPUIPlugin:80 - create IPUIPlugin
2026-05-18 15:27:31,521 [INFO] PluginManager:220 - loadIPPluginJar : add extmemmanager
2026-05-18 15:27:31,523 [INFO] IPUIPlugin:80 - create IPUIPlugin
2026-05-18 15:27:31,523 [INFO] PluginManager:220 - loadIPPluginJar : add fatfs
2026-05-18 15:27:31,529 [INFO] IPUIPlugin:80 - create IPUIPlugin
2026-05-18 15:27:31,529 [INFO] PluginManager:220 - loadIPPluginJar : add fmc
2026-05-18 15:27:31,538 [INFO] IPUIPlugin:80 - create IPUIPlugin
2026-05-18 15:27:31,538 [INFO] PluginManager:220 - loadIPPluginJar : add freertos
2026-05-18 15:27:31,540 [INFO] IPUIPlugin:80 - create IPUIPlugin
2026-05-18 15:27:31,540 [INFO] PluginManager:220 - loadIPPluginJar : add genericplugin
2026-05-18 15:27:31,543 [INFO] IPUIPlugin:80 - create IPUIPlugin
2026-05-18 15:27:31,543 [INFO] PluginManager:220 - loadIPPluginJar : add gfxmmu
2026-05-18 15:27:31,550 [INFO] IPUIPlugin:80 - create IPUIPlugin
2026-05-18 15:27:31,550 [INFO] PluginManager:220 - loadIPPluginJar : add gic
2026-05-18 15:27:31,556 [INFO] IPUIPlugin:80 - create IPUIPlugin
2026-05-18 15:27:31,556 [INFO] PluginManager:220 - loadIPPluginJar : add gpio
2026-05-18 15:27:31,560 [INFO] IPUIPlugin:80 - create IPUIPlugin
2026-05-18 15:27:31,560 [INFO] PluginManager:220 - loadIPPluginJar : add gtzc
2026-05-18 15:27:31,563 [INFO] IPUIPlugin:80 - create IPUIPlugin
2026-05-18 15:27:31,563 [INFO] PluginManager:220 - loadIPPluginJar : add hash
2026-05-18 15:27:31,568 [INFO] IPUIPlugin:80 - create IPUIPlugin
2026-05-18 15:27:31,568 [INFO] PluginManager:220 - loadIPPluginJar : add i2c
2026-05-18 15:27:31,572 [INFO] IPUIPlugin:80 - create IPUIPlugin
2026-05-18 15:27:31,572 [INFO] PluginManager:220 - loadIPPluginJar : add i2s
2026-05-18 15:27:31,576 [INFO] IPUIPlugin:80 - create IPUIPlugin
2026-05-18 15:27:31,576 [INFO] PluginManager:220 - loadIPPluginJar : add i3c
2026-05-18 15:27:31,581 [INFO] IPUIPlugin:80 - create IPUIPlugin
2026-05-18 15:27:31,581 [INFO] PluginManager:220 - loadIPPluginJar : add ipddr
2026-05-18 15:27:31,590 [INFO] IPUIPlugin:80 - create IPUIPlugin
2026-05-18 15:27:31,590 [INFO] PluginManager:220 - loadIPPluginJar : add linkedlist
2026-05-18 15:27:31,594 [INFO] IPUIPlugin:80 - create IPUIPlugin
2026-05-18 15:27:31,594 [INFO] PluginManager:220 - loadIPPluginJar : add lorawan
2026-05-18 15:27:31,597 [INFO] IPUIPlugin:80 - create IPUIPlugin
2026-05-18 15:27:31,597 [INFO] PluginManager:220 - loadIPPluginJar : add ltdc
2026-05-18 15:27:31,605 [INFO] IPUIPlugin:80 - create IPUIPlugin
2026-05-18 15:27:31,606 [INFO] PluginManager:220 - loadIPPluginJar : add mdma
2026-05-18 15:27:31,611 [INFO] IPUIPlugin:80 - create IPUIPlugin
2026-05-18 15:27:31,611 [INFO] PluginManager:220 - loadIPPluginJar : add nvic
2026-05-18 15:27:31,615 [INFO] IPUIPlugin:80 - create IPUIPlugin
2026-05-18 15:27:31,615 [INFO] PluginManager:220 - loadIPPluginJar : add opamp
2026-05-18 15:27:31,620 [INFO] IPUIPlugin:80 - create IPUIPlugin
2026-05-18 15:27:31,620 [INFO] PluginManager:220 - loadIPPluginJar : add openamp
2026-05-18 15:27:31,624 [INFO] IPUIPlugin:80 - create IPUIPlugin
2026-05-18 15:27:31,624 [INFO] PluginManager:220 - loadIPPluginJar : add pdm2pcm
2026-05-18 15:27:31,633 [INFO] IPUIPlugin:80 - create IPUIPlugin
2026-05-18 15:27:31,637 [INFO] PluginManager:220 - loadIPPluginJar : add plateformsettings
2026-05-18 15:27:31,639 [INFO] IPUIPlugin:80 - create IPUIPlugin
2026-05-18 15:27:31,639 [INFO] PluginManager:220 - loadIPPluginJar : add quadspi
2026-05-18 15:27:31,642 [INFO] IPUIPlugin:80 - create IPUIPlugin
2026-05-18 15:27:31,643 [INFO] PluginManager:220 - loadIPPluginJar : add radio
2026-05-18 15:27:31,647 [INFO] IPUIPlugin:80 - create IPUIPlugin
2026-05-18 15:27:31,647 [INFO] PluginManager:220 - loadIPPluginJar : add resmgrutility
2026-05-18 15:27:31,651 [INFO] IPUIPlugin:80 - create IPUIPlugin
2026-05-18 15:27:31,652 [INFO] PluginManager:220 - loadIPPluginJar : add sai
2026-05-18 15:27:31,655 [INFO] IPUIPlugin:80 - create IPUIPlugin
2026-05-18 15:27:31,655 [INFO] PluginManager:220 - loadIPPluginJar : add spi
2026-05-18 15:27:31,662 [INFO] IPUIPlugin:80 - create IPUIPlugin
2026-05-18 15:27:31,662 [INFO] PluginManager:220 - loadIPPluginJar : add stm32_wpan
2026-05-18 15:27:31,665 [INFO] IPUIPlugin:80 - create IPUIPlugin
2026-05-18 15:27:31,665 [INFO] PluginManager:220 - loadIPPluginJar : add tim
2026-05-18 15:27:31,670 [INFO] IPUIPlugin:80 - create IPUIPlugin
2026-05-18 15:27:31,670 [INFO] PluginManager:220 - loadIPPluginJar : add touchsensing
2026-05-18 15:27:31,673 [INFO] IPUIPlugin:80 - create IPUIPlugin
2026-05-18 15:27:31,673 [INFO] PluginManager:220 - loadIPPluginJar : add tracer_emb
2026-05-18 15:27:31,676 [INFO] IPUIPlugin:80 - create IPUIPlugin
2026-05-18 15:27:31,676 [INFO] PluginManager:220 - loadIPPluginJar : add ts
2026-05-18 15:27:31,679 [INFO] IPUIPlugin:80 - create IPUIPlugin
2026-05-18 15:27:31,679 [INFO] PluginManager:220 - loadIPPluginJar : add tsc
2026-05-18 15:27:31,682 [INFO] IPUIPlugin:80 - create IPUIPlugin
2026-05-18 15:27:31,682 [INFO] PluginManager:220 - loadIPPluginJar : add ucpd
2026-05-18 15:27:31,686 [INFO] IPUIPlugin:80 - create IPUIPlugin
2026-05-18 15:27:31,686 [INFO] PluginManager:220 - loadIPPluginJar : add usart
2026-05-18 15:27:31,690 [INFO] IPUIPlugin:80 - create IPUIPlugin
2026-05-18 15:27:31,691 [INFO] PluginManager:220 - loadIPPluginJar : add usbx
2026-05-18 15:27:32,233 [FATAL] Updater:351 - Updater called before beeing initialized
2026-05-18 15:27:32,437 [INFO] RulesReader:64 - Compatibility file has been processed (297 Rules)
2026-05-18 15:27:32,543 [INFO] RulesReader:64 - Compatibility file has been processed (297 Rules)
2026-05-18 15:27:32,681 [INFO] CADModel:165 - CPN selected for project level
2026-05-18 15:27:32,681 [INFO] CADModel:114 - Register for checkConnection events
2026-05-18 15:27:32,681 [FATAL] Updater:351 - Updater called before beeing initialized
2026-05-18 15:27:32,681 [ERROR] CADModel:125 - Updater not yet initialized, retry later 
2026-05-18 15:27:33,060 [FATAL] Updater:351 - Updater called before beeing initialized
2026-05-18 15:27:33,063 [INFO] CADModel:165 - CPN selected for project level
2026-05-18 15:27:33,063 [INFO] CADModel:114 - Register for checkConnection events
2026-05-18 15:27:33,063 [FATAL] Updater:351 - Updater called before beeing initialized
2026-05-18 15:27:33,063 [ERROR] CADModel:125 - Updater not yet initialized, retry later 
2026-05-18 15:27:33,069 [FATAL] Updater:351 - Updater called before beeing initialized
2026-05-18 15:27:33,644 [FATAL] Updater:351 - Updater called before beeing initialized
2026-05-18 15:27:33,701 [INFO] DbMcusAds:53 - JSON generation date=Fri Apr 10 11:19:02 CEST 2026 (1775812742310)
2026-05-18 15:27:33,705 [FATAL] Updater:351 - Updater called before beeing initialized
2026-05-18 15:27:33,671 [INFO] ThirdPartyUpdaterWithRetryManager:70 - Updater plugin not ready yet. [2/15]
2026-05-18 15:27:33,802 [WARN] DetailPanel:346 - Failed to get advertising image, set to default
2026-05-18 15:27:34,794 [FATAL] Updater:351 - Updater called before beeing initialized
2026-05-18 15:27:34,813 [FATAL] Updater:351 - Updater called before beeing initialized
2026-05-18 15:27:34,816 [FATAL] Updater:351 - Updater called before beeing initialized
2026-05-18 15:27:34,816 [WARN] DetailPanel:346 - Failed to get advertising image, set to default
2026-05-18 15:27:34,820 [FATAL] Updater:351 - Updater called before beeing initialized
2026-05-18 15:27:35,160 [ERROR] Updater:1198 - MainUpdater not yet initialized. External WinMGr cannot be set.
2026-05-18 15:27:35,163 [INFO] Updater:1134 - Updater Version found : 6.13.0
2026-05-18 15:27:35,189 [INFO] ApplicationProperties:184 - Using Application install path: C:\ST\STM32CubeIDE_1.15.0\STM32CubeIDE\plugins\com.st.stm32cube.common.mx_6.13.0.202411220809
2026-05-18 15:27:36,721 [FATAL] Updater:351 - Updater called before beeing initialized
2026-05-18 15:27:36,723 [ERROR] IntegrityCheckThread:130 - Cannot retrieve database content from updater: error 21
2026-05-18 15:27:36,723 [INFO] ThirdParty:978 - Integrity check success = false
2026-05-18 15:27:36,724 [INFO] IntegrityCheckThread:100 - exiting critical section [integrity check]
2026-05-18 15:27:36,724 [INFO] IntegrityCheckThread:103 - End integrity checks thread
2026-05-18 15:27:36,780 [ERROR] LogOutputStream:75 - [STDERR_REDIRECT] May 18, 2026 3:27:36 PM java.util.prefs.WindowsPreferences <init>
2026-05-18 15:27:36,785 [ERROR] LogOutputStream:75 - [STDERR_REDIRECT] WARNING: Could not open/create prefs root node Software\JavaSoft\Prefs at root 0xffffffff80000002. Windows RegCreateKeyEx(...) returned error code 5.
2026-05-18 15:27:36,785 [ERROR] LogOutputStream:75 - [STDERR_REDIRECT] 
2026-05-18 15:27:37,437 [INFO] MainUpdater:2872 - connection check result : 10
2026-05-18 15:27:37,439 [INFO] MainUpdater:289 - Updater Check For Update Now.
2026-05-18 15:27:37,439 [INFO] MicroXplorer:498 - Change Database Version : DB.6.0.130
2026-05-18 15:27:37,616 [INFO] McuFinderGlobals:63 - Set McuFinder mode to 2 (CubeIDE integrated)
2026-05-18 15:27:37,618 [INFO] UserAuth:486 - Internet connection configuration mode: 1
2026-05-18 15:27:37,694 [INFO] JxBrowserEngine:152 - Initiate JxBrowser Engine with user profile folder
2026-05-18 15:27:37,950 [INFO] CheckServerUpdateThread:120 - End of CheckServer Thread
2026-05-18 15:27:39,722 [INFO] WebApp:168 - Instantiating new browser for Auth
2026-05-18 15:27:43,077 [INFO] WebApp:449 - Apply proxy settings
2026-05-18 15:27:43,078 [INFO] WebApp:534 - Chromium requires no authentication
2026-05-18 15:27:43,089 [INFO] WebApp:477 - Direct internet connection detected
2026-05-18 15:27:43,141 [INFO] WebApp:880 - Register for checkConnection events
2026-05-18 15:27:43,141 [INFO] WebApp:449 - Apply proxy settings
2026-05-18 15:27:43,141 [INFO] WebApp:534 - Chromium requires no authentication
2026-05-18 15:27:43,142 [INFO] WebApp:477 - Direct internet connection detected
2026-05-18 15:27:43,447 [INFO] WebApp:221 - Starting web application
2026-05-18 15:27:43,448 [INFO] WebApp:579 - Web application path used C:\ST\STM32CubeIDE_1.15.0\STM32CubeIDE\plugins\com.st.stm32cube.common.mx_6.13.0.202411220809\db\plugins\mcufinder\reactClient1\index.html
2026-05-18 15:27:43,639 [INFO] UserAuth:486 - Internet connection configuration mode: 1
2026-05-18 15:27:44,070 [INFO] WebApp:187 - Connection restablished
